OUTPUT: C:\Users\zhengzihao\Desktop\RL-for-charging-main\mainline_results\20260919_222223_369351
Train Set A, 200 episodes, initial=[0.1, 0.2, 0.3]
A 10/200: reward=-198.65, target=False, safe=False
A 20/200: reward=-140.79, target=False, safe=False
Greedy evaluation: {"scenario": "A", "training_episode": 25, "first_balance_s": null, "soc_target90_s": null, "soc_target_reached": false, "balance_maintained_after_first": false, "max_std_after_first": null, "final_soc_1": 0.36468525883572095, "final_soc_2": 0.333796351460391, "final_soc_3": 0.41081192255290055, "final_soc_std": 0.031645943912863427, "max_voltage_V": 3.7408926581286446, "max_temperature_K": 298.6047608343047, "voltage_violating_cell_intervals": 0, "temperature_violating_cell_intervals": 0, "constraints_satisfied": true, "charging_task_success": false, "numerical_failure": false, "total_charged_Ah": 2.0875000000000004, "terminal_input_Wh": 7.5085131713277145, "lookahead_filter_interventions": 0, "final_time_s": 5400.0}
A 30/200: reward=-121.61, target=False, safe=False
A 40/200: reward=-179.49, target=False, safe=False
A 50/200: reward=-175.38, target=False, safe=False
Greedy evaluation: {"scenario": "A", "training_episode": 50, "first_balance_s": null, "soc_target90_s": null, "soc_target_reached": false, "balance_maintained_after_first": false, "max_std_after_first": null, "final_soc_1": 0.8528825140215971, "final_soc_2": 0.934324161503556, "final_soc_3": 0.3879977032037851, "final_soc_std": 0.2406526377056219, "max_voltage_V": 4.183416521629102, "max_temperature_K": 300.3593926548498, "voltage_violating_cell_intervals": 0, "temperature_violating_cell_intervals": 0, "constraints_satisfied": true, "charging_task_success": false, "numerical_failure": false, "total_charged_Ah": 6.4875, "terminal_input_Wh": 25.015567381271765, "lookahead_filter_interventions": 0, "final_time_s": 5400.0}
A 60/200: reward=-126.76, target=False, safe=False
A 70/200: reward=-223.57, target=False, safe=False
Greedy evaluation: {"scenario": "A", "training_episode": 75, "first_balance_s": 810.0, "soc_target90_s": null, "soc_target_reached": false, "balance_maintained_after_first": false, "max_std_after_first": 0.17828731873889073, "final_soc_1": 0.9705204068374768, "final_soc_2": 0.9156549031602531, "final_soc_3": 0.6324357676585849, "final_soc_std": 0.1481457711013001, "max_voltage_V": 4.313741855736328, "max_temperature_K": 303.1177023772073, "voltage_violating_cell_intervals": 7, "temperature_violating_cell_intervals": 0, "constraints_satisfied": false, "charging_task_success": false, "numerical_failure": false, "total_charged_Ah": 7.85, "terminal_input_Wh": 30.73865635076671, "lookahead_filter_interventions": 0, "final_time_s": 5400.0}
A 80/200: reward=-151.85, target=True, safe=False
A 90/200: reward=-171.57, target=False, safe=False
A 100/200: reward=-203.67, target=False, safe=False
Greedy evaluation: {"scenario": "A", "training_episode": 100, "first_balance_s": 4500.0, "soc_target90_s": 4500.0, "soc_target_reached": true, "balance_maintained_after_first": true, "max_std_after_first": 0.018954918650471407, "final_soc_1": 0.9528747229150853, "final_soc_2": 0.9529934198468734, "final_soc_3": 0.912724748233409, "final_soc_std": 0.018954918650471407, "max_voltage_V": 4.238760008715953, "max_temperature_K": 305.3842341826749, "voltage_violating_cell_intervals": 7, "temperature_violating_cell_intervals": 0, "constraints_satisfied": false, "charging_task_success": false, "numerical_failure": false, "total_charged_Ah": 9.0, "terminal_input_Wh": 35.96333352765247, "lookahead_filter_interventions": 0, "final_time_s": 4500.0}
A 110/200: reward=-66.75, target=True, safe=False
A 120/200: reward=-2091.94, target=False, safe=False
Greedy evaluation: {"scenario": "A", "training_episode": 125, "first_balance_s": 4050.0, "soc_target90_s": 4050.0, "soc_target_reached": true, "balance_maintained_after_first": true, "max_std_after_first": 0.01668250638589043, "final_soc_1": 0.9764023014782619, "final_soc_2": 0.9561049629040967, "final_soc_3": 0.9355389675825104, "final_soc_std": 0.01668250638589043, "max_voltage_V": 4.366681694050737, "max_temperature_K": 305.6308733501794, "voltage_violating_cell_intervals": 18, "temperature_violating_cell_intervals": 0, "constraints_satisfied": false, "charging_task_success": false, "numerical_failure": false, "total_charged_Ah": 9.2, "terminal_input_Wh": 36.88586567131716, "lookahead_filter_interventions": 0, "final_time_s": 4050.0}
A 130/200: reward=-94.00, target=True, safe=False
A 140/200: reward=-81.22, target=True, safe=False
A 150/200: reward=-96.25, target=True, safe=False
Greedy evaluation: {"scenario": "A", "training_episode": 150, "first_balance_s": 3600.0, "soc_target90_s": 3600.0, "soc_target_reached": true, "balance_maintained_after_first": true, "max_std_after_first": 0.013382198705178814, "final_soc_1": 0.964638512196667, "final_soc_2": 0.9529934198468791, "final_soc_3": 0.9322797933897659, "final_soc_std": 0.013382198705178814, "max_voltage_V": 4.343291922076915, "max_temperature_K": 304.85844828732155, "voltage_violating_cell_intervals": 11, "temperature_violating_cell_intervals": 0, "constraints_satisfied": false, "charging_task_success": false, "numerical_failure": false, "total_charged_Ah": 9.125, "terminal_input_Wh": 36.60222269607642, "lookahead_filter_interventions": 0, "final_time_s": 3600.0}
A 160/200: reward=-114.79, target=False, safe=False
A 170/200: reward=-92.81, target=True, safe=False
Greedy evaluation: {"scenario": "A", "training_episode": 175, "first_balance_s": 4410.0, "soc_target90_s": 4410.0, "soc_target_reached": true, "balance_maintained_after_first": true, "max_std_after_first": 0.013551555898067318, "final_soc_1": 0.9558156702354859, "final_soc_2": 0.9529934198468758, "final_soc_3": 0.925761445004331, "final_soc_std": 0.013551555898067318, "max_voltage_V": 4.277570943838787, "max_temperature_K": 304.63028484115557, "voltage_violating_cell_intervals": 9, "temperature_violating_cell_intervals": 0, "constraints_satisfied": false, "charging_task_success": false, "numerical_failure": false, "total_charged_Ah": 9.0625, "terminal_input_Wh": 36.25990702068592, "lookahead_filter_interventions": 0, "final_time_s": 4410.0}
A 180/200: reward=-115.73, target=True, safe=False
A 190/200: reward=-64.42, target=True, safe=False
A 200/200: reward=-58.19, target=True, safe=False
Greedy evaluation: {"scenario": "A", "training_episode": 200, "first_balance_s": 1350.0, "soc_target90_s": 3240.0, "soc_target_reached": true, "balance_maintained_after_first": false, "max_std_after_first": 0.04590194166962327, "final_soc_1": 0.9558156702354711, "final_soc_2": 0.9561049629040987, "final_soc_3": 0.915983922426106, "final_soc_std": 0.01884542300115957, "max_voltage_V": 4.282792093544705, "max_temperature_K": 304.3147191447102, "voltage_violating_cell_intervals": 12, "temperature_violating_cell_intervals": 0, "constraints_satisfied": false, "charging_task_success": false, "numerical_failure": false, "total_charged_Ah": 9.0375, "terminal_input_Wh": 36.265170052916375, "lookahead_filter_interventions": 0, "final_time_s": 3240.0}
Train Set B, 200 episodes, initial=[0.3, 0.5, 0.7]
B 10/200: reward=-288.95, target=False, safe=False
B 20/200: reward=-340.13, target=False, safe=False
Greedy evaluation: {"scenario": "B", "training_episode": 25, "first_balance_s": null, "soc_target90_s": null, "soc_target_reached": false, "balance_maintained_after_first": false, "max_std_after_first": null, "final_soc_1": 0.8205476757102499, "final_soc_2": 0.9605083724683282, "final_soc_3": 0.9574747612258673, "final_soc_std": 0.06527482599830278, "max_voltage_V": 4.244444957071286, "max_temperature_K": 299.3764998522786, "voltage_violating_cell_intervals": 5, "temperature_violating_cell_intervals": 0, "constraints_satisfied": false, "charging_task_success": false, "numerical_failure": false, "total_charged_Ah": 5.05, "terminal_input_Wh": 20.16634968265971, "lookahead_filter_interventions": 0, "final_time_s": 5400.0}
B 30/200: reward=-168.95, target=True, safe=False
B 40/200: reward=-274.54, target=True, safe=False
B 50/200: reward=-292.23, target=True, safe=False
Greedy evaluation: {"scenario": "B", "training_episode": 50, "first_balance_s": null, "soc_target90_s": null, "soc_target_reached": false, "balance_maintained_after_first": false, "max_std_after_first": null, "final_soc_1": 0.9646540944097033, "final_soc_2": 0.5933462917165506, "final_soc_3": 0.7977752257820542, "final_soc_std": 0.15184393677516378, "max_voltage_V": 4.264578360188395, "max_temperature_K": 300.5814056240961, "voltage_violating_cell_intervals": 3, "temperature_violating_cell_intervals": 0, "constraints_satisfied": false, "charging_task_success": false, "numerical_failure": false, "total_charged_Ah": 3.575, "terminal_input_Wh": 14.220535205623676, "lookahead_filter_interventions": 0, "final_time_s": 5400.0}
B 60/200: reward=-2184.62, target=False, safe=False
B 70/200: reward=-198.00, target=True, safe=False
Greedy evaluation: {"scenario": "B", "training_episode": 75, "first_balance_s": null, "soc_target90_s": null, "soc_target_reached": false, "balance_maintained_after_first": false, "max_std_after_first": null, "final_soc_1": 0.955831252448508, "final_soc_2": 0.9605083724683282, "final_soc_3": 0.9020687999494383, "final_soc_std": 0.02651511180562911, "max_voltage_V": 4.26250067453987, "max_temperature_K": 300.5609001635234, "voltage_violating_cell_intervals": 6, "temperature_violating_cell_intervals": 0, "constraints_satisfied": false, "charging_task_success": false, "numerical_failure": false, "total_charged_Ah": 5.4125, "terminal_input_Wh": 21.772660683859755, "lookahead_filter_interventions": 0, "final_time_s": 5400.0}
B 80/200: reward=-190.03, target=True, safe=False
B 90/200: reward=-125.77, target=True, safe=False
B 100/200: reward=-144.11, target=True, safe=False
Greedy evaluation: {"scenario": "B", "training_episode": 100, "first_balance_s": 2250.0, "soc_target90_s": null, "soc_target_reached": false, "balance_maintained_after_first": false, "max_std_after_first": 0.07868304339626075, "final_soc_1": 0.9558312524485071, "final_soc_2": 0.7769273320924421, "final_soc_3": 0.8042935741675168, "final_soc_std": 0.07868304339625586, "max_voltage_V": 4.249164522423683, "max_temperature_K": 300.96640128930574, "voltage_violating_cell_intervals": 3, "temperature_violating_cell_intervals": 0, "constraints_satisfied": false, "charging_task_success": false, "numerical_failure": false, "total_charged_Ah": 4.3, "terminal_input_Wh": 17.203235476996102, "lookahead_filter_interventions": 0, "final_time_s": 5400.0}
B 110/200: reward=-126.48, target=True, safe=False
B 120/200: reward=-167.31, target=True, safe=False
Greedy evaluation: {"scenario": "B", "training_episode": 125, "first_balance_s": 2700.0, "soc_target90_s": 2700.0, "soc_target_reached": true, "balance_maintained_after_first": true, "max_std_after_first": 0.015184051311662075, "final_soc_1": 0.920539884603733, "final_soc_2": 0.9542852863538998, "final_soc_3": 0.9509564128403204, "final_soc_std": 0.015184051311662075, "max_voltage_V": 4.318329345750568, "max_temperature_K": 301.6027400442643, "voltage_violating_cell_intervals": 11, "temperature_violating_cell_intervals": 0, "constraints_satisfied": false, "charging_task_success": false, "numerical_failure": false, "total_charged_Ah": 5.425, "terminal_input_Wh": 22.085770926697503, "lookahead_filter_interventions": 0, "final_time_s": 2700.0}
B 130/200: reward=-136.93, target=True, safe=False
B 140/200: reward=-119.60, target=True, safe=False
B 150/200: reward=-141.66, target=True, safe=False
Greedy evaluation: {"scenario": "B", "training_episode": 150, "first_balance_s": 1350.0, "soc_target90_s": 3780.0, "soc_target_reached": true, "balance_maintained_after_first": false, "max_std_after_first": 0.03405869571088375, "final_soc_1": 0.9528903051281068, "final_soc_2": 0.913835226610056, "final_soc_3": 0.9248830192985042, "final_soc_std": 0.016437629394096875, "max_voltage_V": 4.34525875029949, "max_temperature_K": 303.86303217959374, "voltage_violating_cell_intervals": 12, "temperature_violating_cell_intervals": 0, "constraints_satisfied": false, "charging_task_success": false, "numerical_failure": false, "total_charged_Ah": 5.3, "terminal_input_Wh": 21.758638242792273, "lookahead_filter_interventions": 0, "final_time_s": 3780.0}
B 160/200: reward=-126.16, target=False, safe=False
B 170/200: reward=-184.10, target=False, safe=False
Greedy evaluation: {"scenario": "B", "training_episode": 175, "first_balance_s": null, "soc_target90_s": null, "soc_target_reached": false, "balance_maintained_after_first": false, "max_std_after_first": null, "final_soc_1": 0.9587721997689075, "final_soc_2": 0.9418391141250078, "final_soc_3": 0.8205894451311662, "final_soc_std": 0.06153832166473724, "max_voltage_V": 4.412256516798376, "max_temperature_K": 302.74015218902053, "voltage_violating_cell_intervals": 13, "temperature_violating_cell_intervals": 0, "constraints_satisfied": false, "charging_task_success": false, "numerical_failure": false, "total_charged_Ah": 5.037500000000001, "terminal_input_Wh": 20.70676523798061, "lookahead_filter_interventions": 0, "final_time_s": 5400.0}
B 180/200: reward=-111.58, target=True, safe=False
B 190/200: reward=-143.20, target=True, safe=False
B 200/200: reward=-2132.81, target=False, safe=False
Greedy evaluation: {"scenario": "B", "training_episode": 200, "first_balance_s": 3870.0, "soc_target90_s": 3870.0, "soc_target_reached": true, "balance_maintained_after_first": true, "max_std_after_first": 0.016656771887237153, "final_soc_1": 0.9646540944096933, "final_soc_2": 0.9262813988389302, "final_soc_3": 0.9574747612258144, "final_soc_std": 0.016656771887237153, "max_voltage_V": 4.384152691220171, "max_temperature_K": 302.29511142470835, "voltage_violating_cell_intervals": 13, "temperature_violating_cell_intervals": 0, "constraints_satisfied": false, "charging_task_success": false, "numerical_failure": false, "total_charged_Ah": 5.525, "terminal_input_Wh": 22.626694537234087, "lookahead_filter_interventions": 0, "final_time_s": 3870.0}
Mainline completed. See calibration/metrics.csv, summary.csv and status.json. OUTPUT: C:\Users\zhengzihao\Desktop\RL-for-charging-main\mainline_results\20260919_222223_369351
