OUTPUT: /home/yqt/XuanyiLi/RL-for-charging/revision_results/experiment_3_gpu_parallel_2500_5seeds_90s/20260922_185259_914157
LEARNING DEVICE: cuda:0 NVIDIA RTX PRO 6000 Blackwell Server Edition
TRAIN cccv N=3 seed=-1 steps=2500 device=rule/CPU
TRAIN cccv N=3 seed=-1 steps=2500 device=rule/CPU
TRAIN cccv N=3 seed=-1 steps=2500 device=rule/CPU
TRAIN cccv_continuous N=3 seed=-1 steps=2500 device=rule/CPU
TRAIN cccv_continuous N=3 seed=-1 steps=2500 device=rule/CPU
TRAIN cccv_continuous N=3 seed=-1 steps=2500 device=rule/CPU
START JOB 1/33 GPU=GPU-852c53c7-8b53-1abc-0811-713083167dbe LOG=/home/yqt/XuanyiLi/RL-for-charging/revision_results/experiment_3_gpu_parallel_2500_5seeds_90s/20260922_185259_914157/parallel_jobs/job_0000/worker.log
START JOB 2/33 GPU=GPU-b8a9b253-8713-5d3b-1d65-e007fbdb7588 LOG=/home/yqt/XuanyiLi/RL-for-charging/revision_results/experiment_3_gpu_parallel_2500_5seeds_90s/20260922_185259_914157/parallel_jobs/job_0001/worker.log
START JOB 3/33 GPU=GPU-a01ef2f2-32c0-4682-fb60-49448ba4ea61 LOG=/home/yqt/XuanyiLi/RL-for-charging/revision_results/experiment_3_gpu_parallel_2500_5seeds_90s/20260922_185259_914157/parallel_jobs/job_0002/worker.log
PARALLEL PROGRESS: 0/33 complete; 3 active
PARALLEL PROGRESS: 0/33 complete; 3 active
PARALLEL PROGRESS: 0/33 complete; 3 active
PARALLEL PROGRESS: 0/33 complete; 3 active
PARALLEL PROGRESS: 0/33 complete; 3 active
PARALLEL PROGRESS: 0/33 complete; 3 active
PARALLEL PROGRESS: 0/33 complete; 3 active
PARALLEL PROGRESS: 0/33 complete; 3 active
PARALLEL PROGRESS: 0/33 complete; 3 active
PARALLEL PROGRESS: 0/33 complete; 3 active
PARALLEL PROGRESS: 0/33 complete; 3 active
PARALLEL PROGRESS: 0/33 complete; 3 active
PARALLEL PROGRESS: 0/33 complete; 3 active
PARALLEL PROGRESS: 0/33 complete; 3 active
PARALLEL PROGRESS: 0/33 complete; 3 active
PARALLEL PROGRESS: 0/33 complete; 3 active
PARALLEL PROGRESS: 0/33 complete; 3 active
PARALLEL PROGRESS: 0/33 complete; 3 active
PARALLEL PROGRESS: 0/33 complete; 3 active
PARALLEL PROGRESS: 0/33 complete; 3 active
PARALLEL PROGRESS: 0/33 complete; 3 active
PARALLEL PROGRESS: 0/33 complete; 3 active
PARALLEL PROGRESS: 0/33 complete; 3 active
PARALLEL PROGRESS: 0/33 complete; 3 active
PARALLEL PROGRESS: 0/33 complete; 3 active
PARALLEL PROGRESS: 0/33 complete; 3 active
PARALLEL PROGRESS: 0/33 complete; 3 active
PARALLEL PROGRESS: 0/33 complete; 3 active
PARALLEL PROGRESS: 0/33 complete; 3 active
PARALLEL PROGRESS: 0/33 complete; 3 active
PARALLEL PROGRESS: 0/33 complete; 3 active
PARALLEL PROGRESS: 0/33 complete; 3 active
PARALLEL PROGRESS: 0/33 complete; 3 active
PARALLEL PROGRESS: 0/33 complete; 3 active
PARALLEL PROGRESS: 0/33 complete; 3 active
PARALLEL PROGRESS: 0/33 complete; 3 active
PARALLEL PROGRESS: 0/33 complete; 3 active
PARALLEL PROGRESS: 0/33 complete; 3 active
PARALLEL PROGRESS: 0/33 complete; 3 active
PARALLEL PROGRESS: 0/33 complete; 3 active
PARALLEL PROGRESS: 0/33 complete; 3 active
PARALLEL PROGRESS: 0/33 complete; 3 active
PARALLEL PROGRESS: 0/33 complete; 3 active
PARALLEL PROGRESS: 0/33 complete; 3 active
PARALLEL PROGRESS: 0/33 complete; 3 active
PARALLEL PROGRESS: 0/33 complete; 3 active
PARALLEL PROGRESS: 0/33 complete; 3 active
PARALLEL PROGRESS: 0/33 complete; 3 active
PARALLEL PROGRESS: 0/33 complete; 3 active
PARALLEL PROGRESS: 0/33 complete; 3 active
PARALLEL PROGRESS: 0/33 complete; 3 active
PARALLEL PROGRESS: 0/33 complete; 3 active
PARALLEL PROGRESS: 0/33 complete; 3 active
PARALLEL PROGRESS: 0/33 complete; 3 active
PARALLEL PROGRESS: 0/33 complete; 3 active
PARALLEL PROGRESS: 0/33 complete; 3 active
PARALLEL PROGRESS: 0/33 complete; 3 active
PARALLEL PROGRESS: 0/33 complete; 3 active
PARALLEL PROGRESS: 0/33 complete; 3 active
PARALLEL PROGRESS: 0/33 complete; 3 active
PARALLEL PROGRESS: 0/33 complete; 3 active
PARALLEL PROGRESS: 0/33 complete; 3 active
PARALLEL PROGRESS: 0/33 complete; 3 active
PARALLEL PROGRESS: 0/33 complete; 3 active
PARALLEL PROGRESS: 0/33 complete; 3 active
PARALLEL PROGRESS: 0/33 complete; 3 active
PARALLEL PROGRESS: 0/33 complete; 3 active
PARALLEL PROGRESS: 0/33 complete; 3 active
PARALLEL PROGRESS: 0/33 complete; 3 active
PARALLEL PROGRESS: 0/33 complete; 3 active
PARALLEL PROGRESS: 0/33 complete; 3 active
PARALLEL PROGRESS: 0/33 complete; 3 active
PARALLEL PROGRESS: 0/33 complete; 3 active
PARALLEL PROGRESS: 0/33 complete; 3 active
PARALLEL PROGRESS: 0/33 complete; 3 active
PARALLEL PROGRESS: 0/33 complete; 3 active
PARALLEL PROGRESS: 0/33 complete; 3 active
PARALLEL PROGRESS: 0/33 complete; 3 active
PARALLEL PROGRESS: 0/33 complete; 3 active
PARALLEL PROGRESS: 0/33 complete; 3 active
PARALLEL PROGRESS: 0/33 complete; 3 active
PARALLEL PROGRESS: 0/33 complete; 3 active
PARALLEL PROGRESS: 0/33 complete; 3 active
PARALLEL PROGRESS: 0/33 complete; 3 active
PARALLEL PROGRESS: 0/33 complete; 3 active
PARALLEL PROGRESS: 0/33 complete; 3 active
PARALLEL PROGRESS: 0/33 complete; 3 active
PARALLEL PROGRESS: 0/33 complete; 3 active
PARALLEL PROGRESS: 0/33 complete; 3 active
PARALLEL PROGRESS: 0/33 complete; 3 active
PARALLEL PROGRESS: 0/33 complete; 3 active
PARALLEL PROGRESS: 0/33 complete; 3 active
PARALLEL PROGRESS: 0/33 complete; 3 active
PARALLEL PROGRESS: 0/33 complete; 3 active
PARALLEL PROGRESS: 0/33 complete; 3 active
PARALLEL PROGRESS: 0/33 complete; 3 active
PARALLEL PROGRESS: 0/33 complete; 3 active
PARALLEL PROGRESS: 0/33 complete; 3 active
PARALLEL PROGRESS: 0/33 complete; 3 active
PARALLEL PROGRESS: 0/33 complete; 3 active
PARALLEL PROGRESS: 0/33 complete; 3 active
PARALLEL PROGRESS: 0/33 complete; 3 active
PARALLEL PROGRESS: 0/33 complete; 3 active
PARALLEL PROGRESS: 0/33 complete; 3 active
PARALLEL PROGRESS: 0/33 complete; 3 active
PARALLEL PROGRESS: 0/33 complete; 3 active
PARALLEL PROGRESS: 0/33 complete; 3 active
PARALLEL PROGRESS: 0/33 complete; 3 active
PARALLEL PROGRESS: 0/33 complete; 3 active
PARALLEL PROGRESS: 0/33 complete; 3 active
PARALLEL PROGRESS: 0/33 complete; 3 active
PARALLEL PROGRESS: 0/33 complete; 3 active
PARALLEL PROGRESS: 0/33 complete; 3 active
PARALLEL PROGRESS: 0/33 complete; 3 active
PARALLEL PROGRESS: 0/33 complete; 3 active
PARALLEL PROGRESS: 0/33 complete; 3 active
PARALLEL PROGRESS: 0/33 complete; 3 active
PARALLEL PROGRESS: 0/33 complete; 3 active
PARALLEL PROGRESS: 0/33 complete; 3 active
PARALLEL PROGRESS: 0/33 complete; 3 active
PARALLEL PROGRESS: 0/33 complete; 3 active
PARALLEL PROGRESS: 0/33 complete; 3 active
PARALLEL PROGRESS: 0/33 complete; 3 active
PARALLEL PROGRESS: 0/33 complete; 3 active
PARALLEL PROGRESS: 0/33 complete; 3 active
PARALLEL PROGRESS: 0/33 complete; 3 active
PARALLEL PROGRESS: 0/33 complete; 3 active
PARALLEL PROGRESS: 0/33 complete; 3 active
PARALLEL PROGRESS: 0/33 complete; 3 active
PARALLEL PROGRESS: 0/33 complete; 3 active
PARALLEL PROGRESS: 0/33 complete; 3 active
PARALLEL PROGRESS: 0/33 complete; 3 active
PARALLEL PROGRESS: 0/33 complete; 3 active
PARALLEL PROGRESS: 0/33 complete; 3 active
PARALLEL PROGRESS: 0/33 complete; 3 active
PARALLEL PROGRESS: 0/33 complete; 3 active
PARALLEL PROGRESS: 0/33 complete; 3 active
PARALLEL PROGRESS: 0/33 complete; 3 active
PARALLEL PROGRESS: 0/33 complete; 3 active
PARALLEL PROGRESS: 0/33 complete; 3 active
PARALLEL PROGRESS: 0/33 complete; 3 active
PARALLEL PROGRESS: 0/33 complete; 3 active
PARALLEL PROGRESS: 0/33 complete; 3 active
PARALLEL PROGRESS: 0/33 complete; 3 active
PARALLEL PROGRESS: 0/33 complete; 3 active
PARALLEL PROGRESS: 0/33 complete; 3 active
PARALLEL PROGRESS: 0/33 complete; 3 active
PARALLEL PROGRESS: 0/33 complete; 3 active
PARALLEL PROGRESS: 0/33 complete; 3 active
PARALLEL PROGRESS: 0/33 complete; 3 active
PARALLEL PROGRESS: 0/33 complete; 3 active
PARALLEL PROGRESS: 0/33 complete; 3 active
PARALLEL PROGRESS: 0/33 complete; 3 active
PARALLEL PROGRESS: 0/33 complete; 3 active
PARALLEL PROGRESS: 0/33 complete; 3 active
PARALLEL PROGRESS: 0/33 complete; 3 active
PARALLEL PROGRESS: 0/33 complete; 3 active
PARALLEL PROGRESS: 0/33 complete; 3 active
PARALLEL PROGRESS: 0/33 complete; 3 active
PARALLEL PROGRESS: 0/33 complete; 3 active
PARALLEL PROGRESS: 0/33 complete; 3 active
PARALLEL PROGRESS: 0/33 complete; 3 active
PARALLEL PROGRESS: 0/33 complete; 3 active
PARALLEL PROGRESS: 0/33 complete; 3 active
PARALLEL PROGRESS: 0/33 complete; 3 active
PARALLEL PROGRESS: 0/33 complete; 3 active
PARALLEL PROGRESS: 0/33 complete; 3 active
PARALLEL PROGRESS: 0/33 complete; 3 active
PARALLEL PROGRESS: 0/33 complete; 3 active
PARALLEL PROGRESS: 0/33 complete; 3 active
PARALLEL PROGRESS: 0/33 complete; 3 active
PARALLEL PROGRESS: 0/33 complete; 3 active
PARALLEL PROGRESS: 0/33 complete; 3 active
PARALLEL PROGRESS: 0/33 complete; 3 active
PARALLEL PROGRESS: 0/33 complete; 3 active
PARALLEL PROGRESS: 0/33 complete; 3 active
PARALLEL PROGRESS: 0/33 complete; 3 active
PARALLEL PROGRESS: 0/33 complete; 3 active
PARALLEL PROGRESS: 0/33 complete; 3 active
PARALLEL PROGRESS: 0/33 complete; 3 active
PARALLEL PROGRESS: 0/33 complete; 3 active
PARALLEL PROGRESS: 0/33 complete; 3 active
PARALLEL PROGRESS: 0/33 complete; 3 active
PARALLEL PROGRESS: 0/33 complete; 3 active
PARALLEL PROGRESS: 0/33 complete; 3 active
PARALLEL PROGRESS: 0/33 complete; 3 active
PARALLEL PROGRESS: 0/33 complete; 3 active
PARALLEL PROGRESS: 0/33 complete; 3 active
PARALLEL PROGRESS: 0/33 complete; 3 active
PARALLEL PROGRESS: 0/33 complete; 3 active
PARALLEL PROGRESS: 0/33 complete; 3 active
PARALLEL PROGRESS: 0/33 complete; 3 active
PARALLEL PROGRESS: 0/33 complete; 3 active
PARALLEL PROGRESS: 0/33 complete; 3 active
PARALLEL PROGRESS: 0/33 complete; 3 active
PARALLEL PROGRESS: 0/33 complete; 3 active
PARALLEL PROGRESS: 0/33 complete; 3 active
PARALLEL PROGRESS: 0/33 complete; 3 active
PARALLEL PROGRESS: 0/33 complete; 3 active
PARALLEL PROGRESS: 0/33 complete; 3 active
PARALLEL PROGRESS: 0/33 complete; 3 active
PARALLEL PROGRESS: 0/33 complete; 3 active
PARALLEL PROGRESS: 0/33 complete; 3 active
PARALLEL PROGRESS: 0/33 complete; 3 active
PARALLEL PROGRESS: 0/33 complete; 3 active
PARALLEL PROGRESS: 0/33 complete; 3 active
PARALLEL PROGRESS: 0/33 complete; 3 active
PARALLEL PROGRESS: 0/33 complete; 3 active
PARALLEL PROGRESS: 0/33 complete; 3 active
PARALLEL PROGRESS: 0/33 complete; 3 active
PARALLEL PROGRESS: 0/33 complete; 3 active
PARALLEL PROGRESS: 0/33 complete; 3 active
PARALLEL PROGRESS: 0/33 complete; 3 active
PARALLEL PROGRESS: 0/33 complete; 3 active
PARALLEL PROGRESS: 0/33 complete; 3 active
PARALLEL PROGRESS: 0/33 complete; 3 active
PARALLEL PROGRESS: 0/33 complete; 3 active
PARALLEL PROGRESS: 0/33 complete; 3 active
PARALLEL PROGRESS: 0/33 complete; 3 active
PARALLEL PROGRESS: 0/33 complete; 3 active
PARALLEL PROGRESS: 0/33 complete; 3 active
PARALLEL PROGRESS: 0/33 complete; 3 active
PARALLEL PROGRESS: 0/33 complete; 3 active
PARALLEL PROGRESS: 0/33 complete; 3 active
PARALLEL PROGRESS: 0/33 complete; 3 active
PARALLEL PROGRESS: 0/33 complete; 3 active
PARALLEL PROGRESS: 0/33 complete; 3 active
PARALLEL PROGRESS: 0/33 complete; 3 active
PARALLEL PROGRESS: 0/33 complete; 3 active
PARALLEL PROGRESS: 0/33 complete; 3 active
PARALLEL PROGRESS: 0/33 complete; 3 active
PARALLEL PROGRESS: 0/33 complete; 3 active
PARALLEL PROGRESS: 0/33 complete; 3 active
PARALLEL PROGRESS: 0/33 complete; 3 active
PARALLEL PROGRESS: 0/33 complete; 3 active
PARALLEL PROGRESS: 0/33 complete; 3 active
PARALLEL PROGRESS: 0/33 complete; 3 active
PARALLEL PROGRESS: 0/33 complete; 3 active
PARALLEL PROGRESS: 0/33 complete; 3 active
PARALLEL PROGRESS: 0/33 complete; 3 active
PARALLEL PROGRESS: 0/33 complete; 3 active
PARALLEL PROGRESS: 0/33 complete; 3 active
PARALLEL PROGRESS: 0/33 complete; 3 active
PARALLEL PROGRESS: 0/33 complete; 3 active
PARALLEL PROGRESS: 0/33 complete; 3 active
PARALLEL PROGRESS: 0/33 complete; 3 active
PARALLEL PROGRESS: 0/33 complete; 3 active
PARALLEL PROGRESS: 0/33 complete; 3 active
PARALLEL PROGRESS: 0/33 complete; 3 active
PARALLEL PROGRESS: 0/33 complete; 3 active
PARALLEL PROGRESS: 0/33 complete; 3 active
PARALLEL PROGRESS: 0/33 complete; 3 active
PARALLEL PROGRESS: 0/33 complete; 3 active
FINISH JOB 1/33 (1 complete)
START JOB 4/33 GPU=GPU-852c53c7-8b53-1abc-0811-713083167dbe LOG=/home/yqt/XuanyiLi/RL-for-charging/revision_results/experiment_3_gpu_parallel_2500_5seeds_90s/20260922_185259_914157/parallel_jobs/job_0003/worker.log
PARALLEL PROGRESS: 1/33 complete; 3 active
PARALLEL PROGRESS: 1/33 complete; 3 active
PARALLEL PROGRESS: 1/33 complete; 3 active
PARALLEL PROGRESS: 1/33 complete; 3 active
PARALLEL PROGRESS: 1/33 complete; 3 active
PARALLEL PROGRESS: 1/33 complete; 3 active
PARALLEL PROGRESS: 1/33 complete; 3 active
PARALLEL PROGRESS: 1/33 complete; 3 active
PARALLEL PROGRESS: 1/33 complete; 3 active
PARALLEL PROGRESS: 1/33 complete; 3 active
PARALLEL PROGRESS: 1/33 complete; 3 active
PARALLEL PROGRESS: 1/33 complete; 3 active
PARALLEL PROGRESS: 1/33 complete; 3 active
FINISH JOB 2/33 (2 complete)
START JOB 5/33 GPU=GPU-b8a9b253-8713-5d3b-1d65-e007fbdb7588 LOG=/home/yqt/XuanyiLi/RL-for-charging/revision_results/experiment_3_gpu_parallel_2500_5seeds_90s/20260922_185259_914157/parallel_jobs/job_0004/worker.log
PARALLEL PROGRESS: 2/33 complete; 3 active
PARALLEL PROGRESS: 2/33 complete; 3 active
PARALLEL PROGRESS: 2/33 complete; 3 active
PARALLEL PROGRESS: 2/33 complete; 3 active
PARALLEL PROGRESS: 2/33 complete; 3 active
PARALLEL PROGRESS: 2/33 complete; 3 active
PARALLEL PROGRESS: 2/33 complete; 3 active
PARALLEL PROGRESS: 2/33 complete; 3 active
PARALLEL PROGRESS: 2/33 complete; 3 active
PARALLEL PROGRESS: 2/33 complete; 3 active
PARALLEL PROGRESS: 2/33 complete; 3 active
PARALLEL PROGRESS: 2/33 complete; 3 active
PARALLEL PROGRESS: 2/33 complete; 3 active
PARALLEL PROGRESS: 2/33 complete; 3 active
PARALLEL PROGRESS: 2/33 complete; 3 active
PARALLEL PROGRESS: 2/33 complete; 3 active
PARALLEL PROGRESS: 2/33 complete; 3 active
PARALLEL PROGRESS: 2/33 complete; 3 active
FINISH JOB 3/33 (3 complete)
START JOB 6/33 GPU=GPU-a01ef2f2-32c0-4682-fb60-49448ba4ea61 LOG=/home/yqt/XuanyiLi/RL-for-charging/revision_results/experiment_3_gpu_parallel_2500_5seeds_90s/20260922_185259_914157/parallel_jobs/job_0005/worker.log
PARALLEL PROGRESS: 3/33 complete; 3 active
PARALLEL PROGRESS: 3/33 complete; 3 active
PARALLEL PROGRESS: 3/33 complete; 3 active
PARALLEL PROGRESS: 3/33 complete; 3 active
PARALLEL PROGRESS: 3/33 complete; 3 active
PARALLEL PROGRESS: 3/33 complete; 3 active
PARALLEL PROGRESS: 3/33 complete; 3 active
PARALLEL PROGRESS: 3/33 complete; 3 active
PARALLEL PROGRESS: 3/33 complete; 3 active
PARALLEL PROGRESS: 3/33 complete; 3 active
PARALLEL PROGRESS: 3/33 complete; 3 active
PARALLEL PROGRESS: 3/33 complete; 3 active
PARALLEL PROGRESS: 3/33 complete; 3 active
PARALLEL PROGRESS: 3/33 complete; 3 active
PARALLEL PROGRESS: 3/33 complete; 3 active
PARALLEL PROGRESS: 3/33 complete; 3 active
PARALLEL PROGRESS: 3/33 complete; 3 active
PARALLEL PROGRESS: 3/33 complete; 3 active
PARALLEL PROGRESS: 3/33 complete; 3 active
PARALLEL PROGRESS: 3/33 complete; 3 active
PARALLEL PROGRESS: 3/33 complete; 3 active
PARALLEL PROGRESS: 3/33 complete; 3 active
PARALLEL PROGRESS: 3/33 complete; 3 active
PARALLEL PROGRESS: 3/33 complete; 3 active
PARALLEL PROGRESS: 3/33 complete; 3 active
PARALLEL PROGRESS: 3/33 complete; 3 active
PARALLEL PROGRESS: 3/33 complete; 3 active
PARALLEL PROGRESS: 3/33 complete; 3 active
PARALLEL PROGRESS: 3/33 complete; 3 active
PARALLEL PROGRESS: 3/33 complete; 3 active
PARALLEL PROGRESS: 3/33 complete; 3 active
PARALLEL PROGRESS: 3/33 complete; 3 active
PARALLEL PROGRESS: 3/33 complete; 3 active
PARALLEL PROGRESS: 3/33 complete; 3 active
PARALLEL PROGRESS: 3/33 complete; 3 active
PARALLEL PROGRESS: 3/33 complete; 3 active
PARALLEL PROGRESS: 3/33 complete; 3 active
PARALLEL PROGRESS: 3/33 complete; 3 active
PARALLEL PROGRESS: 3/33 complete; 3 active
PARALLEL PROGRESS: 3/33 complete; 3 active
PARALLEL PROGRESS: 3/33 complete; 3 active
PARALLEL PROGRESS: 3/33 complete; 3 active
PARALLEL PROGRESS: 3/33 complete; 3 active
PARALLEL PROGRESS: 3/33 complete; 3 active
PARALLEL PROGRESS: 3/33 complete; 3 active
PARALLEL PROGRESS: 3/33 complete; 3 active
PARALLEL PROGRESS: 3/33 complete; 3 active
PARALLEL PROGRESS: 3/33 complete; 3 active
PARALLEL PROGRESS: 3/33 complete; 3 active
PARALLEL PROGRESS: 3/33 complete; 3 active
PARALLEL PROGRESS: 3/33 complete; 3 active
PARALLEL PROGRESS: 3/33 complete; 3 active
PARALLEL PROGRESS: 3/33 complete; 3 active
PARALLEL PROGRESS: 3/33 complete; 3 active
PARALLEL PROGRESS: 3/33 complete; 3 active
PARALLEL PROGRESS: 3/33 complete; 3 active
PARALLEL PROGRESS: 3/33 complete; 3 active
PARALLEL PROGRESS: 3/33 complete; 3 active
PARALLEL PROGRESS: 3/33 complete; 3 active
PARALLEL PROGRESS: 3/33 complete; 3 active
PARALLEL PROGRESS: 3/33 complete; 3 active
PARALLEL PROGRESS: 3/33 complete; 3 active
PARALLEL PROGRESS: 3/33 complete; 3 active
PARALLEL PROGRESS: 3/33 complete; 3 active
PARALLEL PROGRESS: 3/33 complete; 3 active
PARALLEL PROGRESS: 3/33 complete; 3 active
PARALLEL PROGRESS: 3/33 complete; 3 active
PARALLEL PROGRESS: 3/33 complete; 3 active
PARALLEL PROGRESS: 3/33 complete; 3 active
PARALLEL PROGRESS: 3/33 complete; 3 active
PARALLEL PROGRESS: 3/33 complete; 3 active
PARALLEL PROGRESS: 3/33 complete; 3 active
PARALLEL PROGRESS: 3/33 complete; 3 active
PARALLEL PROGRESS: 3/33 complete; 3 active
PARALLEL PROGRESS: 3/33 complete; 3 active
PARALLEL PROGRESS: 3/33 complete; 3 active
PARALLEL PROGRESS: 3/33 complete; 3 active
PARALLEL PROGRESS: 3/33 complete; 3 active
PARALLEL PROGRESS: 3/33 complete; 3 active
PARALLEL PROGRESS: 3/33 complete; 3 active
PARALLEL PROGRESS: 3/33 complete; 3 active
PARALLEL PROGRESS: 3/33 complete; 3 active
PARALLEL PROGRESS: 3/33 complete; 3 active
PARALLEL PROGRESS: 3/33 complete; 3 active
PARALLEL PROGRESS: 3/33 complete; 3 active
PARALLEL PROGRESS: 3/33 complete; 3 active
PARALLEL PROGRESS: 3/33 complete; 3 active
PARALLEL PROGRESS: 3/33 complete; 3 active
PARALLEL PROGRESS: 3/33 complete; 3 active
PARALLEL PROGRESS: 3/33 complete; 3 active
PARALLEL PROGRESS: 3/33 complete; 3 active
PARALLEL PROGRESS: 3/33 complete; 3 active
PARALLEL PROGRESS: 3/33 complete; 3 active
PARALLEL PROGRESS: 3/33 complete; 3 active
PARALLEL PROGRESS: 3/33 complete; 3 active
PARALLEL PROGRESS: 3/33 complete; 3 active
PARALLEL PROGRESS: 3/33 complete; 3 active
PARALLEL PROGRESS: 3/33 complete; 3 active
PARALLEL PROGRESS: 3/33 complete; 3 active
PARALLEL PROGRESS: 3/33 complete; 3 active
PARALLEL PROGRESS: 3/33 complete; 3 active
PARALLEL PROGRESS: 3/33 complete; 3 active
PARALLEL PROGRESS: 3/33 complete; 3 active
PARALLEL PROGRESS: 3/33 complete; 3 active
PARALLEL PROGRESS: 3/33 complete; 3 active
PARALLEL PROGRESS: 3/33 complete; 3 active
PARALLEL PROGRESS: 3/33 complete; 3 active
PARALLEL PROGRESS: 3/33 complete; 3 active
PARALLEL PROGRESS: 3/33 complete; 3 active
PARALLEL PROGRESS: 3/33 complete; 3 active
PARALLEL PROGRESS: 3/33 complete; 3 active
PARALLEL PROGRESS: 3/33 complete; 3 active
PARALLEL PROGRESS: 3/33 complete; 3 active
PARALLEL PROGRESS: 3/33 complete; 3 active
PARALLEL PROGRESS: 3/33 complete; 3 active
PARALLEL PROGRESS: 3/33 complete; 3 active
PARALLEL PROGRESS: 3/33 complete; 3 active
PARALLEL PROGRESS: 3/33 complete; 3 active
PARALLEL PROGRESS: 3/33 complete; 3 active
PARALLEL PROGRESS: 3/33 complete; 3 active
PARALLEL PROGRESS: 3/33 complete; 3 active
PARALLEL PROGRESS: 3/33 complete; 3 active
PARALLEL PROGRESS: 3/33 complete; 3 active
PARALLEL PROGRESS: 3/33 complete; 3 active
PARALLEL PROGRESS: 3/33 complete; 3 active
PARALLEL PROGRESS: 3/33 complete; 3 active
PARALLEL PROGRESS: 3/33 complete; 3 active
PARALLEL PROGRESS: 3/33 complete; 3 active
PARALLEL PROGRESS: 3/33 complete; 3 active
PARALLEL PROGRESS: 3/33 complete; 3 active
PARALLEL PROGRESS: 3/33 complete; 3 active
PARALLEL PROGRESS: 3/33 complete; 3 active
PARALLEL PROGRESS: 3/33 complete; 3 active
PARALLEL PROGRESS: 3/33 complete; 3 active
PARALLEL PROGRESS: 3/33 complete; 3 active
PARALLEL PROGRESS: 3/33 complete; 3 active
PARALLEL PROGRESS: 3/33 complete; 3 active
PARALLEL PROGRESS: 3/33 complete; 3 active
PARALLEL PROGRESS: 3/33 complete; 3 active
PARALLEL PROGRESS: 3/33 complete; 3 active
PARALLEL PROGRESS: 3/33 complete; 3 active
PARALLEL PROGRESS: 3/33 complete; 3 active
PARALLEL PROGRESS: 3/33 complete; 3 active
PARALLEL PROGRESS: 3/33 complete; 3 active
PARALLEL PROGRESS: 3/33 complete; 3 active
PARALLEL PROGRESS: 3/33 complete; 3 active
PARALLEL PROGRESS: 3/33 complete; 3 active
PARALLEL PROGRESS: 3/33 complete; 3 active
PARALLEL PROGRESS: 3/33 complete; 3 active
PARALLEL PROGRESS: 3/33 complete; 3 active
PARALLEL PROGRESS: 3/33 complete; 3 active
PARALLEL PROGRESS: 3/33 complete; 3 active
PARALLEL PROGRESS: 3/33 complete; 3 active
PARALLEL PROGRESS: 3/33 complete; 3 active
PARALLEL PROGRESS: 3/33 complete; 3 active
PARALLEL PROGRESS: 3/33 complete; 3 active
PARALLEL PROGRESS: 3/33 complete; 3 active
PARALLEL PROGRESS: 3/33 complete; 3 active
PARALLEL PROGRESS: 3/33 complete; 3 active
PARALLEL PROGRESS: 3/33 complete; 3 active
PARALLEL PROGRESS: 3/33 complete; 3 active
PARALLEL PROGRESS: 3/33 complete; 3 active
PARALLEL PROGRESS: 3/33 complete; 3 active
PARALLEL PROGRESS: 3/33 complete; 3 active
PARALLEL PROGRESS: 3/33 complete; 3 active
PARALLEL PROGRESS: 3/33 complete; 3 active
PARALLEL PROGRESS: 3/33 complete; 3 active
PARALLEL PROGRESS: 3/33 complete; 3 active
PARALLEL PROGRESS: 3/33 complete; 3 active
PARALLEL PROGRESS: 3/33 complete; 3 active
PARALLEL PROGRESS: 3/33 complete; 3 active
PARALLEL PROGRESS: 3/33 complete; 3 active
PARALLEL PROGRESS: 3/33 complete; 3 active
PARALLEL PROGRESS: 3/33 complete; 3 active
PARALLEL PROGRESS: 3/33 complete; 3 active
PARALLEL PROGRESS: 3/33 complete; 3 active
PARALLEL PROGRESS: 3/33 complete; 3 active
PARALLEL PROGRESS: 3/33 complete; 3 active
PARALLEL PROGRESS: 3/33 complete; 3 active
PARALLEL PROGRESS: 3/33 complete; 3 active
PARALLEL PROGRESS: 3/33 complete; 3 active
PARALLEL PROGRESS: 3/33 complete; 3 active
PARALLEL PROGRESS: 3/33 complete; 3 active
PARALLEL PROGRESS: 3/33 complete; 3 active
PARALLEL PROGRESS: 3/33 complete; 3 active
PARALLEL PROGRESS: 3/33 complete; 3 active
PARALLEL PROGRESS: 3/33 complete; 3 active
PARALLEL PROGRESS: 3/33 complete; 3 active
PARALLEL PROGRESS: 3/33 complete; 3 active
PARALLEL PROGRESS: 3/33 complete; 3 active
PARALLEL PROGRESS: 3/33 complete; 3 active
PARALLEL PROGRESS: 3/33 complete; 3 active
PARALLEL PROGRESS: 3/33 complete; 3 active
PARALLEL PROGRESS: 3/33 complete; 3 active
PARALLEL PROGRESS: 3/33 complete; 3 active
PARALLEL PROGRESS: 3/33 complete; 3 active
PARALLEL PROGRESS: 3/33 complete; 3 active
PARALLEL PROGRESS: 3/33 complete; 3 active
PARALLEL PROGRESS: 3/33 complete; 3 active
PARALLEL PROGRESS: 3/33 complete; 3 active
PARALLEL PROGRESS: 3/33 complete; 3 active
PARALLEL PROGRESS: 3/33 complete; 3 active
PARALLEL PROGRESS: 3/33 complete; 3 active
PARALLEL PROGRESS: 3/33 complete; 3 active
PARALLEL PROGRESS: 3/33 complete; 3 active
PARALLEL PROGRESS: 3/33 complete; 3 active
PARALLEL PROGRESS: 3/33 complete; 3 active
PARALLEL PROGRESS: 3/33 complete; 3 active
PARALLEL PROGRESS: 3/33 complete; 3 active
PARALLEL PROGRESS: 3/33 complete; 3 active
PARALLEL PROGRESS: 3/33 complete; 3 active
PARALLEL PROGRESS: 3/33 complete; 3 active
PARALLEL PROGRESS: 3/33 complete; 3 active
PARALLEL PROGRESS: 3/33 complete; 3 active
PARALLEL PROGRESS: 3/33 complete; 3 active
PARALLEL PROGRESS: 3/33 complete; 3 active
PARALLEL PROGRESS: 3/33 complete; 3 active
PARALLEL PROGRESS: 3/33 complete; 3 active
PARALLEL PROGRESS: 3/33 complete; 3 active
PARALLEL PROGRESS: 3/33 complete; 3 active
PARALLEL PROGRESS: 3/33 complete; 3 active
FINISH JOB 4/33 (4 complete)
START JOB 7/33 GPU=GPU-852c53c7-8b53-1abc-0811-713083167dbe LOG=/home/yqt/XuanyiLi/RL-for-charging/revision_results/experiment_3_gpu_parallel_2500_5seeds_90s/20260922_185259_914157/parallel_jobs/job_0006/worker.log
PARALLEL PROGRESS: 4/33 complete; 3 active
PARALLEL PROGRESS: 4/33 complete; 3 active
FINISH JOB 5/33 (5 complete)
START JOB 8/33 GPU=GPU-b8a9b253-8713-5d3b-1d65-e007fbdb7588 LOG=/home/yqt/XuanyiLi/RL-for-charging/revision_results/experiment_3_gpu_parallel_2500_5seeds_90s/20260922_185259_914157/parallel_jobs/job_0007/worker.log
PARALLEL PROGRESS: 5/33 complete; 3 active
PARALLEL PROGRESS: 5/33 complete; 3 active
PARALLEL PROGRESS: 5/33 complete; 3 active
PARALLEL PROGRESS: 5/33 complete; 3 active
PARALLEL PROGRESS: 5/33 complete; 3 active
PARALLEL PROGRESS: 5/33 complete; 3 active
PARALLEL PROGRESS: 5/33 complete; 3 active
PARALLEL PROGRESS: 5/33 complete; 3 active
PARALLEL PROGRESS: 5/33 complete; 3 active
PARALLEL PROGRESS: 5/33 complete; 3 active
PARALLEL PROGRESS: 5/33 complete; 3 active
PARALLEL PROGRESS: 5/33 complete; 3 active
PARALLEL PROGRESS: 5/33 complete; 3 active
PARALLEL PROGRESS: 5/33 complete; 3 active
PARALLEL PROGRESS: 5/33 complete; 3 active
PARALLEL PROGRESS: 5/33 complete; 3 active
PARALLEL PROGRESS: 5/33 complete; 3 active
PARALLEL PROGRESS: 5/33 complete; 3 active
PARALLEL PROGRESS: 5/33 complete; 3 active
PARALLEL PROGRESS: 5/33 complete; 3 active
PARALLEL PROGRESS: 5/33 complete; 3 active
PARALLEL PROGRESS: 5/33 complete; 3 active
PARALLEL PROGRESS: 5/33 complete; 3 active
PARALLEL PROGRESS: 5/33 complete; 3 active
PARALLEL PROGRESS: 5/33 complete; 3 active
PARALLEL PROGRESS: 5/33 complete; 3 active
PARALLEL PROGRESS: 5/33 complete; 3 active
PARALLEL PROGRESS: 5/33 complete; 3 active
PARALLEL PROGRESS: 5/33 complete; 3 active
PARALLEL PROGRESS: 5/33 complete; 3 active
PARALLEL PROGRESS: 5/33 complete; 3 active
PARALLEL PROGRESS: 5/33 complete; 3 active
PARALLEL PROGRESS: 5/33 complete; 3 active
PARALLEL PROGRESS: 5/33 complete; 3 active
PARALLEL PROGRESS: 5/33 complete; 3 active
PARALLEL PROGRESS: 5/33 complete; 3 active
PARALLEL PROGRESS: 5/33 complete; 3 active
PARALLEL PROGRESS: 5/33 complete; 3 active
PARALLEL PROGRESS: 5/33 complete; 3 active
PARALLEL PROGRESS: 5/33 complete; 3 active
PARALLEL PROGRESS: 5/33 complete; 3 active
PARALLEL PROGRESS: 5/33 complete; 3 active
PARALLEL PROGRESS: 5/33 complete; 3 active
PARALLEL PROGRESS: 5/33 complete; 3 active
PARALLEL PROGRESS: 5/33 complete; 3 active
PARALLEL PROGRESS: 5/33 complete; 3 active
PARALLEL PROGRESS: 5/33 complete; 3 active
PARALLEL PROGRESS: 5/33 complete; 3 active
PARALLEL PROGRESS: 5/33 complete; 3 active
PARALLEL PROGRESS: 5/33 complete; 3 active
PARALLEL PROGRESS: 5/33 complete; 3 active
PARALLEL PROGRESS: 5/33 complete; 3 active
PARALLEL PROGRESS: 5/33 complete; 3 active
FINISH JOB 6/33 (6 complete)
START JOB 9/33 GPU=GPU-a01ef2f2-32c0-4682-fb60-49448ba4ea61 LOG=/home/yqt/XuanyiLi/RL-for-charging/revision_results/experiment_3_gpu_parallel_2500_5seeds_90s/20260922_185259_914157/parallel_jobs/job_0008/worker.log
PARALLEL PROGRESS: 6/33 complete; 3 active
PARALLEL PROGRESS: 6/33 complete; 3 active
PARALLEL PROGRESS: 6/33 complete; 3 active
PARALLEL PROGRESS: 6/33 complete; 3 active
PARALLEL PROGRESS: 6/33 complete; 3 active
PARALLEL PROGRESS: 6/33 complete; 3 active
PARALLEL PROGRESS: 6/33 complete; 3 active
PARALLEL PROGRESS: 6/33 complete; 3 active
PARALLEL PROGRESS: 6/33 complete; 3 active
PARALLEL PROGRESS: 6/33 complete; 3 active
PARALLEL PROGRESS: 6/33 complete; 3 active
PARALLEL PROGRESS: 6/33 complete; 3 active
PARALLEL PROGRESS: 6/33 complete; 3 active
PARALLEL PROGRESS: 6/33 complete; 3 active
PARALLEL PROGRESS: 6/33 complete; 3 active
PARALLEL PROGRESS: 6/33 complete; 3 active
PARALLEL PROGRESS: 6/33 complete; 3 active
PARALLEL PROGRESS: 6/33 complete; 3 active
PARALLEL PROGRESS: 6/33 complete; 3 active
PARALLEL PROGRESS: 6/33 complete; 3 active
PARALLEL PROGRESS: 6/33 complete; 3 active
PARALLEL PROGRESS: 6/33 complete; 3 active
PARALLEL PROGRESS: 6/33 complete; 3 active
PARALLEL PROGRESS: 6/33 complete; 3 active
PARALLEL PROGRESS: 6/33 complete; 3 active
PARALLEL PROGRESS: 6/33 complete; 3 active
PARALLEL PROGRESS: 6/33 complete; 3 active
PARALLEL PROGRESS: 6/33 complete; 3 active
PARALLEL PROGRESS: 6/33 complete; 3 active
PARALLEL PROGRESS: 6/33 complete; 3 active
PARALLEL PROGRESS: 6/33 complete; 3 active
PARALLEL PROGRESS: 6/33 complete; 3 active
PARALLEL PROGRESS: 6/33 complete; 3 active
PARALLEL PROGRESS: 6/33 complete; 3 active
PARALLEL PROGRESS: 6/33 complete; 3 active
PARALLEL PROGRESS: 6/33 complete; 3 active
PARALLEL PROGRESS: 6/33 complete; 3 active
PARALLEL PROGRESS: 6/33 complete; 3 active
PARALLEL PROGRESS: 6/33 complete; 3 active
PARALLEL PROGRESS: 6/33 complete; 3 active
PARALLEL PROGRESS: 6/33 complete; 3 active
PARALLEL PROGRESS: 6/33 complete; 3 active
PARALLEL PROGRESS: 6/33 complete; 3 active
PARALLEL PROGRESS: 6/33 complete; 3 active
PARALLEL PROGRESS: 6/33 complete; 3 active
PARALLEL PROGRESS: 6/33 complete; 3 active
PARALLEL PROGRESS: 6/33 complete; 3 active
PARALLEL PROGRESS: 6/33 complete; 3 active
PARALLEL PROGRESS: 6/33 complete; 3 active
PARALLEL PROGRESS: 6/33 complete; 3 active
PARALLEL PROGRESS: 6/33 complete; 3 active
PARALLEL PROGRESS: 6/33 complete; 3 active
PARALLEL PROGRESS: 6/33 complete; 3 active
PARALLEL PROGRESS: 6/33 complete; 3 active
PARALLEL PROGRESS: 6/33 complete; 3 active
PARALLEL PROGRESS: 6/33 complete; 3 active
PARALLEL PROGRESS: 6/33 complete; 3 active
PARALLEL PROGRESS: 6/33 complete; 3 active
PARALLEL PROGRESS: 6/33 complete; 3 active
OUTPUT: /home/yqt/XuanyiLi/RL-for-charging/revision_results/experiment_3_gpu_parallel_2500_5seeds_90s/20260922_185259_914157
LEARNING DEVICE: cuda:0 NVIDIA RTX PRO 6000 Blackwell Server Edition
TRAIN cccv N=3 seed=-1 steps=2500 device=rule/CPU
TRAIN cccv N=3 seed=-1 steps=2500 device=rule/CPU
TRAIN cccv N=3 seed=-1 steps=2500 device=rule/CPU
TRAIN cccv_continuous N=3 seed=-1 steps=2500 device=rule/CPU
TRAIN cccv_continuous N=3 seed=-1 steps=2500 device=rule/CPU
TRAIN cccv_continuous N=3 seed=-1 steps=2500 device=rule/CPU
REUSE COMPLETED JOB: 0 /home/yqt/XuanyiLi/RL-for-charging/revision_results/experiment_3_gpu_parallel_2500_5seeds_90s/20260922_185259_914157/parallel_jobs/job_0000
REUSE COMPLETED JOB: 1 /home/yqt/XuanyiLi/RL-for-charging/revision_results/experiment_3_gpu_parallel_2500_5seeds_90s/20260922_185259_914157/parallel_jobs/job_0001
REUSE COMPLETED JOB: 2 /home/yqt/XuanyiLi/RL-for-charging/revision_results/experiment_3_gpu_parallel_2500_5seeds_90s/20260922_185259_914157/parallel_jobs/job_0002
REUSE COMPLETED JOB: 3 /home/yqt/XuanyiLi/RL-for-charging/revision_results/experiment_3_gpu_parallel_2500_5seeds_90s/20260922_185259_914157/parallel_jobs/job_0003
REUSE COMPLETED JOB: 4 /home/yqt/XuanyiLi/RL-for-charging/revision_results/experiment_3_gpu_parallel_2500_5seeds_90s/20260922_185259_914157/parallel_jobs/job_0004
REUSE COMPLETED JOB: 5 /home/yqt/XuanyiLi/RL-for-charging/revision_results/experiment_3_gpu_parallel_2500_5seeds_90s/20260922_185259_914157/parallel_jobs/job_0005
START JOB 7/33 GPU=GPU-852c53c7-8b53-1abc-0811-713083167dbe LOG=/home/yqt/XuanyiLi/RL-for-charging/revision_results/experiment_3_gpu_parallel_2500_5seeds_90s/20260922_185259_914157/parallel_jobs/job_0006/worker.log
START JOB 8/33 GPU=GPU-a01ef2f2-32c0-4682-fb60-49448ba4ea61 LOG=/home/yqt/XuanyiLi/RL-for-charging/revision_results/experiment_3_gpu_parallel_2500_5seeds_90s/20260922_185259_914157/parallel_jobs/job_0007/worker.log
START JOB 9/33 GPU=GPU-852c53c7-8b53-1abc-0811-713083167dbe LOG=/home/yqt/XuanyiLi/RL-for-charging/revision_results/experiment_3_gpu_parallel_2500_5seeds_90s/20260922_185259_914157/parallel_jobs/job_0008/worker.log
START JOB 10/33 GPU=GPU-a01ef2f2-32c0-4682-fb60-49448ba4ea61 LOG=/home/yqt/XuanyiLi/RL-for-charging/revision_results/experiment_3_gpu_parallel_2500_5seeds_90s/20260922_185259_914157/parallel_jobs/job_0009/worker.log
START JOB 11/33 GPU=GPU-852c53c7-8b53-1abc-0811-713083167dbe LOG=/home/yqt/XuanyiLi/RL-for-charging/revision_results/experiment_3_gpu_parallel_2500_5seeds_90s/20260922_185259_914157/parallel_jobs/job_0010/worker.log
START JOB 12/33 GPU=GPU-a01ef2f2-32c0-4682-fb60-49448ba4ea61 LOG=/home/yqt/XuanyiLi/RL-for-charging/revision_results/experiment_3_gpu_parallel_2500_5seeds_90s/20260922_185259_914157/parallel_jobs/job_0011/worker.log
PARALLEL PROGRESS: 6/33 complete; 6 active
PARALLEL PROGRESS: 6/33 complete; 6 active
PARALLEL PROGRESS: 6/33 complete; 6 active
PARALLEL PROGRESS: 6/33 complete; 6 active
PARALLEL PROGRESS: 6/33 complete; 6 active
PARALLEL PROGRESS: 6/33 complete; 6 active
PARALLEL PROGRESS: 6/33 complete; 6 active
PARALLEL PROGRESS: 6/33 complete; 6 active
PARALLEL PROGRESS: 6/33 complete; 6 active
PARALLEL PROGRESS: 6/33 complete; 6 active
PARALLEL PROGRESS: 6/33 complete; 6 active
PARALLEL PROGRESS: 6/33 complete; 6 active
PARALLEL PROGRESS: 6/33 complete; 6 active
PARALLEL PROGRESS: 6/33 complete; 6 active
PARALLEL PROGRESS: 6/33 complete; 6 active
PARALLEL PROGRESS: 6/33 complete; 6 active
PARALLEL PROGRESS: 6/33 complete; 6 active
PARALLEL PROGRESS: 6/33 complete; 6 active
PARALLEL PROGRESS: 6/33 complete; 6 active
PARALLEL PROGRESS: 6/33 complete; 6 active
PARALLEL PROGRESS: 6/33 complete; 6 active
PARALLEL PROGRESS: 6/33 complete; 6 active
PARALLEL PROGRESS: 6/33 complete; 6 active
PARALLEL PROGRESS: 6/33 complete; 6 active
PARALLEL PROGRESS: 6/33 complete; 6 active
PARALLEL PROGRESS: 6/33 complete; 6 active
PARALLEL PROGRESS: 6/33 complete; 6 active
PARALLEL PROGRESS: 6/33 complete; 6 active
PARALLEL PROGRESS: 6/33 complete; 6 active
PARALLEL PROGRESS: 6/33 complete; 6 active
PARALLEL PROGRESS: 6/33 complete; 6 active
PARALLEL PROGRESS: 6/33 complete; 6 active
PARALLEL PROGRESS: 6/33 complete; 6 active
PARALLEL PROGRESS: 6/33 complete; 6 active
PARALLEL PROGRESS: 6/33 complete; 6 active
PARALLEL PROGRESS: 6/33 complete; 6 active
PARALLEL PROGRESS: 6/33 complete; 6 active
PARALLEL PROGRESS: 6/33 complete; 6 active
PARALLEL PROGRESS: 6/33 complete; 6 active
PARALLEL PROGRESS: 6/33 complete; 6 active
PARALLEL PROGRESS: 6/33 complete; 6 active
PARALLEL PROGRESS: 6/33 complete; 6 active
PARALLEL PROGRESS: 6/33 complete; 6 active
PARALLEL PROGRESS: 6/33 complete; 6 active
PARALLEL PROGRESS: 6/33 complete; 6 active
PARALLEL PROGRESS: 6/33 complete; 6 active
PARALLEL PROGRESS: 6/33 complete; 6 active
PARALLEL PROGRESS: 6/33 complete; 6 active
PARALLEL PROGRESS: 6/33 complete; 6 active
PARALLEL PROGRESS: 6/33 complete; 6 active
PARALLEL PROGRESS: 6/33 complete; 6 active
PARALLEL PROGRESS: 6/33 complete; 6 active
PARALLEL PROGRESS: 6/33 complete; 6 active
PARALLEL PROGRESS: 6/33 complete; 6 active
PARALLEL PROGRESS: 6/33 complete; 6 active
PARALLEL PROGRESS: 6/33 complete; 6 active
PARALLEL PROGRESS: 6/33 complete; 6 active
PARALLEL PROGRESS: 6/33 complete; 6 active
PARALLEL PROGRESS: 6/33 complete; 6 active
PARALLEL PROGRESS: 6/33 complete; 6 active
PARALLEL PROGRESS: 6/33 complete; 6 active
PARALLEL PROGRESS: 6/33 complete; 6 active
PARALLEL PROGRESS: 6/33 complete; 6 active
PARALLEL PROGRESS: 6/33 complete; 6 active
PARALLEL PROGRESS: 6/33 complete; 6 active
PARALLEL PROGRESS: 6/33 complete; 6 active
PARALLEL PROGRESS: 6/33 complete; 6 active
PARALLEL PROGRESS: 6/33 complete; 6 active
PARALLEL PROGRESS: 6/33 complete; 6 active
PARALLEL PROGRESS: 6/33 complete; 6 active
PARALLEL PROGRESS: 6/33 complete; 6 active
PARALLEL PROGRESS: 6/33 complete; 6 active
PARALLEL PROGRESS: 6/33 complete; 6 active
PARALLEL PROGRESS: 6/33 complete; 6 active
PARALLEL PROGRESS: 6/33 complete; 6 active
PARALLEL PROGRESS: 6/33 complete; 6 active
PARALLEL PROGRESS: 6/33 complete; 6 active
PARALLEL PROGRESS: 6/33 complete; 6 active
PARALLEL PROGRESS: 6/33 complete; 6 active
PARALLEL PROGRESS: 6/33 complete; 6 active
PARALLEL PROGRESS: 6/33 complete; 6 active
PARALLEL PROGRESS: 6/33 complete; 6 active
PARALLEL PROGRESS: 6/33 complete; 6 active
PARALLEL PROGRESS: 6/33 complete; 6 active
PARALLEL PROGRESS: 6/33 complete; 6 active
PARALLEL PROGRESS: 6/33 complete; 6 active
PARALLEL PROGRESS: 6/33 complete; 6 active
PARALLEL PROGRESS: 6/33 complete; 6 active
PARALLEL PROGRESS: 6/33 complete; 6 active
PARALLEL PROGRESS: 6/33 complete; 6 active
PARALLEL PROGRESS: 6/33 complete; 6 active
PARALLEL PROGRESS: 6/33 complete; 6 active
PARALLEL PROGRESS: 6/33 complete; 6 active
PARALLEL PROGRESS: 6/33 complete; 6 active
PARALLEL PROGRESS: 6/33 complete; 6 active
PARALLEL PROGRESS: 6/33 complete; 6 active
PARALLEL PROGRESS: 6/33 complete; 6 active
PARALLEL PROGRESS: 6/33 complete; 6 active
PARALLEL PROGRESS: 6/33 complete; 6 active
PARALLEL PROGRESS: 6/33 complete; 6 active
PARALLEL PROGRESS: 6/33 complete; 6 active
PARALLEL PROGRESS: 6/33 complete; 6 active
PARALLEL PROGRESS: 6/33 complete; 6 active
PARALLEL PROGRESS: 6/33 complete; 6 active
PARALLEL PROGRESS: 6/33 complete; 6 active
PARALLEL PROGRESS: 6/33 complete; 6 active
PARALLEL PROGRESS: 6/33 complete; 6 active
PARALLEL PROGRESS: 6/33 complete; 6 active
PARALLEL PROGRESS: 6/33 complete; 6 active
PARALLEL PROGRESS: 6/33 complete; 6 active
PARALLEL PROGRESS: 6/33 complete; 6 active
PARALLEL PROGRESS: 6/33 complete; 6 active
PARALLEL PROGRESS: 6/33 complete; 6 active
PARALLEL PROGRESS: 6/33 complete; 6 active
PARALLEL PROGRESS: 6/33 complete; 6 active
PARALLEL PROGRESS: 6/33 complete; 6 active
PARALLEL PROGRESS: 6/33 complete; 6 active
PARALLEL PROGRESS: 6/33 complete; 6 active
PARALLEL PROGRESS: 6/33 complete; 6 active
PARALLEL PROGRESS: 6/33 complete; 6 active
PARALLEL PROGRESS: 6/33 complete; 6 active
PARALLEL PROGRESS: 6/33 complete; 6 active
PARALLEL PROGRESS: 6/33 complete; 6 active
PARALLEL PROGRESS: 6/33 complete; 6 active
PARALLEL PROGRESS: 6/33 complete; 6 active
PARALLEL PROGRESS: 6/33 complete; 6 active
PARALLEL PROGRESS: 6/33 complete; 6 active
PARALLEL PROGRESS: 6/33 complete; 6 active
PARALLEL PROGRESS: 6/33 complete; 6 active
PARALLEL PROGRESS: 6/33 complete; 6 active
PARALLEL PROGRESS: 6/33 complete; 6 active
PARALLEL PROGRESS: 6/33 complete; 6 active
PARALLEL PROGRESS: 6/33 complete; 6 active
PARALLEL PROGRESS: 6/33 complete; 6 active
PARALLEL PROGRESS: 6/33 complete; 6 active
PARALLEL PROGRESS: 6/33 complete; 6 active
PARALLEL PROGRESS: 6/33 complete; 6 active
PARALLEL PROGRESS: 6/33 complete; 6 active
PARALLEL PROGRESS: 6/33 complete; 6 active
PARALLEL PROGRESS: 6/33 complete; 6 active
PARALLEL PROGRESS: 6/33 complete; 6 active
PARALLEL PROGRESS: 6/33 complete; 6 active
PARALLEL PROGRESS: 6/33 complete; 6 active
PARALLEL PROGRESS: 6/33 complete; 6 active
PARALLEL PROGRESS: 6/33 complete; 6 active
PARALLEL PROGRESS: 6/33 complete; 6 active
PARALLEL PROGRESS: 6/33 complete; 6 active
PARALLEL PROGRESS: 6/33 complete; 6 active
PARALLEL PROGRESS: 6/33 complete; 6 active
PARALLEL PROGRESS: 6/33 complete; 6 active
PARALLEL PROGRESS: 6/33 complete; 6 active
PARALLEL PROGRESS: 6/33 complete; 6 active
PARALLEL PROGRESS: 6/33 complete; 6 active
PARALLEL PROGRESS: 6/33 complete; 6 active
PARALLEL PROGRESS: 6/33 complete; 6 active
PARALLEL PROGRESS: 6/33 complete; 6 active
PARALLEL PROGRESS: 6/33 complete; 6 active
PARALLEL PROGRESS: 6/33 complete; 6 active
PARALLEL PROGRESS: 6/33 complete; 6 active
PARALLEL PROGRESS: 6/33 complete; 6 active
PARALLEL PROGRESS: 6/33 complete; 6 active
PARALLEL PROGRESS: 6/33 complete; 6 active
PARALLEL PROGRESS: 6/33 complete; 6 active
PARALLEL PROGRESS: 6/33 complete; 6 active
PARALLEL PROGRESS: 6/33 complete; 6 active
PARALLEL PROGRESS: 6/33 complete; 6 active
PARALLEL PROGRESS: 6/33 complete; 6 active
PARALLEL PROGRESS: 6/33 complete; 6 active
PARALLEL PROGRESS: 6/33 complete; 6 active
PARALLEL PROGRESS: 6/33 complete; 6 active
PARALLEL PROGRESS: 6/33 complete; 6 active
PARALLEL PROGRESS: 6/33 complete; 6 active
PARALLEL PROGRESS: 6/33 complete; 6 active
PARALLEL PROGRESS: 6/33 complete; 6 active
PARALLEL PROGRESS: 6/33 complete; 6 active
PARALLEL PROGRESS: 6/33 complete; 6 active
PARALLEL PROGRESS: 6/33 complete; 6 active
PARALLEL PROGRESS: 6/33 complete; 6 active
PARALLEL PROGRESS: 6/33 complete; 6 active
PARALLEL PROGRESS: 6/33 complete; 6 active
PARALLEL PROGRESS: 6/33 complete; 6 active
PARALLEL PROGRESS: 6/33 complete; 6 active
PARALLEL PROGRESS: 6/33 complete; 6 active
PARALLEL PROGRESS: 6/33 complete; 6 active
PARALLEL PROGRESS: 6/33 complete; 6 active
PARALLEL PROGRESS: 6/33 complete; 6 active
PARALLEL PROGRESS: 6/33 complete; 6 active
PARALLEL PROGRESS: 6/33 complete; 6 active
PARALLEL PROGRESS: 6/33 complete; 6 active
PARALLEL PROGRESS: 6/33 complete; 6 active
PARALLEL PROGRESS: 6/33 complete; 6 active
PARALLEL PROGRESS: 6/33 complete; 6 active
PARALLEL PROGRESS: 6/33 complete; 6 active
PARALLEL PROGRESS: 6/33 complete; 6 active
PARALLEL PROGRESS: 6/33 complete; 6 active
PARALLEL PROGRESS: 6/33 complete; 6 active
PARALLEL PROGRESS: 6/33 complete; 6 active
PARALLEL PROGRESS: 6/33 complete; 6 active
PARALLEL PROGRESS: 6/33 complete; 6 active
PARALLEL PROGRESS: 6/33 complete; 6 active
PARALLEL PROGRESS: 6/33 complete; 6 active
PARALLEL PROGRESS: 6/33 complete; 6 active
PARALLEL PROGRESS: 6/33 complete; 6 active
PARALLEL PROGRESS: 6/33 complete; 6 active
PARALLEL PROGRESS: 6/33 complete; 6 active
PARALLEL PROGRESS: 6/33 complete; 6 active
PARALLEL PROGRESS: 6/33 complete; 6 active
PARALLEL PROGRESS: 6/33 complete; 6 active
PARALLEL PROGRESS: 6/33 complete; 6 active
PARALLEL PROGRESS: 6/33 complete; 6 active
PARALLEL PROGRESS: 6/33 complete; 6 active
PARALLEL PROGRESS: 6/33 complete; 6 active
PARALLEL PROGRESS: 6/33 complete; 6 active
PARALLEL PROGRESS: 6/33 complete; 6 active
PARALLEL PROGRESS: 6/33 complete; 6 active
PARALLEL PROGRESS: 6/33 complete; 6 active
PARALLEL PROGRESS: 6/33 complete; 6 active
PARALLEL PROGRESS: 6/33 complete; 6 active
PARALLEL PROGRESS: 6/33 complete; 6 active
PARALLEL PROGRESS: 6/33 complete; 6 active
PARALLEL PROGRESS: 6/33 complete; 6 active
PARALLEL PROGRESS: 6/33 complete; 6 active
PARALLEL PROGRESS: 6/33 complete; 6 active
PARALLEL PROGRESS: 6/33 complete; 6 active
PARALLEL PROGRESS: 6/33 complete; 6 active
PARALLEL PROGRESS: 6/33 complete; 6 active
PARALLEL PROGRESS: 6/33 complete; 6 active
PARALLEL PROGRESS: 6/33 complete; 6 active
PARALLEL PROGRESS: 6/33 complete; 6 active
PARALLEL PROGRESS: 6/33 complete; 6 active
PARALLEL PROGRESS: 6/33 complete; 6 active
PARALLEL PROGRESS: 6/33 complete; 6 active
PARALLEL PROGRESS: 6/33 complete; 6 active
PARALLEL PROGRESS: 6/33 complete; 6 active
PARALLEL PROGRESS: 6/33 complete; 6 active
PARALLEL PROGRESS: 6/33 complete; 6 active
PARALLEL PROGRESS: 6/33 complete; 6 active
FINISH JOB 8/33 (7 complete)
START JOB 13/33 GPU=GPU-a01ef2f2-32c0-4682-fb60-49448ba4ea61 LOG=/home/yqt/XuanyiLi/RL-for-charging/revision_results/experiment_3_gpu_parallel_2500_5seeds_90s/20260922_185259_914157/parallel_jobs/job_0012/worker.log
PARALLEL PROGRESS: 7/33 complete; 6 active
PARALLEL PROGRESS: 7/33 complete; 6 active
PARALLEL PROGRESS: 7/33 complete; 6 active
PARALLEL PROGRESS: 7/33 complete; 6 active
PARALLEL PROGRESS: 7/33 complete; 6 active
PARALLEL PROGRESS: 7/33 complete; 6 active
PARALLEL PROGRESS: 7/33 complete; 6 active
PARALLEL PROGRESS: 7/33 complete; 6 active
FINISH JOB 7/33 (8 complete)
START JOB 14/33 GPU=GPU-852c53c7-8b53-1abc-0811-713083167dbe LOG=/home/yqt/XuanyiLi/RL-for-charging/revision_results/experiment_3_gpu_parallel_2500_5seeds_90s/20260922_185259_914157/parallel_jobs/job_0013/worker.log
FINISH JOB 12/33 (9 complete)
START JOB 15/33 GPU=GPU-a01ef2f2-32c0-4682-fb60-49448ba4ea61 LOG=/home/yqt/XuanyiLi/RL-for-charging/revision_results/experiment_3_gpu_parallel_2500_5seeds_90s/20260922_185259_914157/parallel_jobs/job_0014/worker.log
FINISH JOB 11/33 (10 complete)
START JOB 16/33 GPU=GPU-852c53c7-8b53-1abc-0811-713083167dbe LOG=/home/yqt/XuanyiLi/RL-for-charging/revision_results/experiment_3_gpu_parallel_2500_5seeds_90s/20260922_185259_914157/parallel_jobs/job_0015/worker.log
PARALLEL PROGRESS: 10/33 complete; 6 active
PARALLEL PROGRESS: 10/33 complete; 6 active
PARALLEL PROGRESS: 10/33 complete; 6 active
FINISH JOB 9/33 (11 complete)
START JOB 17/33 GPU=GPU-852c53c7-8b53-1abc-0811-713083167dbe LOG=/home/yqt/XuanyiLi/RL-for-charging/revision_results/experiment_3_gpu_parallel_2500_5seeds_90s/20260922_185259_914157/parallel_jobs/job_0016/worker.log
PARALLEL PROGRESS: 11/33 complete; 6 active
PARALLEL PROGRESS: 11/33 complete; 6 active
PARALLEL PROGRESS: 11/33 complete; 6 active
PARALLEL PROGRESS: 11/33 complete; 6 active
PARALLEL PROGRESS: 11/33 complete; 6 active
PARALLEL PROGRESS: 11/33 complete; 6 active
PARALLEL PROGRESS: 11/33 complete; 6 active
PARALLEL PROGRESS: 11/33 complete; 6 active
PARALLEL PROGRESS: 11/33 complete; 6 active
PARALLEL PROGRESS: 11/33 complete; 6 active
PARALLEL PROGRESS: 11/33 complete; 6 active
FINISH JOB 10/33 (12 complete)
START JOB 18/33 GPU=GPU-a01ef2f2-32c0-4682-fb60-49448ba4ea61 LOG=/home/yqt/XuanyiLi/RL-for-charging/revision_results/experiment_3_gpu_parallel_2500_5seeds_90s/20260922_185259_914157/parallel_jobs/job_0017/worker.log
PARALLEL PROGRESS: 12/33 complete; 6 active
PARALLEL PROGRESS: 12/33 complete; 6 active
PARALLEL PROGRESS: 12/33 complete; 6 active
PARALLEL PROGRESS: 12/33 complete; 6 active
PARALLEL PROGRESS: 12/33 complete; 6 active
PARALLEL PROGRESS: 12/33 complete; 6 active
PARALLEL PROGRESS: 12/33 complete; 6 active
PARALLEL PROGRESS: 12/33 complete; 6 active
PARALLEL PROGRESS: 12/33 complete; 6 active
PARALLEL PROGRESS: 12/33 complete; 6 active
PARALLEL PROGRESS: 12/33 complete; 6 active
PARALLEL PROGRESS: 12/33 complete; 6 active
PARALLEL PROGRESS: 12/33 complete; 6 active
PARALLEL PROGRESS: 12/33 complete; 6 active
PARALLEL PROGRESS: 12/33 complete; 6 active
PARALLEL PROGRESS: 12/33 complete; 6 active
PARALLEL PROGRESS: 12/33 complete; 6 active
PARALLEL PROGRESS: 12/33 complete; 6 active
PARALLEL PROGRESS: 12/33 complete; 6 active
PARALLEL PROGRESS: 12/33 complete; 6 active
PARALLEL PROGRESS: 12/33 complete; 6 active
PARALLEL PROGRESS: 12/33 complete; 6 active
PARALLEL PROGRESS: 12/33 complete; 6 active
PARALLEL PROGRESS: 12/33 complete; 6 active
PARALLEL PROGRESS: 12/33 complete; 6 active
PARALLEL PROGRESS: 12/33 complete; 6 active
PARALLEL PROGRESS: 12/33 complete; 6 active
PARALLEL PROGRESS: 12/33 complete; 6 active
PARALLEL PROGRESS: 12/33 complete; 6 active
PARALLEL PROGRESS: 12/33 complete; 6 active
PARALLEL PROGRESS: 12/33 complete; 6 active
PARALLEL PROGRESS: 12/33 complete; 6 active
PARALLEL PROGRESS: 12/33 complete; 6 active
PARALLEL PROGRESS: 12/33 complete; 6 active
PARALLEL PROGRESS: 12/33 complete; 6 active
PARALLEL PROGRESS: 12/33 complete; 6 active
PARALLEL PROGRESS: 12/33 complete; 6 active
PARALLEL PROGRESS: 12/33 complete; 6 active
PARALLEL PROGRESS: 12/33 complete; 6 active
PARALLEL PROGRESS: 12/33 complete; 6 active
PARALLEL PROGRESS: 12/33 complete; 6 active
PARALLEL PROGRESS: 12/33 complete; 6 active
PARALLEL PROGRESS: 12/33 complete; 6 active
PARALLEL PROGRESS: 12/33 complete; 6 active
PARALLEL PROGRESS: 12/33 complete; 6 active
PARALLEL PROGRESS: 12/33 complete; 6 active
PARALLEL PROGRESS: 12/33 complete; 6 active
PARALLEL PROGRESS: 12/33 complete; 6 active
PARALLEL PROGRESS: 12/33 complete; 6 active
PARALLEL PROGRESS: 12/33 complete; 6 active
PARALLEL PROGRESS: 12/33 complete; 6 active
PARALLEL PROGRESS: 12/33 complete; 6 active
PARALLEL PROGRESS: 12/33 complete; 6 active
PARALLEL PROGRESS: 12/33 complete; 6 active
PARALLEL PROGRESS: 12/33 complete; 6 active
PARALLEL PROGRESS: 12/33 complete; 6 active
PARALLEL PROGRESS: 12/33 complete; 6 active
PARALLEL PROGRESS: 12/33 complete; 6 active
PARALLEL PROGRESS: 12/33 complete; 6 active
PARALLEL PROGRESS: 12/33 complete; 6 active
PARALLEL PROGRESS: 12/33 complete; 6 active
PARALLEL PROGRESS: 12/33 complete; 6 active
PARALLEL PROGRESS: 12/33 complete; 6 active
PARALLEL PROGRESS: 12/33 complete; 6 active
PARALLEL PROGRESS: 12/33 complete; 6 active
PARALLEL PROGRESS: 12/33 complete; 6 active
PARALLEL PROGRESS: 12/33 complete; 6 active
PARALLEL PROGRESS: 12/33 complete; 6 active
PARALLEL PROGRESS: 12/33 complete; 6 active
PARALLEL PROGRESS: 12/33 complete; 6 active
PARALLEL PROGRESS: 12/33 complete; 6 active
PARALLEL PROGRESS: 12/33 complete; 6 active
PARALLEL PROGRESS: 12/33 complete; 6 active
PARALLEL PROGRESS: 12/33 complete; 6 active
PARALLEL PROGRESS: 12/33 complete; 6 active
PARALLEL PROGRESS: 12/33 complete; 6 active
PARALLEL PROGRESS: 12/33 complete; 6 active
PARALLEL PROGRESS: 12/33 complete; 6 active
PARALLEL PROGRESS: 12/33 complete; 6 active
PARALLEL PROGRESS: 12/33 complete; 6 active
PARALLEL PROGRESS: 12/33 complete; 6 active
PARALLEL PROGRESS: 12/33 complete; 6 active
PARALLEL PROGRESS: 12/33 complete; 6 active
PARALLEL PROGRESS: 12/33 complete; 6 active
PARALLEL PROGRESS: 12/33 complete; 6 active
PARALLEL PROGRESS: 12/33 complete; 6 active
PARALLEL PROGRESS: 12/33 complete; 6 active
PARALLEL PROGRESS: 12/33 complete; 6 active
PARALLEL PROGRESS: 12/33 complete; 6 active
PARALLEL PROGRESS: 12/33 complete; 6 active
PARALLEL PROGRESS: 12/33 complete; 6 active
PARALLEL PROGRESS: 12/33 complete; 6 active
PARALLEL PROGRESS: 12/33 complete; 6 active
PARALLEL PROGRESS: 12/33 complete; 6 active
PARALLEL PROGRESS: 12/33 complete; 6 active
PARALLEL PROGRESS: 12/33 complete; 6 active
PARALLEL PROGRESS: 12/33 complete; 6 active
PARALLEL PROGRESS: 12/33 complete; 6 active
PARALLEL PROGRESS: 12/33 complete; 6 active
PARALLEL PROGRESS: 12/33 complete; 6 active
PARALLEL PROGRESS: 12/33 complete; 6 active
PARALLEL PROGRESS: 12/33 complete; 6 active
PARALLEL PROGRESS: 12/33 complete; 6 active
PARALLEL PROGRESS: 12/33 complete; 6 active
PARALLEL PROGRESS: 12/33 complete; 6 active
PARALLEL PROGRESS: 12/33 complete; 6 active
PARALLEL PROGRESS: 12/33 complete; 6 active
PARALLEL PROGRESS: 12/33 complete; 6 active
PARALLEL PROGRESS: 12/33 complete; 6 active
PARALLEL PROGRESS: 12/33 complete; 6 active
PARALLEL PROGRESS: 12/33 complete; 6 active
PARALLEL PROGRESS: 12/33 complete; 6 active
PARALLEL PROGRESS: 12/33 complete; 6 active
PARALLEL PROGRESS: 12/33 complete; 6 active
PARALLEL PROGRESS: 12/33 complete; 6 active
PARALLEL PROGRESS: 12/33 complete; 6 active
PARALLEL PROGRESS: 12/33 complete; 6 active
PARALLEL PROGRESS: 12/33 complete; 6 active
PARALLEL PROGRESS: 12/33 complete; 6 active
PARALLEL PROGRESS: 12/33 complete; 6 active
PARALLEL PROGRESS: 12/33 complete; 6 active
PARALLEL PROGRESS: 12/33 complete; 6 active
PARALLEL PROGRESS: 12/33 complete; 6 active
PARALLEL PROGRESS: 12/33 complete; 6 active
PARALLEL PROGRESS: 12/33 complete; 6 active
PARALLEL PROGRESS: 12/33 complete; 6 active
PARALLEL PROGRESS: 12/33 complete; 6 active
PARALLEL PROGRESS: 12/33 complete; 6 active
PARALLEL PROGRESS: 12/33 complete; 6 active
PARALLEL PROGRESS: 12/33 complete; 6 active
PARALLEL PROGRESS: 12/33 complete; 6 active
PARALLEL PROGRESS: 12/33 complete; 6 active
PARALLEL PROGRESS: 12/33 complete; 6 active
PARALLEL PROGRESS: 12/33 complete; 6 active
PARALLEL PROGRESS: 12/33 complete; 6 active
PARALLEL PROGRESS: 12/33 complete; 6 active
PARALLEL PROGRESS: 12/33 complete; 6 active
PARALLEL PROGRESS: 12/33 complete; 6 active
PARALLEL PROGRESS: 12/33 complete; 6 active
PARALLEL PROGRESS: 12/33 complete; 6 active
PARALLEL PROGRESS: 12/33 complete; 6 active
PARALLEL PROGRESS: 12/33 complete; 6 active
PARALLEL PROGRESS: 12/33 complete; 6 active
PARALLEL PROGRESS: 12/33 complete; 6 active
PARALLEL PROGRESS: 12/33 complete; 6 active
PARALLEL PROGRESS: 12/33 complete; 6 active
PARALLEL PROGRESS: 12/33 complete; 6 active
PARALLEL PROGRESS: 12/33 complete; 6 active
PARALLEL PROGRESS: 12/33 complete; 6 active
PARALLEL PROGRESS: 12/33 complete; 6 active
PARALLEL PROGRESS: 12/33 complete; 6 active
PARALLEL PROGRESS: 12/33 complete; 6 active
PARALLEL PROGRESS: 12/33 complete; 6 active
PARALLEL PROGRESS: 12/33 complete; 6 active
PARALLEL PROGRESS: 12/33 complete; 6 active
PARALLEL PROGRESS: 12/33 complete; 6 active
PARALLEL PROGRESS: 12/33 complete; 6 active
PARALLEL PROGRESS: 12/33 complete; 6 active
PARALLEL PROGRESS: 12/33 complete; 6 active
PARALLEL PROGRESS: 12/33 complete; 6 active
PARALLEL PROGRESS: 12/33 complete; 6 active
PARALLEL PROGRESS: 12/33 complete; 6 active
PARALLEL PROGRESS: 12/33 complete; 6 active
PARALLEL PROGRESS: 12/33 complete; 6 active
PARALLEL PROGRESS: 12/33 complete; 6 active
PARALLEL PROGRESS: 12/33 complete; 6 active
PARALLEL PROGRESS: 12/33 complete; 6 active
PARALLEL PROGRESS: 12/33 complete; 6 active
PARALLEL PROGRESS: 12/33 complete; 6 active
PARALLEL PROGRESS: 12/33 complete; 6 active
PARALLEL PROGRESS: 12/33 complete; 6 active
PARALLEL PROGRESS: 12/33 complete; 6 active
PARALLEL PROGRESS: 12/33 complete; 6 active
PARALLEL PROGRESS: 12/33 complete; 6 active
PARALLEL PROGRESS: 12/33 complete; 6 active
PARALLEL PROGRESS: 12/33 complete; 6 active
PARALLEL PROGRESS: 12/33 complete; 6 active
PARALLEL PROGRESS: 12/33 complete; 6 active
PARALLEL PROGRESS: 12/33 complete; 6 active
PARALLEL PROGRESS: 12/33 complete; 6 active
PARALLEL PROGRESS: 12/33 complete; 6 active
PARALLEL PROGRESS: 12/33 complete; 6 active
PARALLEL PROGRESS: 12/33 complete; 6 active
PARALLEL PROGRESS: 12/33 complete; 6 active
PARALLEL PROGRESS: 12/33 complete; 6 active
PARALLEL PROGRESS: 12/33 complete; 6 active
PARALLEL PROGRESS: 12/33 complete; 6 active
PARALLEL PROGRESS: 12/33 complete; 6 active
PARALLEL PROGRESS: 12/33 complete; 6 active
PARALLEL PROGRESS: 12/33 complete; 6 active
PARALLEL PROGRESS: 12/33 complete; 6 active
PARALLEL PROGRESS: 12/33 complete; 6 active
PARALLEL PROGRESS: 12/33 complete; 6 active
PARALLEL PROGRESS: 12/33 complete; 6 active
PARALLEL PROGRESS: 12/33 complete; 6 active
PARALLEL PROGRESS: 12/33 complete; 6 active
PARALLEL PROGRESS: 12/33 complete; 6 active
PARALLEL PROGRESS: 12/33 complete; 6 active
PARALLEL PROGRESS: 12/33 complete; 6 active
PARALLEL PROGRESS: 12/33 complete; 6 active
PARALLEL PROGRESS: 12/33 complete; 6 active
PARALLEL PROGRESS: 12/33 complete; 6 active
PARALLEL PROGRESS: 12/33 complete; 6 active
FINISH JOB 16/33 (13 complete)
START JOB 19/33 GPU=GPU-852c53c7-8b53-1abc-0811-713083167dbe LOG=/home/yqt/XuanyiLi/RL-for-charging/revision_results/experiment_3_gpu_parallel_2500_5seeds_90s/20260922_185259_914157/parallel_jobs/job_0018/worker.log
PARALLEL PROGRESS: 13/33 complete; 6 active
FINISH JOB 18/33 (14 complete)
START JOB 20/33 GPU=GPU-a01ef2f2-32c0-4682-fb60-49448ba4ea61 LOG=/home/yqt/XuanyiLi/RL-for-charging/revision_results/experiment_3_gpu_parallel_2500_5seeds_90s/20260922_185259_914157/parallel_jobs/job_0019/worker.log
PARALLEL PROGRESS: 14/33 complete; 6 active
PARALLEL PROGRESS: 14/33 complete; 6 active
PARALLEL PROGRESS: 14/33 complete; 6 active
PARALLEL PROGRESS: 14/33 complete; 6 active
PARALLEL PROGRESS: 14/33 complete; 6 active
PARALLEL PROGRESS: 14/33 complete; 6 active
PARALLEL PROGRESS: 14/33 complete; 6 active
PARALLEL PROGRESS: 14/33 complete; 6 active
PARALLEL PROGRESS: 14/33 complete; 6 active
PARALLEL PROGRESS: 14/33 complete; 6 active
PARALLEL PROGRESS: 14/33 complete; 6 active
FINISH JOB 13/33 (15 complete)
START JOB 21/33 GPU=GPU-a01ef2f2-32c0-4682-fb60-49448ba4ea61 LOG=/home/yqt/XuanyiLi/RL-for-charging/revision_results/experiment_3_gpu_parallel_2500_5seeds_90s/20260922_185259_914157/parallel_jobs/job_0020/worker.log
PARALLEL PROGRESS: 15/33 complete; 6 active
PARALLEL PROGRESS: 15/33 complete; 6 active
PARALLEL PROGRESS: 15/33 complete; 6 active
PARALLEL PROGRESS: 15/33 complete; 6 active
PARALLEL PROGRESS: 15/33 complete; 6 active
PARALLEL PROGRESS: 15/33 complete; 6 active
FINISH JOB 14/33 (16 complete)
START JOB 22/33 GPU=GPU-852c53c7-8b53-1abc-0811-713083167dbe LOG=/home/yqt/XuanyiLi/RL-for-charging/revision_results/experiment_3_gpu_parallel_2500_5seeds_90s/20260922_185259_914157/parallel_jobs/job_0021/worker.log
PARALLEL PROGRESS: 16/33 complete; 6 active
PARALLEL PROGRESS: 16/33 complete; 6 active
PARALLEL PROGRESS: 16/33 complete; 6 active
PARALLEL PROGRESS: 16/33 complete; 6 active
PARALLEL PROGRESS: 16/33 complete; 6 active
FINISH JOB 15/33 (17 complete)
START JOB 23/33 GPU=GPU-a01ef2f2-32c0-4682-fb60-49448ba4ea61 LOG=/home/yqt/XuanyiLi/RL-for-charging/revision_results/experiment_3_gpu_parallel_2500_5seeds_90s/20260922_185259_914157/parallel_jobs/job_0022/worker.log
PARALLEL PROGRESS: 17/33 complete; 6 active
PARALLEL PROGRESS: 17/33 complete; 6 active
PARALLEL PROGRESS: 17/33 complete; 6 active
PARALLEL PROGRESS: 17/33 complete; 6 active
PARALLEL PROGRESS: 17/33 complete; 6 active
PARALLEL PROGRESS: 17/33 complete; 6 active
PARALLEL PROGRESS: 17/33 complete; 6 active
FINISH JOB 17/33 (18 complete)
START JOB 24/33 GPU=GPU-852c53c7-8b53-1abc-0811-713083167dbe LOG=/home/yqt/XuanyiLi/RL-for-charging/revision_results/experiment_3_gpu_parallel_2500_5seeds_90s/20260922_185259_914157/parallel_jobs/job_0023/worker.log
PARALLEL PROGRESS: 18/33 complete; 6 active
PARALLEL PROGRESS: 18/33 complete; 6 active
PARALLEL PROGRESS: 18/33 complete; 6 active
PARALLEL PROGRESS: 18/33 complete; 6 active
PARALLEL PROGRESS: 18/33 complete; 6 active
PARALLEL PROGRESS: 18/33 complete; 6 active
PARALLEL PROGRESS: 18/33 complete; 6 active
PARALLEL PROGRESS: 18/33 complete; 6 active
PARALLEL PROGRESS: 18/33 complete; 6 active
PARALLEL PROGRESS: 18/33 complete; 6 active
PARALLEL PROGRESS: 18/33 complete; 6 active
PARALLEL PROGRESS: 18/33 complete; 6 active
PARALLEL PROGRESS: 18/33 complete; 6 active
PARALLEL PROGRESS: 18/33 complete; 6 active
PARALLEL PROGRESS: 18/33 complete; 6 active
PARALLEL PROGRESS: 18/33 complete; 6 active
PARALLEL PROGRESS: 18/33 complete; 6 active
PARALLEL PROGRESS: 18/33 complete; 6 active
PARALLEL PROGRESS: 18/33 complete; 6 active
PARALLEL PROGRESS: 18/33 complete; 6 active
PARALLEL PROGRESS: 18/33 complete; 6 active
PARALLEL PROGRESS: 18/33 complete; 6 active
PARALLEL PROGRESS: 18/33 complete; 6 active
PARALLEL PROGRESS: 18/33 complete; 6 active
PARALLEL PROGRESS: 18/33 complete; 6 active
PARALLEL PROGRESS: 18/33 complete; 6 active
PARALLEL PROGRESS: 18/33 complete; 6 active
PARALLEL PROGRESS: 18/33 complete; 6 active
PARALLEL PROGRESS: 18/33 complete; 6 active
PARALLEL PROGRESS: 18/33 complete; 6 active
PARALLEL PROGRESS: 18/33 complete; 6 active
PARALLEL PROGRESS: 18/33 complete; 6 active
PARALLEL PROGRESS: 18/33 complete; 6 active
PARALLEL PROGRESS: 18/33 complete; 6 active
PARALLEL PROGRESS: 18/33 complete; 6 active
PARALLEL PROGRESS: 18/33 complete; 6 active
PARALLEL PROGRESS: 18/33 complete; 6 active
PARALLEL PROGRESS: 18/33 complete; 6 active
PARALLEL PROGRESS: 18/33 complete; 6 active
PARALLEL PROGRESS: 18/33 complete; 6 active
PARALLEL PROGRESS: 18/33 complete; 6 active
PARALLEL PROGRESS: 18/33 complete; 6 active
PARALLEL PROGRESS: 18/33 complete; 6 active
PARALLEL PROGRESS: 18/33 complete; 6 active
PARALLEL PROGRESS: 18/33 complete; 6 active
PARALLEL PROGRESS: 18/33 complete; 6 active
PARALLEL PROGRESS: 18/33 complete; 6 active
PARALLEL PROGRESS: 18/33 complete; 6 active
PARALLEL PROGRESS: 18/33 complete; 6 active
PARALLEL PROGRESS: 18/33 complete; 6 active
PARALLEL PROGRESS: 18/33 complete; 6 active
PARALLEL PROGRESS: 18/33 complete; 6 active
PARALLEL PROGRESS: 18/33 complete; 6 active
PARALLEL PROGRESS: 18/33 complete; 6 active
PARALLEL PROGRESS: 18/33 complete; 6 active
PARALLEL PROGRESS: 18/33 complete; 6 active
PARALLEL PROGRESS: 18/33 complete; 6 active
PARALLEL PROGRESS: 18/33 complete; 6 active
PARALLEL PROGRESS: 18/33 complete; 6 active
PARALLEL PROGRESS: 18/33 complete; 6 active
PARALLEL PROGRESS: 18/33 complete; 6 active
PARALLEL PROGRESS: 18/33 complete; 6 active
PARALLEL PROGRESS: 18/33 complete; 6 active
PARALLEL PROGRESS: 18/33 complete; 6 active
PARALLEL PROGRESS: 18/33 complete; 6 active
PARALLEL PROGRESS: 18/33 complete; 6 active
PARALLEL PROGRESS: 18/33 complete; 6 active
PARALLEL PROGRESS: 18/33 complete; 6 active
PARALLEL PROGRESS: 18/33 complete; 6 active
PARALLEL PROGRESS: 18/33 complete; 6 active
PARALLEL PROGRESS: 18/33 complete; 6 active
PARALLEL PROGRESS: 18/33 complete; 6 active
PARALLEL PROGRESS: 18/33 complete; 6 active
PARALLEL PROGRESS: 18/33 complete; 6 active
PARALLEL PROGRESS: 18/33 complete; 6 active
PARALLEL PROGRESS: 18/33 complete; 6 active
PARALLEL PROGRESS: 18/33 complete; 6 active
PARALLEL PROGRESS: 18/33 complete; 6 active
PARALLEL PROGRESS: 18/33 complete; 6 active
PARALLEL PROGRESS: 18/33 complete; 6 active
PARALLEL PROGRESS: 18/33 complete; 6 active
PARALLEL PROGRESS: 18/33 complete; 6 active
PARALLEL PROGRESS: 18/33 complete; 6 active
PARALLEL PROGRESS: 18/33 complete; 6 active
PARALLEL PROGRESS: 18/33 complete; 6 active
PARALLEL PROGRESS: 18/33 complete; 6 active
PARALLEL PROGRESS: 18/33 complete; 6 active
PARALLEL PROGRESS: 18/33 complete; 6 active
PARALLEL PROGRESS: 18/33 complete; 6 active
PARALLEL PROGRESS: 18/33 complete; 6 active
PARALLEL PROGRESS: 18/33 complete; 6 active
PARALLEL PROGRESS: 18/33 complete; 6 active
PARALLEL PROGRESS: 18/33 complete; 6 active
PARALLEL PROGRESS: 18/33 complete; 6 active
PARALLEL PROGRESS: 18/33 complete; 6 active
PARALLEL PROGRESS: 18/33 complete; 6 active
PARALLEL PROGRESS: 18/33 complete; 6 active
PARALLEL PROGRESS: 18/33 complete; 6 active
PARALLEL PROGRESS: 18/33 complete; 6 active
PARALLEL PROGRESS: 18/33 complete; 6 active
PARALLEL PROGRESS: 18/33 complete; 6 active
PARALLEL PROGRESS: 18/33 complete; 6 active
PARALLEL PROGRESS: 18/33 complete; 6 active
PARALLEL PROGRESS: 18/33 complete; 6 active
PARALLEL PROGRESS: 18/33 complete; 6 active
PARALLEL PROGRESS: 18/33 complete; 6 active
PARALLEL PROGRESS: 18/33 complete; 6 active
PARALLEL PROGRESS: 18/33 complete; 6 active
PARALLEL PROGRESS: 18/33 complete; 6 active
PARALLEL PROGRESS: 18/33 complete; 6 active
PARALLEL PROGRESS: 18/33 complete; 6 active
PARALLEL PROGRESS: 18/33 complete; 6 active
PARALLEL PROGRESS: 18/33 complete; 6 active
PARALLEL PROGRESS: 18/33 complete; 6 active
PARALLEL PROGRESS: 18/33 complete; 6 active
PARALLEL PROGRESS: 18/33 complete; 6 active
PARALLEL PROGRESS: 18/33 complete; 6 active
PARALLEL PROGRESS: 18/33 complete; 6 active
PARALLEL PROGRESS: 18/33 complete; 6 active
PARALLEL PROGRESS: 18/33 complete; 6 active
PARALLEL PROGRESS: 18/33 complete; 6 active
PARALLEL PROGRESS: 18/33 complete; 6 active
PARALLEL PROGRESS: 18/33 complete; 6 active
PARALLEL PROGRESS: 18/33 complete; 6 active
PARALLEL PROGRESS: 18/33 complete; 6 active
PARALLEL PROGRESS: 18/33 complete; 6 active
PARALLEL PROGRESS: 18/33 complete; 6 active
PARALLEL PROGRESS: 18/33 complete; 6 active
PARALLEL PROGRESS: 18/33 complete; 6 active
PARALLEL PROGRESS: 18/33 complete; 6 active
PARALLEL PROGRESS: 18/33 complete; 6 active
PARALLEL PROGRESS: 18/33 complete; 6 active
PARALLEL PROGRESS: 18/33 complete; 6 active
PARALLEL PROGRESS: 18/33 complete; 6 active
PARALLEL PROGRESS: 18/33 complete; 6 active
PARALLEL PROGRESS: 18/33 complete; 6 active
PARALLEL PROGRESS: 18/33 complete; 6 active
PARALLEL PROGRESS: 18/33 complete; 6 active
PARALLEL PROGRESS: 18/33 complete; 6 active
PARALLEL PROGRESS: 18/33 complete; 6 active
PARALLEL PROGRESS: 18/33 complete; 6 active
PARALLEL PROGRESS: 18/33 complete; 6 active
PARALLEL PROGRESS: 18/33 complete; 6 active
PARALLEL PROGRESS: 18/33 complete; 6 active
PARALLEL PROGRESS: 18/33 complete; 6 active
PARALLEL PROGRESS: 18/33 complete; 6 active
PARALLEL PROGRESS: 18/33 complete; 6 active
PARALLEL PROGRESS: 18/33 complete; 6 active
PARALLEL PROGRESS: 18/33 complete; 6 active
PARALLEL PROGRESS: 18/33 complete; 6 active
PARALLEL PROGRESS: 18/33 complete; 6 active
PARALLEL PROGRESS: 18/33 complete; 6 active
PARALLEL PROGRESS: 18/33 complete; 6 active
PARALLEL PROGRESS: 18/33 complete; 6 active
PARALLEL PROGRESS: 18/33 complete; 6 active
PARALLEL PROGRESS: 18/33 complete; 6 active
PARALLEL PROGRESS: 18/33 complete; 6 active
PARALLEL PROGRESS: 18/33 complete; 6 active
PARALLEL PROGRESS: 18/33 complete; 6 active
PARALLEL PROGRESS: 18/33 complete; 6 active
PARALLEL PROGRESS: 18/33 complete; 6 active
PARALLEL PROGRESS: 18/33 complete; 6 active
PARALLEL PROGRESS: 18/33 complete; 6 active
PARALLEL PROGRESS: 18/33 complete; 6 active
PARALLEL PROGRESS: 18/33 complete; 6 active
PARALLEL PROGRESS: 18/33 complete; 6 active
PARALLEL PROGRESS: 18/33 complete; 6 active
PARALLEL PROGRESS: 18/33 complete; 6 active
PARALLEL PROGRESS: 18/33 complete; 6 active
PARALLEL PROGRESS: 18/33 complete; 6 active
PARALLEL PROGRESS: 18/33 complete; 6 active
PARALLEL PROGRESS: 18/33 complete; 6 active
PARALLEL PROGRESS: 18/33 complete; 6 active
PARALLEL PROGRESS: 18/33 complete; 6 active
PARALLEL PROGRESS: 18/33 complete; 6 active
PARALLEL PROGRESS: 18/33 complete; 6 active
PARALLEL PROGRESS: 18/33 complete; 6 active
PARALLEL PROGRESS: 18/33 complete; 6 active
PARALLEL PROGRESS: 18/33 complete; 6 active
PARALLEL PROGRESS: 18/33 complete; 6 active
PARALLEL PROGRESS: 18/33 complete; 6 active
PARALLEL PROGRESS: 18/33 complete; 6 active
PARALLEL PROGRESS: 18/33 complete; 6 active
PARALLEL PROGRESS: 18/33 complete; 6 active
PARALLEL PROGRESS: 18/33 complete; 6 active
PARALLEL PROGRESS: 18/33 complete; 6 active
PARALLEL PROGRESS: 18/33 complete; 6 active
PARALLEL PROGRESS: 18/33 complete; 6 active
PARALLEL PROGRESS: 18/33 complete; 6 active
PARALLEL PROGRESS: 18/33 complete; 6 active
PARALLEL PROGRESS: 18/33 complete; 6 active
PARALLEL PROGRESS: 18/33 complete; 6 active
PARALLEL PROGRESS: 18/33 complete; 6 active
PARALLEL PROGRESS: 18/33 complete; 6 active
PARALLEL PROGRESS: 18/33 complete; 6 active
PARALLEL PROGRESS: 18/33 complete; 6 active
PARALLEL PROGRESS: 18/33 complete; 6 active
PARALLEL PROGRESS: 18/33 complete; 6 active
PARALLEL PROGRESS: 18/33 complete; 6 active
PARALLEL PROGRESS: 18/33 complete; 6 active
FINISH JOB 21/33 (19 complete)
START JOB 25/33 GPU=GPU-a01ef2f2-32c0-4682-fb60-49448ba4ea61 LOG=/home/yqt/XuanyiLi/RL-for-charging/revision_results/experiment_3_gpu_parallel_2500_5seeds_90s/20260922_185259_914157/parallel_jobs/job_0024/worker.log
PARALLEL PROGRESS: 19/33 complete; 6 active
PARALLEL PROGRESS: 19/33 complete; 6 active
PARALLEL PROGRESS: 19/33 complete; 6 active
PARALLEL PROGRESS: 19/33 complete; 6 active
PARALLEL PROGRESS: 19/33 complete; 6 active
PARALLEL PROGRESS: 19/33 complete; 6 active
FINISH JOB 22/33 (20 complete)
START JOB 26/33 GPU=GPU-852c53c7-8b53-1abc-0811-713083167dbe LOG=/home/yqt/XuanyiLi/RL-for-charging/revision_results/experiment_3_gpu_parallel_2500_5seeds_90s/20260922_185259_914157/parallel_jobs/job_0025/worker.log
PARALLEL PROGRESS: 20/33 complete; 6 active
PARALLEL PROGRESS: 20/33 complete; 6 active
PARALLEL PROGRESS: 20/33 complete; 6 active
PARALLEL PROGRESS: 20/33 complete; 6 active
PARALLEL PROGRESS: 20/33 complete; 6 active
PARALLEL PROGRESS: 20/33 complete; 6 active
PARALLEL PROGRESS: 20/33 complete; 6 active
PARALLEL PROGRESS: 20/33 complete; 6 active
PARALLEL PROGRESS: 20/33 complete; 6 active
PARALLEL PROGRESS: 20/33 complete; 6 active
PARALLEL PROGRESS: 20/33 complete; 6 active
PARALLEL PROGRESS: 20/33 complete; 6 active
FINISH JOB 19/33 (21 complete)
START JOB 27/33 GPU=GPU-852c53c7-8b53-1abc-0811-713083167dbe LOG=/home/yqt/XuanyiLi/RL-for-charging/revision_results/experiment_3_gpu_parallel_2500_5seeds_90s/20260922_185259_914157/parallel_jobs/job_0026/worker.log
PARALLEL PROGRESS: 21/33 complete; 6 active
PARALLEL PROGRESS: 21/33 complete; 6 active
PARALLEL PROGRESS: 21/33 complete; 6 active
FINISH JOB 23/33 (22 complete)
START JOB 28/33 GPU=GPU-a01ef2f2-32c0-4682-fb60-49448ba4ea61 LOG=/home/yqt/XuanyiLi/RL-for-charging/revision_results/experiment_3_gpu_parallel_2500_5seeds_90s/20260922_185259_914157/parallel_jobs/job_0027/worker.log
PARALLEL PROGRESS: 22/33 complete; 6 active
FINISH JOB 20/33 (23 complete)
START JOB 29/33 GPU=GPU-a01ef2f2-32c0-4682-fb60-49448ba4ea61 LOG=/home/yqt/XuanyiLi/RL-for-charging/revision_results/experiment_3_gpu_parallel_2500_5seeds_90s/20260922_185259_914157/parallel_jobs/job_0028/worker.log
PARALLEL PROGRESS: 23/33 complete; 6 active
PARALLEL PROGRESS: 23/33 complete; 6 active
FINISH JOB 24/33 (24 complete)
START JOB 30/33 GPU=GPU-852c53c7-8b53-1abc-0811-713083167dbe LOG=/home/yqt/XuanyiLi/RL-for-charging/revision_results/experiment_3_gpu_parallel_2500_5seeds_90s/20260922_185259_914157/parallel_jobs/job_0029/worker.log
PARALLEL PROGRESS: 24/33 complete; 6 active
PARALLEL PROGRESS: 24/33 complete; 6 active
PARALLEL PROGRESS: 24/33 complete; 6 active
PARALLEL PROGRESS: 24/33 complete; 6 active
PARALLEL PROGRESS: 24/33 complete; 6 active
PARALLEL PROGRESS: 24/33 complete; 6 active
PARALLEL PROGRESS: 24/33 complete; 6 active
PARALLEL PROGRESS: 24/33 complete; 6 active
PARALLEL PROGRESS: 24/33 complete; 6 active
PARALLEL PROGRESS: 24/33 complete; 6 active
PARALLEL PROGRESS: 24/33 complete; 6 active
PARALLEL PROGRESS: 24/33 complete; 6 active
PARALLEL PROGRESS: 24/33 complete; 6 active
PARALLEL PROGRESS: 24/33 complete; 6 active
PARALLEL PROGRESS: 24/33 complete; 6 active
PARALLEL PROGRESS: 24/33 complete; 6 active
PARALLEL PROGRESS: 24/33 complete; 6 active
PARALLEL PROGRESS: 24/33 complete; 6 active
PARALLEL PROGRESS: 24/33 complete; 6 active
PARALLEL PROGRESS: 24/33 complete; 6 active
PARALLEL PROGRESS: 24/33 complete; 6 active
PARALLEL PROGRESS: 24/33 complete; 6 active
PARALLEL PROGRESS: 24/33 complete; 6 active
PARALLEL PROGRESS: 24/33 complete; 6 active
PARALLEL PROGRESS: 24/33 complete; 6 active
PARALLEL PROGRESS: 24/33 complete; 6 active
PARALLEL PROGRESS: 24/33 complete; 6 active
PARALLEL PROGRESS: 24/33 complete; 6 active
PARALLEL PROGRESS: 24/33 complete; 6 active
PARALLEL PROGRESS: 24/33 complete; 6 active
PARALLEL PROGRESS: 24/33 complete; 6 active
PARALLEL PROGRESS: 24/33 complete; 6 active
PARALLEL PROGRESS: 24/33 complete; 6 active
PARALLEL PROGRESS: 24/33 complete; 6 active
PARALLEL PROGRESS: 24/33 complete; 6 active
PARALLEL PROGRESS: 24/33 complete; 6 active
PARALLEL PROGRESS: 24/33 complete; 6 active
PARALLEL PROGRESS: 24/33 complete; 6 active
PARALLEL PROGRESS: 24/33 complete; 6 active
PARALLEL PROGRESS: 24/33 complete; 6 active
PARALLEL PROGRESS: 24/33 complete; 6 active
PARALLEL PROGRESS: 24/33 complete; 6 active
PARALLEL PROGRESS: 24/33 complete; 6 active
PARALLEL PROGRESS: 24/33 complete; 6 active
PARALLEL PROGRESS: 24/33 complete; 6 active
PARALLEL PROGRESS: 24/33 complete; 6 active
PARALLEL PROGRESS: 24/33 complete; 6 active
PARALLEL PROGRESS: 24/33 complete; 6 active
PARALLEL PROGRESS: 24/33 complete; 6 active
PARALLEL PROGRESS: 24/33 complete; 6 active
PARALLEL PROGRESS: 24/33 complete; 6 active
PARALLEL PROGRESS: 24/33 complete; 6 active
PARALLEL PROGRESS: 24/33 complete; 6 active
PARALLEL PROGRESS: 24/33 complete; 6 active
PARALLEL PROGRESS: 24/33 complete; 6 active
PARALLEL PROGRESS: 24/33 complete; 6 active
PARALLEL PROGRESS: 24/33 complete; 6 active
PARALLEL PROGRESS: 24/33 complete; 6 active
PARALLEL PROGRESS: 24/33 complete; 6 active
PARALLEL PROGRESS: 24/33 complete; 6 active
PARALLEL PROGRESS: 24/33 complete; 6 active
PARALLEL PROGRESS: 24/33 complete; 6 active
PARALLEL PROGRESS: 24/33 complete; 6 active
PARALLEL PROGRESS: 24/33 complete; 6 active
PARALLEL PROGRESS: 24/33 complete; 6 active
PARALLEL PROGRESS: 24/33 complete; 6 active
PARALLEL PROGRESS: 24/33 complete; 6 active
PARALLEL PROGRESS: 24/33 complete; 6 active
PARALLEL PROGRESS: 24/33 complete; 6 active
PARALLEL PROGRESS: 24/33 complete; 6 active
PARALLEL PROGRESS: 24/33 complete; 6 active
PARALLEL PROGRESS: 24/33 complete; 6 active
PARALLEL PROGRESS: 24/33 complete; 6 active
PARALLEL PROGRESS: 24/33 complete; 6 active
PARALLEL PROGRESS: 24/33 complete; 6 active
PARALLEL PROGRESS: 24/33 complete; 6 active
PARALLEL PROGRESS: 24/33 complete; 6 active
PARALLEL PROGRESS: 24/33 complete; 6 active
PARALLEL PROGRESS: 24/33 complete; 6 active
PARALLEL PROGRESS: 24/33 complete; 6 active
PARALLEL PROGRESS: 24/33 complete; 6 active
PARALLEL PROGRESS: 24/33 complete; 6 active
PARALLEL PROGRESS: 24/33 complete; 6 active
PARALLEL PROGRESS: 24/33 complete; 6 active
PARALLEL PROGRESS: 24/33 complete; 6 active
PARALLEL PROGRESS: 24/33 complete; 6 active
PARALLEL PROGRESS: 24/33 complete; 6 active
PARALLEL PROGRESS: 24/33 complete; 6 active
PARALLEL PROGRESS: 24/33 complete; 6 active
PARALLEL PROGRESS: 24/33 complete; 6 active
PARALLEL PROGRESS: 24/33 complete; 6 active
PARALLEL PROGRESS: 24/33 complete; 6 active
PARALLEL PROGRESS: 24/33 complete; 6 active
PARALLEL PROGRESS: 24/33 complete; 6 active
PARALLEL PROGRESS: 24/33 complete; 6 active
PARALLEL PROGRESS: 24/33 complete; 6 active
PARALLEL PROGRESS: 24/33 complete; 6 active
PARALLEL PROGRESS: 24/33 complete; 6 active
PARALLEL PROGRESS: 24/33 complete; 6 active
PARALLEL PROGRESS: 24/33 complete; 6 active
PARALLEL PROGRESS: 24/33 complete; 6 active
PARALLEL PROGRESS: 24/33 complete; 6 active
PARALLEL PROGRESS: 24/33 complete; 6 active
PARALLEL PROGRESS: 24/33 complete; 6 active
PARALLEL PROGRESS: 24/33 complete; 6 active
PARALLEL PROGRESS: 24/33 complete; 6 active
PARALLEL PROGRESS: 24/33 complete; 6 active
PARALLEL PROGRESS: 24/33 complete; 6 active
PARALLEL PROGRESS: 24/33 complete; 6 active
PARALLEL PROGRESS: 24/33 complete; 6 active
PARALLEL PROGRESS: 24/33 complete; 6 active
PARALLEL PROGRESS: 24/33 complete; 6 active
PARALLEL PROGRESS: 24/33 complete; 6 active
PARALLEL PROGRESS: 24/33 complete; 6 active
PARALLEL PROGRESS: 24/33 complete; 6 active
PARALLEL PROGRESS: 24/33 complete; 6 active
PARALLEL PROGRESS: 24/33 complete; 6 active
PARALLEL PROGRESS: 24/33 complete; 6 active
PARALLEL PROGRESS: 24/33 complete; 6 active
PARALLEL PROGRESS: 24/33 complete; 6 active
PARALLEL PROGRESS: 24/33 complete; 6 active
PARALLEL PROGRESS: 24/33 complete; 6 active
PARALLEL PROGRESS: 24/33 complete; 6 active
PARALLEL PROGRESS: 24/33 complete; 6 active
PARALLEL PROGRESS: 24/33 complete; 6 active
PARALLEL PROGRESS: 24/33 complete; 6 active
PARALLEL PROGRESS: 24/33 complete; 6 active
PARALLEL PROGRESS: 24/33 complete; 6 active
PARALLEL PROGRESS: 24/33 complete; 6 active
PARALLEL PROGRESS: 24/33 complete; 6 active
PARALLEL PROGRESS: 24/33 complete; 6 active
PARALLEL PROGRESS: 24/33 complete; 6 active
PARALLEL PROGRESS: 24/33 complete; 6 active
PARALLEL PROGRESS: 24/33 complete; 6 active
PARALLEL PROGRESS: 24/33 complete; 6 active
PARALLEL PROGRESS: 24/33 complete; 6 active
PARALLEL PROGRESS: 24/33 complete; 6 active
PARALLEL PROGRESS: 24/33 complete; 6 active
PARALLEL PROGRESS: 24/33 complete; 6 active
PARALLEL PROGRESS: 24/33 complete; 6 active
PARALLEL PROGRESS: 24/33 complete; 6 active
PARALLEL PROGRESS: 24/33 complete; 6 active
PARALLEL PROGRESS: 24/33 complete; 6 active
PARALLEL PROGRESS: 24/33 complete; 6 active
PARALLEL PROGRESS: 24/33 complete; 6 active
PARALLEL PROGRESS: 24/33 complete; 6 active
PARALLEL PROGRESS: 24/33 complete; 6 active
PARALLEL PROGRESS: 24/33 complete; 6 active
PARALLEL PROGRESS: 24/33 complete; 6 active
PARALLEL PROGRESS: 24/33 complete; 6 active
PARALLEL PROGRESS: 24/33 complete; 6 active
PARALLEL PROGRESS: 24/33 complete; 6 active
PARALLEL PROGRESS: 24/33 complete; 6 active
PARALLEL PROGRESS: 24/33 complete; 6 active
PARALLEL PROGRESS: 24/33 complete; 6 active
PARALLEL PROGRESS: 24/33 complete; 6 active
PARALLEL PROGRESS: 24/33 complete; 6 active
PARALLEL PROGRESS: 24/33 complete; 6 active
PARALLEL PROGRESS: 24/33 complete; 6 active
PARALLEL PROGRESS: 24/33 complete; 6 active
PARALLEL PROGRESS: 24/33 complete; 6 active
PARALLEL PROGRESS: 24/33 complete; 6 active
PARALLEL PROGRESS: 24/33 complete; 6 active
PARALLEL PROGRESS: 24/33 complete; 6 active
PARALLEL PROGRESS: 24/33 complete; 6 active
PARALLEL PROGRESS: 24/33 complete; 6 active
PARALLEL PROGRESS: 24/33 complete; 6 active
PARALLEL PROGRESS: 24/33 complete; 6 active
PARALLEL PROGRESS: 24/33 complete; 6 active
PARALLEL PROGRESS: 24/33 complete; 6 active
PARALLEL PROGRESS: 24/33 complete; 6 active
PARALLEL PROGRESS: 24/33 complete; 6 active
PARALLEL PROGRESS: 24/33 complete; 6 active
PARALLEL PROGRESS: 24/33 complete; 6 active
PARALLEL PROGRESS: 24/33 complete; 6 active
PARALLEL PROGRESS: 24/33 complete; 6 active
PARALLEL PROGRESS: 24/33 complete; 6 active
PARALLEL PROGRESS: 24/33 complete; 6 active
PARALLEL PROGRESS: 24/33 complete; 6 active
PARALLEL PROGRESS: 24/33 complete; 6 active
PARALLEL PROGRESS: 24/33 complete; 6 active
PARALLEL PROGRESS: 24/33 complete; 6 active
PARALLEL PROGRESS: 24/33 complete; 6 active
PARALLEL PROGRESS: 24/33 complete; 6 active
PARALLEL PROGRESS: 24/33 complete; 6 active
PARALLEL PROGRESS: 24/33 complete; 6 active
PARALLEL PROGRESS: 24/33 complete; 6 active
PARALLEL PROGRESS: 24/33 complete; 6 active
PARALLEL PROGRESS: 24/33 complete; 6 active
PARALLEL PROGRESS: 24/33 complete; 6 active
PARALLEL PROGRESS: 24/33 complete; 6 active
PARALLEL PROGRESS: 24/33 complete; 6 active
PARALLEL PROGRESS: 24/33 complete; 6 active
PARALLEL PROGRESS: 24/33 complete; 6 active
PARALLEL PROGRESS: 24/33 complete; 6 active
PARALLEL PROGRESS: 24/33 complete; 6 active
PARALLEL PROGRESS: 24/33 complete; 6 active
PARALLEL PROGRESS: 24/33 complete; 6 active
PARALLEL PROGRESS: 24/33 complete; 6 active
FINISH JOB 25/33 (25 complete)
START JOB 31/33 GPU=GPU-a01ef2f2-32c0-4682-fb60-49448ba4ea61 LOG=/home/yqt/XuanyiLi/RL-for-charging/revision_results/experiment_3_gpu_parallel_2500_5seeds_90s/20260922_185259_914157/parallel_jobs/job_0030/worker.log
PARALLEL PROGRESS: 25/33 complete; 6 active
PARALLEL PROGRESS: 25/33 complete; 6 active
PARALLEL PROGRESS: 25/33 complete; 6 active
PARALLEL PROGRESS: 25/33 complete; 6 active
PARALLEL PROGRESS: 25/33 complete; 6 active
PARALLEL PROGRESS: 25/33 complete; 6 active
PARALLEL PROGRESS: 25/33 complete; 6 active
PARALLEL PROGRESS: 25/33 complete; 6 active
PARALLEL PROGRESS: 25/33 complete; 6 active
PARALLEL PROGRESS: 25/33 complete; 6 active
PARALLEL PROGRESS: 25/33 complete; 6 active
PARALLEL PROGRESS: 25/33 complete; 6 active
PARALLEL PROGRESS: 25/33 complete; 6 active
PARALLEL PROGRESS: 25/33 complete; 6 active
PARALLEL PROGRESS: 25/33 complete; 6 active
PARALLEL PROGRESS: 25/33 complete; 6 active
PARALLEL PROGRESS: 25/33 complete; 6 active
PARALLEL PROGRESS: 25/33 complete; 6 active
PARALLEL PROGRESS: 25/33 complete; 6 active
PARALLEL PROGRESS: 25/33 complete; 6 active
FINISH JOB 26/33 (26 complete)
START JOB 32/33 GPU=GPU-852c53c7-8b53-1abc-0811-713083167dbe LOG=/home/yqt/XuanyiLi/RL-for-charging/revision_results/experiment_3_gpu_parallel_2500_5seeds_90s/20260922_185259_914157/parallel_jobs/job_0031/worker.log
PARALLEL PROGRESS: 26/33 complete; 6 active
FINISH JOB 31/33 (27 complete)
START JOB 33/33 GPU=GPU-a01ef2f2-32c0-4682-fb60-49448ba4ea61 LOG=/home/yqt/XuanyiLi/RL-for-charging/revision_results/experiment_3_gpu_parallel_2500_5seeds_90s/20260922_185259_914157/parallel_jobs/job_0032/worker.log
PARALLEL PROGRESS: 27/33 complete; 6 active
PARALLEL PROGRESS: 27/33 complete; 6 active
PARALLEL PROGRESS: 27/33 complete; 6 active
PARALLEL PROGRESS: 27/33 complete; 6 active
PARALLEL PROGRESS: 27/33 complete; 6 active
PARALLEL PROGRESS: 27/33 complete; 6 active
PARALLEL PROGRESS: 27/33 complete; 6 active
PARALLEL PROGRESS: 27/33 complete; 6 active
PARALLEL PROGRESS: 27/33 complete; 6 active
PARALLEL PROGRESS: 27/33 complete; 6 active
PARALLEL PROGRESS: 27/33 complete; 6 active
PARALLEL PROGRESS: 27/33 complete; 6 active
PARALLEL PROGRESS: 27/33 complete; 6 active
FINISH JOB 29/33 (28 complete)
PARALLEL PROGRESS: 28/33 complete; 5 active
FINISH JOB 27/33 (29 complete)
FINISH JOB 28/33 (30 complete)
PARALLEL PROGRESS: 30/33 complete; 3 active
PARALLEL PROGRESS: 30/33 complete; 3 active
PARALLEL PROGRESS: 30/33 complete; 3 active
PARALLEL PROGRESS: 30/33 complete; 3 active
PARALLEL PROGRESS: 30/33 complete; 3 active
PARALLEL PROGRESS: 30/33 complete; 3 active
FINISH JOB 30/33 (31 complete)
PARALLEL PROGRESS: 31/33 complete; 2 active
PARALLEL PROGRESS: 31/33 complete; 2 active
FINISH JOB 32/33 (32 complete)
FINISH JOB 33/33 (33 complete)
COMPLETED: /home/yqt/XuanyiLi/RL-for-charging/revision_results/experiment_3_gpu_parallel_2500_5seeds_90s/20260922_185259_914157
