OUTPUT: C:\Users\zhengzihao\Desktop\RL-for-charging-main\revision_results\experiment_1\20260920_105021_516059
RECOVERY: reusing saved optimizer parameters; recalculating predictions and unchanged gates.
REUSE cell=1 current=4A full_fit seed=7
REUSE cell=1 current=4A full_fit seed=17
REUSE cell=1 current=4A full_fit seed=27
REUSE cell=1 current=4A full_fit seed=37
REUSE cell=1 current=4A full_fit seed=47
REUSE cell=1 current=4A prefix_fit seed=7
REUSE cell=1 current=4A prefix_fit seed=17
REUSE cell=1 current=4A prefix_fit seed=27
REUSE cell=1 current=4A prefix_fit seed=37
REUSE cell=1 current=4A prefix_fit seed=47
REUSE cell=2 current=4A full_fit seed=7
REUSE cell=2 current=4A full_fit seed=17
REUSE cell=2 current=4A full_fit seed=27
REUSE cell=2 current=4A full_fit seed=37
REUSE cell=2 current=4A full_fit seed=47
REUSE cell=2 current=4A prefix_fit seed=7
REUSE cell=2 current=4A prefix_fit seed=17
REUSE cell=2 current=4A prefix_fit seed=27
REUSE cell=2 current=4A prefix_fit seed=37
REUSE cell=2 current=4A prefix_fit seed=47
REUSE cell=3 current=4A full_fit seed=7
REUSE cell=3 current=4A full_fit seed=17
REUSE cell=3 current=4A full_fit seed=27
REUSE cell=3 current=4A full_fit seed=37
REUSE cell=3 current=4A full_fit seed=47
REUSE cell=3 current=4A prefix_fit seed=7
REUSE cell=3 current=4A prefix_fit seed=17
REUSE cell=3 current=4A prefix_fit seed=27
REUSE cell=3 current=4A prefix_fit seed=37
REUSE cell=3 current=4A prefix_fit seed=47
REUSE cell=1 current=5A full_fit seed=7
REUSE cell=1 current=5A full_fit seed=17
REUSE cell=1 current=5A full_fit seed=27
REUSE cell=1 current=5A full_fit seed=37
REUSE cell=1 current=5A full_fit seed=47
REUSE cell=1 current=5A prefix_fit seed=7
REUSE cell=1 current=5A prefix_fit seed=17
REUSE cell=1 current=5A prefix_fit seed=27
REUSE cell=1 current=5A prefix_fit seed=37
REUSE cell=1 current=5A prefix_fit seed=47
REUSE cell=2 current=5A full_fit seed=7
REUSE cell=2 current=5A full_fit seed=17
REUSE cell=2 current=5A full_fit seed=27
REUSE cell=2 current=5A full_fit seed=37
REUSE cell=2 current=5A full_fit seed=47
REUSE cell=2 current=5A prefix_fit seed=7
REUSE cell=2 current=5A prefix_fit seed=17
REUSE cell=2 current=5A prefix_fit seed=27
REUSE cell=2 current=5A prefix_fit seed=37
REUSE cell=2 current=5A prefix_fit seed=47
REUSE cell=3 current=5A full_fit seed=7
REUSE cell=3 current=5A full_fit seed=17
REUSE cell=3 current=5A full_fit seed=27
REUSE cell=3 current=5A full_fit seed=37
REUSE cell=3 current=5A full_fit seed=47
REUSE cell=3 current=5A prefix_fit seed=7
REUSE cell=3 current=5A prefix_fit seed=17
REUSE cell=3 current=5A prefix_fit seed=27
REUSE cell=3 current=5A prefix_fit seed=37
REUSE cell=3 current=5A prefix_fit seed=47
COMPLETED: C:\Users\zhengzihao\Desktop\RL-for-charging-main\revision_results\experiment_1\20260920_105021_516059
