OUTPUT: C:\Users\zhengzihao\Desktop\RL-for-charging-main\revision_results\experiment_2\20260920_105237_066120
USING EXPERIMENT 1: C:\Users\zhengzihao\Desktop\RL-for-charging-main\revision_results\experiment_1\20260920_105021_516059
TRAIN raw dt=90s seed=7
dt=90 seed=7 shield=False steps=446/60000 ep=10 target=True constraints=False
dt=90 seed=7 shield=False steps=943/60000 ep=20 target=False constraints=False
dt=90 seed=7 shield=False steps=1347/60000 ep=30 target=True constraints=False
dt=90 seed=7 shield=False steps=1754/60000 ep=40 target=True constraints=False
dt=90 seed=7 shield=False steps=2218/60000 ep=50 target=True constraints=False
dt=90 seed=7 shield=False steps=2679/60000 ep=60 target=False constraints=False
dt=90 seed=7 shield=False steps=3133/60000 ep=70 target=True constraints=False
dt=90 seed=7 shield=False steps=3620/60000 ep=80 target=True constraints=False
dt=90 seed=7 shield=False steps=4115/60000 ep=90 target=True constraints=False
dt=90 seed=7 shield=False steps=4504/60000 ep=100 target=True constraints=False
dt=90 seed=7 shield=False steps=4884/60000 ep=110 target=True constraints=False
dt=90 seed=7 shield=False steps=5226/60000 ep=120 target=True constraints=False
dt=90 seed=7 shield=False steps=5539/60000 ep=130 target=True constraints=False
dt=90 seed=7 shield=False steps=5863/60000 ep=140 target=True constraints=False
dt=90 seed=7 shield=False steps=6190/60000 ep=150 target=True constraints=False
dt=90 seed=7 shield=False steps=6537/60000 ep=160 target=True constraints=False
dt=90 seed=7 shield=False steps=6890/60000 ep=170 target=True constraints=False
dt=90 seed=7 shield=False steps=7231/60000 ep=180 target=True constraints=False
dt=90 seed=7 shield=False steps=7546/60000 ep=190 target=True constraints=False
dt=90 seed=7 shield=False steps=7848/60000 ep=200 target=True constraints=False
dt=90 seed=7 shield=False steps=8207/60000 ep=210 target=True constraints=False
dt=90 seed=7 shield=False steps=8529/60000 ep=220 target=True constraints=False
dt=90 seed=7 shield=False steps=8862/60000 ep=230 target=True constraints=False
dt=90 seed=7 shield=False steps=9152/60000 ep=240 target=True constraints=False
dt=90 seed=7 shield=False steps=9456/60000 ep=250 target=True constraints=False
dt=90 seed=7 shield=False steps=9742/60000 ep=260 target=True constraints=False
dt=90 seed=7 shield=False steps=10032/60000 ep=270 target=False constraints=False
dt=90 seed=7 shield=False steps=10316/60000 ep=280 target=True constraints=False
dt=90 seed=7 shield=False steps=10593/60000 ep=290 target=True constraints=False
dt=90 seed=7 shield=False steps=10884/60000 ep=300 target=True constraints=False
dt=90 seed=7 shield=False steps=11174/60000 ep=310 target=True constraints=False
dt=90 seed=7 shield=False steps=11440/60000 ep=320 target=True constraints=False
dt=90 seed=7 shield=False steps=11731/60000 ep=330 target=True constraints=False
dt=90 seed=7 shield=False steps=12009/60000 ep=340 target=True constraints=False
dt=90 seed=7 shield=False steps=12292/60000 ep=350 target=True constraints=False
dt=90 seed=7 shield=False steps=12579/60000 ep=360 target=True constraints=False
dt=90 seed=7 shield=False steps=12857/60000 ep=370 target=True constraints=False
dt=90 seed=7 shield=False steps=13136/60000 ep=380 target=True constraints=False
dt=90 seed=7 shield=False steps=13423/60000 ep=390 target=True constraints=False
dt=90 seed=7 shield=False steps=13696/60000 ep=400 target=True constraints=False
dt=90 seed=7 shield=False steps=13988/60000 ep=410 target=True constraints=False
dt=90 seed=7 shield=False steps=14276/60000 ep=420 target=True constraints=False
dt=90 seed=7 shield=False steps=14569/60000 ep=430 target=True constraints=False
dt=90 seed=7 shield=False steps=14856/60000 ep=440 target=True constraints=False
dt=90 seed=7 shield=False steps=15156/60000 ep=450 target=True constraints=False
dt=90 seed=7 shield=False steps=15430/60000 ep=460 target=True constraints=False
dt=90 seed=7 shield=False steps=15724/60000 ep=470 target=True constraints=False
dt=90 seed=7 shield=False steps=15984/60000 ep=480 target=True constraints=False
dt=90 seed=7 shield=False steps=16269/60000 ep=490 target=True constraints=False
dt=90 seed=7 shield=False steps=16578/60000 ep=500 target=True constraints=False
dt=90 seed=7 shield=False steps=16870/60000 ep=510 target=True constraints=False
dt=90 seed=7 shield=False steps=17176/60000 ep=520 target=True constraints=False
dt=90 seed=7 shield=False steps=17459/60000 ep=530 target=True constraints=False
dt=90 seed=7 shield=False steps=17761/60000 ep=540 target=True constraints=False
dt=90 seed=7 shield=False steps=18080/60000 ep=550 target=True constraints=False
dt=90 seed=7 shield=False steps=18368/60000 ep=560 target=True constraints=False
dt=90 seed=7 shield=False steps=18650/60000 ep=570 target=True constraints=False
dt=90 seed=7 shield=False steps=18934/60000 ep=580 target=True constraints=False
dt=90 seed=7 shield=False steps=19214/60000 ep=590 target=True constraints=False
dt=90 seed=7 shield=False steps=19494/60000 ep=600 target=True constraints=False
dt=90 seed=7 shield=False steps=19780/60000 ep=610 target=True constraints=False
dt=90 seed=7 shield=False steps=20077/60000 ep=620 target=True constraints=False
dt=90 seed=7 shield=False steps=20374/60000 ep=630 target=False constraints=False
dt=90 seed=7 shield=False steps=20667/60000 ep=640 target=True constraints=False
dt=90 seed=7 shield=False steps=20955/60000 ep=650 target=True constraints=False
dt=90 seed=7 shield=False steps=21240/60000 ep=660 target=True constraints=False
dt=90 seed=7 shield=False steps=21514/60000 ep=670 target=True constraints=False
dt=90 seed=7 shield=False steps=21789/60000 ep=680 target=True constraints=False
dt=90 seed=7 shield=False steps=22072/60000 ep=690 target=True constraints=False
dt=90 seed=7 shield=False steps=22366/60000 ep=700 target=True constraints=False
dt=90 seed=7 shield=False steps=22658/60000 ep=710 target=True constraints=False
dt=90 seed=7 shield=False steps=22926/60000 ep=720 target=True constraints=False
dt=90 seed=7 shield=False steps=23215/60000 ep=730 target=True constraints=False
dt=90 seed=7 shield=False steps=23499/60000 ep=740 target=True constraints=False
dt=90 seed=7 shield=False steps=23795/60000 ep=750 target=True constraints=False
dt=90 seed=7 shield=False steps=24087/60000 ep=760 target=True constraints=False
dt=90 seed=7 shield=False steps=24385/60000 ep=770 target=False constraints=False
dt=90 seed=7 shield=False steps=24686/60000 ep=780 target=True constraints=False
dt=90 seed=7 shield=False steps=25005/60000 ep=790 target=False constraints=False
dt=90 seed=7 shield=False steps=25363/60000 ep=800 target=True constraints=False
dt=90 seed=7 shield=False steps=25672/60000 ep=810 target=True constraints=False
dt=90 seed=7 shield=False steps=25990/60000 ep=820 target=True constraints=False
dt=90 seed=7 shield=False steps=26369/60000 ep=830 target=True constraints=False
dt=90 seed=7 shield=False steps=26710/60000 ep=840 target=True constraints=False
dt=90 seed=7 shield=False steps=27019/60000 ep=850 target=True constraints=False
dt=90 seed=7 shield=False steps=27321/60000 ep=860 target=True constraints=False
dt=90 seed=7 shield=False steps=27642/60000 ep=870 target=True constraints=False
dt=90 seed=7 shield=False steps=27947/60000 ep=880 target=True constraints=False
dt=90 seed=7 shield=False steps=28296/60000 ep=890 target=True constraints=False
dt=90 seed=7 shield=False steps=28632/60000 ep=900 target=True constraints=False
dt=90 seed=7 shield=False steps=28947/60000 ep=910 target=False constraints=False
dt=90 seed=7 shield=False steps=29289/60000 ep=920 target=True constraints=False
dt=90 seed=7 shield=False steps=29608/60000 ep=930 target=True constraints=False
dt=90 seed=7 shield=False steps=29950/60000 ep=940 target=True constraints=False
dt=90 seed=7 shield=False steps=30334/60000 ep=950 target=True constraints=False
dt=90 seed=7 shield=False steps=30711/60000 ep=960 target=True constraints=False
dt=90 seed=7 shield=False steps=31104/60000 ep=970 target=False constraints=False
dt=90 seed=7 shield=False steps=31498/60000 ep=980 target=True constraints=False
dt=90 seed=7 shield=False steps=31859/60000 ep=990 target=True constraints=False
dt=90 seed=7 shield=False steps=32225/60000 ep=1000 target=True constraints=False
dt=90 seed=7 shield=False steps=32612/60000 ep=1010 target=True constraints=False
dt=90 seed=7 shield=False steps=32937/60000 ep=1020 target=True constraints=False
dt=90 seed=7 shield=False steps=33271/60000 ep=1030 target=True constraints=False
dt=90 seed=7 shield=False steps=33639/60000 ep=1040 target=True constraints=False
dt=90 seed=7 shield=False steps=34049/60000 ep=1050 target=True constraints=False
dt=90 seed=7 shield=False steps=34380/60000 ep=1060 target=True constraints=False
dt=90 seed=7 shield=False steps=34709/60000 ep=1070 target=True constraints=False
dt=90 seed=7 shield=False steps=35036/60000 ep=1080 target=True constraints=False
dt=90 seed=7 shield=False steps=35374/60000 ep=1090 target=True constraints=False
dt=90 seed=7 shield=False steps=35693/60000 ep=1100 target=True constraints=False
dt=90 seed=7 shield=False steps=36026/60000 ep=1110 target=True constraints=False
dt=90 seed=7 shield=False steps=36415/60000 ep=1120 target=True constraints=False
dt=90 seed=7 shield=False steps=36808/60000 ep=1130 target=True constraints=False
dt=90 seed=7 shield=False steps=37178/60000 ep=1140 target=True constraints=False
dt=90 seed=7 shield=False steps=37528/60000 ep=1150 target=True constraints=False
dt=90 seed=7 shield=False steps=37937/60000 ep=1160 target=True constraints=False
dt=90 seed=7 shield=False steps=38294/60000 ep=1170 target=True constraints=False
dt=90 seed=7 shield=False steps=38653/60000 ep=1180 target=True constraints=False
dt=90 seed=7 shield=False steps=39017/60000 ep=1190 target=True constraints=False
dt=90 seed=7 shield=False steps=39413/60000 ep=1200 target=True constraints=False
dt=90 seed=7 shield=False steps=39784/60000 ep=1210 target=True constraints=False
dt=90 seed=7 shield=False steps=40184/60000 ep=1220 target=True constraints=False
dt=90 seed=7 shield=False steps=40552/60000 ep=1230 target=True constraints=False
dt=90 seed=7 shield=False steps=40959/60000 ep=1240 target=True constraints=False
dt=90 seed=7 shield=False steps=41388/60000 ep=1250 target=True constraints=False
dt=90 seed=7 shield=False steps=41782/60000 ep=1260 target=True constraints=False
dt=90 seed=7 shield=False steps=42260/60000 ep=1270 target=True constraints=False
dt=90 seed=7 shield=False steps=42756/60000 ep=1280 target=False constraints=False
dt=90 seed=7 shield=False steps=43288/60000 ep=1290 target=True constraints=False
dt=90 seed=7 shield=False steps=43754/60000 ep=1300 target=False constraints=False
dt=90 seed=7 shield=False steps=44270/60000 ep=1310 target=True constraints=False
dt=90 seed=7 shield=False steps=44818/60000 ep=1320 target=False constraints=False
dt=90 seed=7 shield=False steps=45312/60000 ep=1330 target=True constraints=False
dt=90 seed=7 shield=False steps=45854/60000 ep=1340 target=False constraints=False
dt=90 seed=7 shield=False steps=46377/60000 ep=1350 target=True constraints=False
dt=90 seed=7 shield=False steps=46866/60000 ep=1360 target=False constraints=False
dt=90 seed=7 shield=False steps=47419/60000 ep=1370 target=False constraints=False
dt=90 seed=7 shield=False steps=47995/60000 ep=1380 target=False constraints=False
dt=90 seed=7 shield=False steps=48477/60000 ep=1390 target=True constraints=False
dt=90 seed=7 shield=False steps=49022/60000 ep=1400 target=False constraints=False
dt=90 seed=7 shield=False steps=49622/60000 ep=1410 target=False constraints=False
dt=90 seed=7 shield=False steps=50195/60000 ep=1420 target=False constraints=False
dt=90 seed=7 shield=False steps=50795/60000 ep=1430 target=False constraints=False
dt=90 seed=7 shield=False steps=51395/60000 ep=1440 target=False constraints=False
dt=90 seed=7 shield=False steps=51995/60000 ep=1450 target=False constraints=False
dt=90 seed=7 shield=False steps=52582/60000 ep=1460 target=True constraints=False
dt=90 seed=7 shield=False steps=53178/60000 ep=1470 target=False constraints=False
dt=90 seed=7 shield=False steps=53768/60000 ep=1480 target=False constraints=False
dt=90 seed=7 shield=False steps=54368/60000 ep=1490 target=False constraints=False
dt=90 seed=7 shield=False steps=54964/60000 ep=1500 target=False constraints=False
dt=90 seed=7 shield=False steps=55530/60000 ep=1510 target=False constraints=False
dt=90 seed=7 shield=False steps=56130/60000 ep=1520 target=False constraints=False
dt=90 seed=7 shield=False steps=56730/60000 ep=1530 target=False constraints=False
dt=90 seed=7 shield=False steps=57330/60000 ep=1540 target=False constraints=False
dt=90 seed=7 shield=False steps=57930/60000 ep=1550 target=False constraints=False
dt=90 seed=7 shield=False steps=58530/60000 ep=1560 target=False constraints=False
dt=90 seed=7 shield=False steps=59130/60000 ep=1570 target=False constraints=False
dt=90 seed=7 shield=False steps=59730/60000 ep=1580 target=False constraints=False
TRAIN shield_aware dt=90s seed=7
dt=90 seed=7 shield=True steps=398/60000 ep=10 target=True constraints=True
dt=90 seed=7 shield=True steps=846/60000 ep=20 target=True constraints=True
dt=90 seed=7 shield=True steps=1204/60000 ep=30 target=True constraints=True
dt=90 seed=7 shield=True steps=1536/60000 ep=40 target=True constraints=True
dt=90 seed=7 shield=True steps=1901/60000 ep=50 target=True constraints=True
dt=90 seed=7 shield=True steps=2302/60000 ep=60 target=True constraints=True
dt=90 seed=7 shield=True steps=2615/60000 ep=70 target=True constraints=True
dt=90 seed=7 shield=True steps=2896/60000 ep=80 target=True constraints=True
dt=90 seed=7 shield=True steps=3197/60000 ep=90 target=True constraints=True
dt=90 seed=7 shield=True steps=3489/60000 ep=100 target=True constraints=True
dt=90 seed=7 shield=True steps=3821/60000 ep=110 target=True constraints=True
dt=90 seed=7 shield=True steps=4140/60000 ep=120 target=True constraints=True
dt=90 seed=7 shield=True steps=4455/60000 ep=130 target=True constraints=True
