OUTPUT: C:\Users\zhengzihao\Desktop\RL-for-charging-main\revision_results\experiment_1\20260920_092446_348273
E1 begin 4A n=2982 seed=7: PSO 0/50, loss=40.2109
E1 begin 4A n=2982 seed=7: PSO 10/50, loss=8.55767
E1 begin 4A n=2982 seed=7: PSO 20/50, loss=7.99746
E1 begin 4A n=2982 seed=7: PSO 30/50, loss=7.86616
E1 begin 4A n=2982 seed=7: PSO 40/50, loss=7.85594
E1 begin 4A n=2982 seed=7: PSO 50/50, loss=7.85545
E1 begin 4A n=2982 seed=17: PSO 0/50, loss=30.4666
E1 begin 4A n=2982 seed=17: PSO 10/50, loss=2.96406
E1 begin 4A n=2982 seed=17: PSO 20/50, loss=2.3487
E1 begin 4A n=2982 seed=17: PSO 30/50, loss=2.24854
E1 begin 4A n=2982 seed=17: PSO 40/50, loss=2.23425
E1 begin 4A n=2982 seed=17: PSO 50/50, loss=2.22861
E1 begin 4A n=2982 seed=27: PSO 0/50, loss=46.3208
E1 begin 4A n=2982 seed=27: PSO 10/50, loss=2.86664
E1 begin 4A n=2982 seed=27: PSO 20/50, loss=2.3541
E1 begin 4A n=2982 seed=27: PSO 30/50, loss=2.28072
E1 begin 4A n=2982 seed=27: PSO 40/50, loss=2.27535
E1 begin 4A n=2982 seed=27: PSO 50/50, loss=2.27428
E1 begin 4A n=2982 seed=37: PSO 0/50, loss=16.9795
E1 begin 4A n=2982 seed=37: PSO 10/50, loss=2.75559
E1 begin 4A n=2982 seed=37: PSO 20/50, loss=2.46332
E1 begin 4A n=2982 seed=37: PSO 30/50, loss=2.28836
E1 begin 4A n=2982 seed=37: PSO 40/50, loss=2.2771
E1 begin 4A n=2982 seed=37: PSO 50/50, loss=2.27308
E1 begin 4A n=2982 seed=47: PSO 0/50, loss=40.8343
E1 begin 4A n=2982 seed=47: PSO 10/50, loss=2.3461
E1 begin 4A n=2982 seed=47: PSO 20/50, loss=2.29858
E1 begin 4A n=2982 seed=47: PSO 30/50, loss=2.23889
E1 begin 4A n=2982 seed=47: PSO 40/50, loss=2.23097
E1 begin 4A n=2982 seed=47: PSO 50/50, loss=2.23001
E1 begin 4A n=2385 seed=7: PSO 0/50, loss=13.3733
E1 begin 4A n=2385 seed=7: PSO 10/50, loss=0.734791
E1 begin 4A n=2385 seed=7: PSO 20/50, loss=0.67739
E1 begin 4A n=2385 seed=7: PSO 30/50, loss=0.653112
E1 begin 4A n=2385 seed=7: PSO 40/50, loss=0.629383
E1 begin 4A n=2385 seed=7: PSO 50/50, loss=0.628853
E1 begin 4A n=2385 seed=17: PSO 0/50, loss=1.01836
E1 begin 4A n=2385 seed=17: PSO 10/50, loss=0.770464
E1 begin 4A n=2385 seed=17: PSO 20/50, loss=0.657368
E1 begin 4A n=2385 seed=17: PSO 30/50, loss=0.643747
E1 begin 4A n=2385 seed=17: PSO 40/50, loss=0.641671
E1 begin 4A n=2385 seed=17: PSO 50/50, loss=0.636476
E1 begin 4A n=2385 seed=27: PSO 0/50, loss=13.8782
E1 begin 4A n=2385 seed=27: PSO 10/50, loss=0.702076
E1 begin 4A n=2385 seed=27: PSO 20/50, loss=0.66745
E1 begin 4A n=2385 seed=27: PSO 30/50, loss=0.644434
E1 begin 4A n=2385 seed=27: PSO 40/50, loss=0.640047
E1 begin 4A n=2385 seed=27: PSO 50/50, loss=0.639003
E1 begin 4A n=2385 seed=37: PSO 0/50, loss=2.40955
E1 begin 4A n=2385 seed=37: PSO 10/50, loss=1.1155
E1 begin 4A n=2385 seed=37: PSO 20/50, loss=0.648957
E1 begin 4A n=2385 seed=37: PSO 30/50, loss=0.630034
E1 begin 4A n=2385 seed=37: PSO 40/50, loss=0.627491
E1 begin 4A n=2385 seed=37: PSO 50/50, loss=0.624817
E1 begin 4A n=2385 seed=47: PSO 0/50, loss=15.4203
E1 begin 4A n=2385 seed=47: PSO 10/50, loss=1.11879
E1 begin 4A n=2385 seed=47: PSO 20/50, loss=1.03663
E1 begin 4A n=2385 seed=47: PSO 30/50, loss=0.929518
E1 begin 4A n=2385 seed=47: PSO 40/50, loss=0.744098
E1 begin 4A n=2385 seed=47: PSO 50/50, loss=0.648103
E1 middle 4A n=2808 seed=7: PSO 0/50, loss=26.4318
E1 middle 4A n=2808 seed=7: PSO 10/50, loss=2.9937
E1 middle 4A n=2808 seed=7: PSO 20/50, loss=2.20347
E1 middle 4A n=2808 seed=7: PSO 30/50, loss=1.82569
E1 middle 4A n=2808 seed=7: PSO 40/50, loss=1.81825
E1 middle 4A n=2808 seed=7: PSO 50/50, loss=1.81646
E1 middle 4A n=2808 seed=17: PSO 0/50, loss=8.32433
E1 middle 4A n=2808 seed=17: PSO 10/50, loss=2.04711
E1 middle 4A n=2808 seed=17: PSO 20/50, loss=1.85131
E1 middle 4A n=2808 seed=17: PSO 30/50, loss=1.82627
E1 middle 4A n=2808 seed=17: PSO 40/50, loss=1.82044
E1 middle 4A n=2808 seed=17: PSO 50/50, loss=1.81324
E1 middle 4A n=2808 seed=27: PSO 0/50, loss=32.8989
E1 middle 4A n=2808 seed=27: PSO 10/50, loss=2.32578
E1 middle 4A n=2808 seed=27: PSO 20/50, loss=1.86616
E1 middle 4A n=2808 seed=27: PSO 30/50, loss=1.83769
E1 middle 4A n=2808 seed=27: PSO 40/50, loss=1.80662
E1 middle 4A n=2808 seed=27: PSO 50/50, loss=1.80563
E1 middle 4A n=2808 seed=37: PSO 0/50, loss=4.14655
E1 middle 4A n=2808 seed=37: PSO 10/50, loss=2.05208
E1 middle 4A n=2808 seed=37: PSO 20/50, loss=1.82723
E1 middle 4A n=2808 seed=37: PSO 30/50, loss=1.82166
E1 middle 4A n=2808 seed=37: PSO 40/50, loss=1.80697
E1 middle 4A n=2808 seed=37: PSO 50/50, loss=1.80274
E1 middle 4A n=2808 seed=47: PSO 0/50, loss=23.3463
E1 middle 4A n=2808 seed=47: PSO 10/50, loss=1.85788
E1 middle 4A n=2808 seed=47: PSO 20/50, loss=1.82017
E1 middle 4A n=2808 seed=47: PSO 30/50, loss=1.81564
E1 middle 4A n=2808 seed=47: PSO 40/50, loss=1.80417
E1 middle 4A n=2808 seed=47: PSO 50/50, loss=1.80401
E1 middle 4A n=2246 seed=7: PSO 0/50, loss=5.85704
E1 middle 4A n=2246 seed=7: PSO 10/50, loss=1.32595
E1 middle 4A n=2246 seed=7: PSO 20/50, loss=1.20691
E1 middle 4A n=2246 seed=7: PSO 30/50, loss=1.19456
E1 middle 4A n=2246 seed=7: PSO 40/50, loss=1.01492
E1 middle 4A n=2246 seed=7: PSO 50/50, loss=0.857547
E1 middle 4A n=2246 seed=17: PSO 0/50, loss=2.69499
E1 middle 4A n=2246 seed=17: PSO 10/50, loss=0.983839
E1 middle 4A n=2246 seed=17: PSO 20/50, loss=0.911268
E1 middle 4A n=2246 seed=17: PSO 30/50, loss=0.898426
E1 middle 4A n=2246 seed=17: PSO 40/50, loss=0.86314
E1 middle 4A n=2246 seed=17: PSO 50/50, loss=0.848123
E1 middle 4A n=2246 seed=27: PSO 0/50, loss=8.60789
E1 middle 4A n=2246 seed=27: PSO 10/50, loss=0.956276
E1 middle 4A n=2246 seed=27: PSO 20/50, loss=0.905878
E1 middle 4A n=2246 seed=27: PSO 30/50, loss=0.86271
E1 middle 4A n=2246 seed=27: PSO 40/50, loss=0.850469
E1 middle 4A n=2246 seed=27: PSO 50/50, loss=0.849911
E1 middle 4A n=2246 seed=37: PSO 0/50, loss=1.73151
E1 middle 4A n=2246 seed=37: PSO 10/50, loss=1.35489
E1 middle 4A n=2246 seed=37: PSO 20/50, loss=1.34498
E1 middle 4A n=2246 seed=37: PSO 30/50, loss=1.34315
E1 middle 4A n=2246 seed=37: PSO 40/50, loss=1.34208
E1 middle 4A n=2246 seed=37: PSO 50/50, loss=1.34175
E1 middle 4A n=2246 seed=47: PSO 0/50, loss=6.4814
E1 middle 4A n=2246 seed=47: PSO 10/50, loss=1.35498
E1 middle 4A n=2246 seed=47: PSO 20/50, loss=1.34556
E1 middle 4A n=2246 seed=47: PSO 30/50, loss=1.1966
E1 middle 4A n=2246 seed=47: PSO 40/50, loss=1.19542
E1 middle 4A n=2246 seed=47: PSO 50/50, loss=1.19495
E1 age 4A n=2677 seed=7: PSO 0/50, loss=16.6883
E1 age 4A n=2677 seed=7: PSO 10/50, loss=2.76605
E1 age 4A n=2677 seed=7: PSO 20/50, loss=2.67027
E1 age 4A n=2677 seed=7: PSO 30/50, loss=2.5982
E1 age 4A n=2677 seed=7: PSO 40/50, loss=2.5982
E1 age 4A n=2677 seed=7: PSO 50/50, loss=2.5982
E1 age 4A n=2677 seed=17: PSO 0/50, loss=8.921
E1 age 4A n=2677 seed=17: PSO 10/50, loss=2.7138
E1 age 4A n=2677 seed=17: PSO 20/50, loss=2.59877
E1 age 4A n=2677 seed=17: PSO 30/50, loss=2.5982
E1 age 4A n=2677 seed=17: PSO 40/50, loss=2.5982
E1 age 4A n=2677 seed=17: PSO 50/50, loss=2.5982
E1 age 4A n=2677 seed=27: PSO 0/50, loss=40.771
E1 age 4A n=2677 seed=27: PSO 10/50, loss=2.61129
E1 age 4A n=2677 seed=27: PSO 20/50, loss=2.5982
E1 age 4A n=2677 seed=27: PSO 30/50, loss=2.57256
E1 age 4A n=2677 seed=27: PSO 40/50, loss=2.57246
E1 age 4A n=2677 seed=27: PSO 50/50, loss=2.57246
E1 age 4A n=2677 seed=37: PSO 0/50, loss=13.5392
E1 age 4A n=2677 seed=37: PSO 10/50, loss=2.664
E1 age 4A n=2677 seed=37: PSO 20/50, loss=2.61926
E1 age 4A n=2677 seed=37: PSO 30/50, loss=2.5725
E1 age 4A n=2677 seed=37: PSO 40/50, loss=2.57246
E1 age 4A n=2677 seed=37: PSO 50/50, loss=2.57246
E1 age 4A n=2677 seed=47: PSO 0/50, loss=25.3714
E1 age 4A n=2677 seed=47: PSO 10/50, loss=2.70328
E1 age 4A n=2677 seed=47: PSO 20/50, loss=2.61055
E1 age 4A n=2677 seed=47: PSO 30/50, loss=2.5982
E1 age 4A n=2677 seed=47: PSO 40/50, loss=2.5982
E1 age 4A n=2677 seed=47: PSO 50/50, loss=2.5982
E1 age 4A n=2141 seed=7: PSO 0/50, loss=4.26815
E1 age 4A n=2141 seed=7: PSO 10/50, loss=0.869099
E1 age 4A n=2141 seed=7: PSO 20/50, loss=0.847964
E1 age 4A n=2141 seed=7: PSO 30/50, loss=0.847391
E1 age 4A n=2141 seed=7: PSO 40/50, loss=0.845245
E1 age 4A n=2141 seed=7: PSO 50/50, loss=0.845238
E1 age 4A n=2141 seed=17: PSO 0/50, loss=3.67654
E1 age 4A n=2141 seed=17: PSO 10/50, loss=0.843695
E1 age 4A n=2141 seed=17: PSO 20/50, loss=0.812353
E1 age 4A n=2141 seed=17: PSO 30/50, loss=0.781053
E1 age 4A n=2141 seed=17: PSO 40/50, loss=0.779176
E1 age 4A n=2141 seed=17: PSO 50/50, loss=0.779152
E1 age 4A n=2141 seed=27: PSO 0/50, loss=9.33401
E1 age 4A n=2141 seed=27: PSO 10/50, loss=0.990207
E1 age 4A n=2141 seed=27: PSO 20/50, loss=0.851512
E1 age 4A n=2141 seed=27: PSO 30/50, loss=0.849132
E1 age 4A n=2141 seed=27: PSO 40/50, loss=0.848893
E1 age 4A n=2141 seed=27: PSO 50/50, loss=0.848734
E1 age 4A n=2141 seed=37: PSO 0/50, loss=2.527
E1 age 4A n=2141 seed=37: PSO 10/50, loss=1.06242
E1 age 4A n=2141 seed=37: PSO 20/50, loss=1.00298
E1 age 4A n=2141 seed=37: PSO 30/50, loss=0.852422
E1 age 4A n=2141 seed=37: PSO 40/50, loss=0.841996
E1 age 4A n=2141 seed=37: PSO 50/50, loss=0.841927
E1 age 4A n=2141 seed=47: PSO 0/50, loss=3.8981
E1 age 4A n=2141 seed=47: PSO 10/50, loss=1.73184
E1 age 4A n=2141 seed=47: PSO 20/50, loss=1.26143
E1 age 4A n=2141 seed=47: PSO 30/50, loss=0.923
E1 age 4A n=2141 seed=47: PSO 40/50, loss=0.844103
E1 age 4A n=2141 seed=47: PSO 50/50, loss=0.843983
E1 begin 5A n=2982 seed=7: PSO 0/50, loss=9.68774
E1 begin 5A n=2982 seed=7: PSO 10/50, loss=2.76138
E1 begin 5A n=2982 seed=7: PSO 20/50, loss=2.67162
E1 begin 5A n=2982 seed=7: PSO 30/50, loss=2.33658
E1 begin 5A n=2982 seed=7: PSO 40/50, loss=2.3225
E1 begin 5A n=2982 seed=7: PSO 50/50, loss=2.31569
E1 begin 5A n=2982 seed=17: PSO 0/50, loss=21.6454
E1 begin 5A n=2982 seed=17: PSO 10/50, loss=2.75563
E1 begin 5A n=2982 seed=17: PSO 20/50, loss=2.68717
E1 begin 5A n=2982 seed=17: PSO 30/50, loss=2.5261
E1 begin 5A n=2982 seed=17: PSO 40/50, loss=2.3701
E1 begin 5A n=2982 seed=17: PSO 50/50, loss=2.35075
E1 begin 5A n=2982 seed=27: PSO 0/50, loss=13.7702
E1 begin 5A n=2982 seed=27: PSO 10/50, loss=2.83917
E1 begin 5A n=2982 seed=27: PSO 20/50, loss=2.53427
E1 begin 5A n=2982 seed=27: PSO 30/50, loss=2.34663
E1 begin 5A n=2982 seed=27: PSO 40/50, loss=2.32184
E1 begin 5A n=2982 seed=27: PSO 50/50, loss=2.31004
E1 begin 5A n=2982 seed=37: PSO 0/50, loss=32.2994
E1 begin 5A n=2982 seed=37: PSO 10/50, loss=2.69277
E1 begin 5A n=2982 seed=37: PSO 20/50, loss=2.54053
E1 begin 5A n=2982 seed=37: PSO 30/50, loss=2.39422
E1 begin 5A n=2982 seed=37: PSO 40/50, loss=2.3716
E1 begin 5A n=2982 seed=37: PSO 50/50, loss=2.3538
E1 begin 5A n=2982 seed=47: PSO 0/50, loss=9.96767
E1 begin 5A n=2982 seed=47: PSO 10/50, loss=4.06495
E1 begin 5A n=2982 seed=47: PSO 20/50, loss=2.40079
E1 begin 5A n=2982 seed=47: PSO 30/50, loss=2.38308
E1 begin 5A n=2982 seed=47: PSO 40/50, loss=2.3804
E1 begin 5A n=2982 seed=47: PSO 50/50, loss=2.34194
E1 begin 5A n=2385 seed=7: PSO 0/50, loss=1.5528
E1 begin 5A n=2385 seed=7: PSO 10/50, loss=0.849513
E1 begin 5A n=2385 seed=7: PSO 20/50, loss=0.76759
E1 begin 5A n=2385 seed=7: PSO 30/50, loss=0.738188
E1 begin 5A n=2385 seed=7: PSO 40/50, loss=0.718224
E1 begin 5A n=2385 seed=7: PSO 50/50, loss=0.704854
E1 begin 5A n=2385 seed=17: PSO 0/50, loss=2.82561
E1 begin 5A n=2385 seed=17: PSO 10/50, loss=0.758031
E1 begin 5A n=2385 seed=17: PSO 20/50, loss=0.745758
E1 begin 5A n=2385 seed=17: PSO 30/50, loss=0.720066
E1 begin 5A n=2385 seed=17: PSO 40/50, loss=0.701936
E1 begin 5A n=2385 seed=17: PSO 50/50, loss=0.699887
E1 begin 5A n=2385 seed=27: PSO 0/50, loss=2.24287
E1 begin 5A n=2385 seed=27: PSO 10/50, loss=0.893676
E1 begin 5A n=2385 seed=27: PSO 20/50, loss=0.744149
E1 begin 5A n=2385 seed=27: PSO 30/50, loss=0.740626
E1 begin 5A n=2385 seed=27: PSO 40/50, loss=0.740455
E1 begin 5A n=2385 seed=27: PSO 50/50, loss=0.730905
E1 begin 5A n=2385 seed=37: PSO 0/50, loss=3.41812
E1 begin 5A n=2385 seed=37: PSO 10/50, loss=0.761066
E1 begin 5A n=2385 seed=37: PSO 20/50, loss=0.702466
E1 begin 5A n=2385 seed=37: PSO 30/50, loss=0.702136
E1 begin 5A n=2385 seed=37: PSO 40/50, loss=0.701326
E1 begin 5A n=2385 seed=37: PSO 50/50, loss=0.700964
E1 begin 5A n=2385 seed=47: PSO 0/50, loss=2.90856
E1 begin 5A n=2385 seed=47: PSO 10/50, loss=0.840644
E1 begin 5A n=2385 seed=47: PSO 20/50, loss=0.758037
E1 begin 5A n=2385 seed=47: PSO 30/50, loss=0.741268
E1 begin 5A n=2385 seed=47: PSO 40/50, loss=0.73524
E1 begin 5A n=2385 seed=47: PSO 50/50, loss=0.721982
E1 middle 5A n=2808 seed=7: PSO 0/50, loss=8.1093
E1 middle 5A n=2808 seed=7: PSO 10/50, loss=2.92642
E1 middle 5A n=2808 seed=7: PSO 20/50, loss=2.24108
E1 middle 5A n=2808 seed=7: PSO 30/50, loss=1.94704
E1 middle 5A n=2808 seed=7: PSO 40/50, loss=1.90076
E1 middle 5A n=2808 seed=7: PSO 50/50, loss=1.89557
E1 middle 5A n=2808 seed=17: PSO 0/50, loss=3.03921
E1 middle 5A n=2808 seed=17: PSO 10/50, loss=3.01518
E1 middle 5A n=2808 seed=17: PSO 20/50, loss=2.0048
E1 middle 5A n=2808 seed=17: PSO 30/50, loss=1.93077
E1 middle 5A n=2808 seed=17: PSO 40/50, loss=1.90843
E1 middle 5A n=2808 seed=17: PSO 50/50, loss=1.89583
E1 middle 5A n=2808 seed=27: PSO 0/50, loss=17.3936
E1 middle 5A n=2808 seed=27: PSO 10/50, loss=2.79319
E1 middle 5A n=2808 seed=27: PSO 20/50, loss=1.9651
E1 middle 5A n=2808 seed=27: PSO 30/50, loss=1.9008
E1 middle 5A n=2808 seed=27: PSO 40/50, loss=1.89352
E1 middle 5A n=2808 seed=27: PSO 50/50, loss=1.89333
E1 middle 5A n=2808 seed=37: PSO 0/50, loss=16.1885
E1 middle 5A n=2808 seed=37: PSO 10/50, loss=2.87717
E1 middle 5A n=2808 seed=37: PSO 20/50, loss=2.1653
E1 middle 5A n=2808 seed=37: PSO 30/50, loss=1.95069
E1 middle 5A n=2808 seed=37: PSO 40/50, loss=1.91018
E1 middle 5A n=2808 seed=37: PSO 50/50, loss=1.89435
E1 middle 5A n=2808 seed=47: PSO 0/50, loss=17.0298
E1 middle 5A n=2808 seed=47: PSO 10/50, loss=2.88514
E1 middle 5A n=2808 seed=47: PSO 20/50, loss=2.18531
E1 middle 5A n=2808 seed=47: PSO 30/50, loss=1.9736
E1 middle 5A n=2808 seed=47: PSO 40/50, loss=1.95744
E1 middle 5A n=2808 seed=47: PSO 50/50, loss=1.95072
E1 middle 5A n=2246 seed=7: PSO 0/50, loss=1.44635
E1 middle 5A n=2246 seed=7: PSO 10/50, loss=0.959451
E1 middle 5A n=2246 seed=7: PSO 20/50, loss=0.95339
E1 middle 5A n=2246 seed=7: PSO 30/50, loss=0.948246
E1 middle 5A n=2246 seed=7: PSO 40/50, loss=0.944276
E1 middle 5A n=2246 seed=7: PSO 50/50, loss=0.943975
E1 middle 5A n=2246 seed=17: PSO 0/50, loss=1.44635
E1 middle 5A n=2246 seed=17: PSO 10/50, loss=0.960707
E1 middle 5A n=2246 seed=17: PSO 20/50, loss=0.949306
E1 middle 5A n=2246 seed=17: PSO 30/50, loss=0.947513
E1 middle 5A n=2246 seed=17: PSO 40/50, loss=0.946365
E1 middle 5A n=2246 seed=17: PSO 50/50, loss=0.946084
E1 middle 5A n=2246 seed=27: PSO 0/50, loss=1.44635
E1 middle 5A n=2246 seed=27: PSO 10/50, loss=1.0307
E1 middle 5A n=2246 seed=27: PSO 20/50, loss=0.986862
E1 middle 5A n=2246 seed=27: PSO 30/50, loss=0.962564
E1 middle 5A n=2246 seed=27: PSO 40/50, loss=0.947795
E1 middle 5A n=2246 seed=27: PSO 50/50, loss=0.946732
E1 middle 5A n=2246 seed=37: PSO 0/50, loss=1.44635
E1 middle 5A n=2246 seed=37: PSO 10/50, loss=1.01476
E1 middle 5A n=2246 seed=37: PSO 20/50, loss=0.95893
E1 middle 5A n=2246 seed=37: PSO 30/50, loss=0.949361
E1 middle 5A n=2246 seed=37: PSO 40/50, loss=0.947764
E1 middle 5A n=2246 seed=37: PSO 50/50, loss=0.943967
E1 middle 5A n=2246 seed=47: PSO 0/50, loss=1.44635
E1 middle 5A n=2246 seed=47: PSO 10/50, loss=1.0337
E1 middle 5A n=2246 seed=47: PSO 20/50, loss=1.01451
E1 middle 5A n=2246 seed=47: PSO 30/50, loss=0.967035
E1 middle 5A n=2246 seed=47: PSO 40/50, loss=0.94625
E1 middle 5A n=2246 seed=47: PSO 50/50, loss=0.945208
E1 age 5A n=2677 seed=7: PSO 0/50, loss=3.86056
E1 age 5A n=2677 seed=7: PSO 10/50, loss=3.71072
E1 age 5A n=2677 seed=7: PSO 20/50, loss=2.72899
E1 age 5A n=2677 seed=7: PSO 30/50, loss=2.46133
E1 age 5A n=2677 seed=7: PSO 40/50, loss=2.44953
E1 age 5A n=2677 seed=7: PSO 50/50, loss=2.44895
E1 age 5A n=2677 seed=17: PSO 0/50, loss=3.86056
E1 age 5A n=2677 seed=17: PSO 10/50, loss=2.71527
E1 age 5A n=2677 seed=17: PSO 20/50, loss=2.56392
E1 age 5A n=2677 seed=17: PSO 30/50, loss=2.47554
E1 age 5A n=2677 seed=17: PSO 40/50, loss=2.45633
E1 age 5A n=2677 seed=17: PSO 50/50, loss=2.45051
E1 age 5A n=2677 seed=27: PSO 0/50, loss=3.86056
E1 age 5A n=2677 seed=27: PSO 10/50, loss=2.50137
E1 age 5A n=2677 seed=27: PSO 20/50, loss=2.47151
E1 age 5A n=2677 seed=27: PSO 30/50, loss=2.44997
E1 age 5A n=2677 seed=27: PSO 40/50, loss=2.44869
E1 age 5A n=2677 seed=27: PSO 50/50, loss=2.44857
E1 age 5A n=2677 seed=37: PSO 0/50, loss=3.86056
E1 age 5A n=2677 seed=37: PSO 10/50, loss=2.56752
E1 age 5A n=2677 seed=37: PSO 20/50, loss=2.51146
E1 age 5A n=2677 seed=37: PSO 30/50, loss=2.46284
E1 age 5A n=2677 seed=37: PSO 40/50, loss=2.46141
E1 age 5A n=2677 seed=37: PSO 50/50, loss=2.45378
E1 age 5A n=2677 seed=47: PSO 0/50, loss=3.86056
E1 age 5A n=2677 seed=47: PSO 10/50, loss=2.94699
E1 age 5A n=2677 seed=47: PSO 20/50, loss=2.73936
E1 age 5A n=2677 seed=47: PSO 30/50, loss=2.5134
E1 age 5A n=2677 seed=47: PSO 40/50, loss=2.45833
E1 age 5A n=2677 seed=47: PSO 50/50, loss=2.45132
E1 age 5A n=2141 seed=7: PSO 0/50, loss=2.09474
E1 age 5A n=2141 seed=7: PSO 10/50, loss=0.836103
E1 age 5A n=2141 seed=7: PSO 20/50, loss=0.816064
E1 age 5A n=2141 seed=7: PSO 30/50, loss=0.806954
E1 age 5A n=2141 seed=7: PSO 40/50, loss=0.788898
E1 age 5A n=2141 seed=7: PSO 50/50, loss=0.777693
E1 age 5A n=2141 seed=17: PSO 0/50, loss=2.09474
E1 age 5A n=2141 seed=17: PSO 10/50, loss=0.832
E1 age 5A n=2141 seed=17: PSO 20/50, loss=0.816238
E1 age 5A n=2141 seed=17: PSO 30/50, loss=0.785806
E1 age 5A n=2141 seed=17: PSO 40/50, loss=0.77837
E1 age 5A n=2141 seed=17: PSO 50/50, loss=0.777469
E1 age 5A n=2141 seed=27: PSO 0/50, loss=1.88737
E1 age 5A n=2141 seed=27: PSO 10/50, loss=0.83275
E1 age 5A n=2141 seed=27: PSO 20/50, loss=0.786521
E1 age 5A n=2141 seed=27: PSO 30/50, loss=0.778631
E1 age 5A n=2141 seed=27: PSO 40/50, loss=0.777864
E1 age 5A n=2141 seed=27: PSO 50/50, loss=0.777296
E1 age 5A n=2141 seed=37: PSO 0/50, loss=2.09474
E1 age 5A n=2141 seed=37: PSO 10/50, loss=0.919063
E1 age 5A n=2141 seed=37: PSO 20/50, loss=0.824023
E1 age 5A n=2141 seed=37: PSO 30/50, loss=0.794951
E1 age 5A n=2141 seed=37: PSO 40/50, loss=0.779702
E1 age 5A n=2141 seed=37: PSO 50/50, loss=0.776026
E1 age 5A n=2141 seed=47: PSO 0/50, loss=1.55337
E1 age 5A n=2141 seed=47: PSO 10/50, loss=1.32828
E1 age 5A n=2141 seed=47: PSO 20/50, loss=0.84711
E1 age 5A n=2141 seed=47: PSO 30/50, loss=0.817396
E1 age 5A n=2141 seed=47: PSO 40/50, loss=0.811607
E1 age 5A n=2141 seed=47: PSO 50/50, loss=0.789938
Traceback (most recent call last):
  File "C:\Users\zhengzihao\Desktop\RL-for-charging-main\revision_experiments\run_experiment.py", line 79, in main
    result = run(root, out, cfg)
             ^^^^^^^^^^^^^^^^^^^
  File "C:\Users\zhengzihao\Desktop\RL-for-charging-main\revision_experiments\experiment1.py", line 538, in run
    raise RuntimeError("E1 completed fitting but numerical precision or model screening failed; results retained, no experiment-2 handoff created. Inspect precision.json and summary.json; do not relax thresholds after observing results merely to force a pass.")
RuntimeError: E1 completed fitting but numerical precision or model screening failed; results retained, no experiment-2 handoff created. Inspect precision.json and summary.json; do not relax thresholds after observing results merely to force a pass.
