OUTPUT: /home/yqt/XuanyiLi/RL-for-charging/revision_results/experiment_6_gpu_parallel_2500_5seeds_90s/20260928_062825_675597
Traceback (most recent call last):
  File "/home/yqt/XuanyiLi/RL-for-charging/revision_gpu/run_study.py", line 77, in main
    module=importlib.import_module(f'experiment{args.experiment}')
           ^^^^^^^^^^^^^^^^^^^^^^^^^^^^^^^^^^^^^^^^^^^^^^^^^^^^^^^
  File "/home/yqt/.local/share/uv/python/cpython-3.11.15-linux-x86_64-gnu/lib/python3.11/importlib/__init__.py", line 126, in import_module
    return _bootstrap._gcd_import(name[level:], package, level)
           ^^^^^^^^^^^^^^^^^^^^^^^^^^^^^^^^^^^^^^^^^^^^^^^^^^^^
  File "<frozen importlib._bootstrap>", line 1204, in _gcd_import
  File "<frozen importlib._bootstrap>", line 1176, in _find_and_load
  File "<frozen importlib._bootstrap>", line 1147, in _find_and_load_unlocked
  File "<frozen importlib._bootstrap>", line 690, in _load_unlocked
  File "<frozen importlib._bootstrap_external>", line 936, in exec_module
  File "<frozen importlib._bootstrap_external>", line 1074, in get_code
  File "<frozen importlib._bootstrap_external>", line 1004, in source_to_code
  File "<frozen importlib._bootstrap>", line 241, in _call_with_frames_removed
  File "/home/yqt/XuanyiLi/RL-for-charging/revision_gpu/experiment6.py", line 162
    'its initial SOC; preserves per-cell SOC '
IndentationError: unexpected indent
OUTPUT: /home/yqt/XuanyiLi/RL-for-charging/revision_results/experiment_6_gpu_parallel_2500_5seeds_90s/20260928_062825_675597
Traceback (most recent call last):
  File "/home/yqt/XuanyiLi/RL-for-charging/revision_gpu/run_study.py", line 77, in main
    module=importlib.import_module(f'experiment{args.experiment}')
           ^^^^^^^^^^^^^^^^^^^^^^^^^^^^^^^^^^^^^^^^^^^^^^^^^^^^^^^
  File "/home/yqt/.local/share/uv/python/cpython-3.11.15-linux-x86_64-gnu/lib/python3.11/importlib/__init__.py", line 126, in import_module
    return _bootstrap._gcd_import(name[level:], package, level)
           ^^^^^^^^^^^^^^^^^^^^^^^^^^^^^^^^^^^^^^^^^^^^^^^^^^^^
  File "<frozen importlib._bootstrap>", line 1204, in _gcd_import
  File "<frozen importlib._bootstrap>", line 1176, in _find_and_load
  File "<frozen importlib._bootstrap>", line 1147, in _find_and_load_unlocked
  File "<frozen importlib._bootstrap>", line 690, in _load_unlocked
  File "<frozen importlib._bootstrap_external>", line 936, in exec_module
  File "<frozen importlib._bootstrap_external>", line 1074, in get_code
  File "<frozen importlib._bootstrap_external>", line 1004, in source_to_code
  File "<frozen importlib._bootstrap>", line 241, in _call_with_frames_removed
  File "/home/yqt/XuanyiLi/RL-for-charging/revision_gpu/experiment6.py", line 162
    'its initial SOC; preserves per-cell SOC '
IndentationError: unexpected indent
OUTPUT: /home/yqt/XuanyiLi/RL-for-charging/revision_results/experiment_6_gpu_parallel_2500_5seeds_90s/20260928_062825_675597
Traceback (most recent call last):
  File "/home/yqt/XuanyiLi/RL-for-charging/revision_gpu/run_study.py", line 77, in main
    module=importlib.import_module(f'experiment{args.experiment}')
           ^^^^^^^^^^^^^^^^^^^^^^^^^^^^^^^^^^^^^^^^^^^^^^^^^^^^^^^
  File "/home/yqt/.local/share/uv/python/cpython-3.11.15-linux-x86_64-gnu/lib/python3.11/importlib/__init__.py", line 126, in import_module
    return _bootstrap._gcd_import(name[level:], package, level)
           ^^^^^^^^^^^^^^^^^^^^^^^^^^^^^^^^^^^^^^^^^^^^^^^^^^^^
  File "<frozen importlib._bootstrap>", line 1204, in _gcd_import
  File "<frozen importlib._bootstrap>", line 1176, in _find_and_load
  File "<frozen importlib._bootstrap>", line 1147, in _find_and_load_unlocked
  File "<frozen importlib._bootstrap>", line 690, in _load_unlocked
  File "<frozen importlib._bootstrap_external>", line 936, in exec_module
  File "<frozen importlib._bootstrap_external>", line 1074, in get_code
  File "<frozen importlib._bootstrap_external>", line 1004, in source_to_code
  File "<frozen importlib._bootstrap>", line 241, in _call_with_frames_removed
  File "/home/yqt/XuanyiLi/RL-for-charging/revision_gpu/experiment6.py", line 162
    'its initial SOC; preserves per-cell SOC '
IndentationError: unexpected indent
OUTPUT: /home/yqt/XuanyiLi/RL-for-charging/revision_results/experiment_6_gpu_parallel_2500_5seeds_90s/20260928_062825_675597
Traceback (most recent call last):
  File "/home/yqt/XuanyiLi/RL-for-charging/revision_gpu/run_study.py", line 77, in main
    module=importlib.import_module(f'experiment{args.experiment}')
           ^^^^^^^^^^^^^^^^^^^^^^^^^^^^^^^^^^^^^^^^^^^^^^^^^^^^^^^
  File "/home/yqt/.local/share/uv/python/cpython-3.11.15-linux-x86_64-gnu/lib/python3.11/importlib/__init__.py", line 126, in import_module
    return _bootstrap._gcd_import(name[level:], package, level)
           ^^^^^^^^^^^^^^^^^^^^^^^^^^^^^^^^^^^^^^^^^^^^^^^^^^^^
  File "<frozen importlib._bootstrap>", line 1204, in _gcd_import
  File "<frozen importlib._bootstrap>", line 1176, in _find_and_load
  File "<frozen importlib._bootstrap>", line 1147, in _find_and_load_unlocked
  File "<frozen importlib._bootstrap>", line 690, in _load_unlocked
  File "<frozen importlib._bootstrap_external>", line 936, in exec_module
  File "<frozen importlib._bootstrap_external>", line 1074, in get_code
  File "<frozen importlib._bootstrap_external>", line 1004, in source_to_code
  File "<frozen importlib._bootstrap>", line 241, in _call_with_frames_removed
  File "/home/yqt/XuanyiLi/RL-for-charging/revision_gpu/experiment6.py", line 162
    'its initial SOC; preserves per-cell SOC '
IndentationError: unexpected indent
OUTPUT: /home/yqt/XuanyiLi/RL-for-charging/revision_results/experiment_6_gpu_parallel_2500_5seeds_90s/20260928_062825_675597
Traceback (most recent call last):
  File "/home/yqt/XuanyiLi/RL-for-charging/revision_gpu/run_study.py", line 77, in main
    module=importlib.import_module(f'experiment{args.experiment}')
           ^^^^^^^^^^^^^^^^^^^^^^^^^^^^^^^^^^^^^^^^^^^^^^^^^^^^^^^
  File "/home/yqt/.local/share/uv/python/cpython-3.11.15-linux-x86_64-gnu/lib/python3.11/importlib/__init__.py", line 126, in import_module
    return _bootstrap._gcd_import(name[level:], package, level)
           ^^^^^^^^^^^^^^^^^^^^^^^^^^^^^^^^^^^^^^^^^^^^^^^^^^^^
  File "<frozen importlib._bootstrap>", line 1204, in _gcd_import
  File "<frozen importlib._bootstrap>", line 1176, in _find_and_load
  File "<frozen importlib._bootstrap>", line 1147, in _find_and_load_unlocked
  File "<frozen importlib._bootstrap>", line 690, in _load_unlocked
  File "<frozen importlib._bootstrap_external>", line 936, in exec_module
  File "<frozen importlib._bootstrap_external>", line 1074, in get_code
  File "<frozen importlib._bootstrap_external>", line 1004, in source_to_code
  File "<frozen importlib._bootstrap>", line 241, in _call_with_frames_removed
  File "/home/yqt/XuanyiLi/RL-for-charging/revision_gpu/experiment6.py", line 162
    'its initial SOC; preserves per-cell SOC '
IndentationError: unexpected indent
OUTPUT: /home/yqt/XuanyiLi/RL-for-charging/revision_results/experiment_6_gpu_parallel_2500_5seeds_90s/20260928_062825_675597
Traceback (most recent call last):
  File "/home/yqt/XuanyiLi/RL-for-charging/revision_gpu/run_study.py", line 77, in main
    module=importlib.import_module(f'experiment{args.experiment}')
           ^^^^^^^^^^^^^^^^^^^^^^^^^^^^^^^^^^^^^^^^^^^^^^^^^^^^^^^
  File "/home/yqt/.local/share/uv/python/cpython-3.11.15-linux-x86_64-gnu/lib/python3.11/importlib/__init__.py", line 126, in import_module
    return _bootstrap._gcd_import(name[level:], package, level)
           ^^^^^^^^^^^^^^^^^^^^^^^^^^^^^^^^^^^^^^^^^^^^^^^^^^^^
  File "<frozen importlib._bootstrap>", line 1204, in _gcd_import
  File "<frozen importlib._bootstrap>", line 1176, in _find_and_load
  File "<frozen importlib._bootstrap>", line 1147, in _find_and_load_unlocked
  File "<frozen importlib._bootstrap>", line 690, in _load_unlocked
  File "<frozen importlib._bootstrap_external>", line 936, in exec_module
  File "<frozen importlib._bootstrap_external>", line 1074, in get_code
  File "<frozen importlib._bootstrap_external>", line 1004, in source_to_code
  File "<frozen importlib._bootstrap>", line 241, in _call_with_frames_removed
  File "/home/yqt/XuanyiLi/RL-for-charging/revision_gpu/experiment6.py", line 162
    'its initial SOC; preserves per-cell SOC '
IndentationError: unexpected indent
OUTPUT: /home/yqt/XuanyiLi/RL-for-charging/revision_results/experiment_6_gpu_parallel_2500_5seeds_90s/20260928_062825_675597
Traceback (most recent call last):
  File "/home/yqt/XuanyiLi/RL-for-charging/revision_gpu/run_study.py", line 77, in main
    module=importlib.import_module(f'experiment{args.experiment}')
           ^^^^^^^^^^^^^^^^^^^^^^^^^^^^^^^^^^^^^^^^^^^^^^^^^^^^^^^
  File "/home/yqt/.local/share/uv/python/cpython-3.11.15-linux-x86_64-gnu/lib/python3.11/importlib/__init__.py", line 126, in import_module
    return _bootstrap._gcd_import(name[level:], package, level)
           ^^^^^^^^^^^^^^^^^^^^^^^^^^^^^^^^^^^^^^^^^^^^^^^^^^^^
  File "<frozen importlib._bootstrap>", line 1204, in _gcd_import
  File "<frozen importlib._bootstrap>", line 1176, in _find_and_load
  File "<frozen importlib._bootstrap>", line 1147, in _find_and_load_unlocked
  File "<frozen importlib._bootstrap>", line 690, in _load_unlocked
  File "<frozen importlib._bootstrap_external>", line 936, in exec_module
  File "<frozen importlib._bootstrap_external>", line 1074, in get_code
  File "<frozen importlib._bootstrap_external>", line 1004, in source_to_code
  File "<frozen importlib._bootstrap>", line 241, in _call_with_frames_removed
  File "/home/yqt/XuanyiLi/RL-for-charging/revision_gpu/experiment6.py", line 162
    'its initial SOC; preserves per-cell SOC '
IndentationError: unexpected indent
OUTPUT: /home/yqt/XuanyiLi/RL-for-charging/revision_results/experiment_6_gpu_parallel_2500_5seeds_90s/20260928_062825_675597
Traceback (most recent call last):
  File "/home/yqt/XuanyiLi/RL-for-charging/revision_gpu/run_study.py", line 77, in main
    module=importlib.import_module(f'experiment{args.experiment}')
           ^^^^^^^^^^^^^^^^^^^^^^^^^^^^^^^^^^^^^^^^^^^^^^^^^^^^^^^
  File "/home/yqt/.local/share/uv/python/cpython-3.11.15-linux-x86_64-gnu/lib/python3.11/importlib/__init__.py", line 126, in import_module
    return _bootstrap._gcd_import(name[level:], package, level)
           ^^^^^^^^^^^^^^^^^^^^^^^^^^^^^^^^^^^^^^^^^^^^^^^^^^^^
  File "<frozen importlib._bootstrap>", line 1204, in _gcd_import
  File "<frozen importlib._bootstrap>", line 1176, in _find_and_load
  File "<frozen importlib._bootstrap>", line 1147, in _find_and_load_unlocked
  File "<frozen importlib._bootstrap>", line 690, in _load_unlocked
  File "<frozen importlib._bootstrap_external>", line 936, in exec_module
  File "<frozen importlib._bootstrap_external>", line 1074, in get_code
  File "<frozen importlib._bootstrap_external>", line 1004, in source_to_code
  File "<frozen importlib._bootstrap>", line 241, in _call_with_frames_removed
  File "/home/yqt/XuanyiLi/RL-for-charging/revision_gpu/experiment6.py", line 162
    'its initial SOC; preserves per-cell SOC '
IndentationError: unexpected indent
OUTPUT: /home/yqt/XuanyiLi/RL-for-charging/revision_results/experiment_6_gpu_parallel_2500_5seeds_90s/20260928_062825_675597
Traceback (most recent call last):
  File "/home/yqt/XuanyiLi/RL-for-charging/revision_gpu/run_study.py", line 77, in main
    module=importlib.import_module(f'experiment{args.experiment}')
           ^^^^^^^^^^^^^^^^^^^^^^^^^^^^^^^^^^^^^^^^^^^^^^^^^^^^^^^
  File "/home/yqt/.local/share/uv/python/cpython-3.11.15-linux-x86_64-gnu/lib/python3.11/importlib/__init__.py", line 126, in import_module
    return _bootstrap._gcd_import(name[level:], package, level)
           ^^^^^^^^^^^^^^^^^^^^^^^^^^^^^^^^^^^^^^^^^^^^^^^^^^^^
  File "<frozen importlib._bootstrap>", line 1204, in _gcd_import
  File "<frozen importlib._bootstrap>", line 1176, in _find_and_load
  File "<frozen importlib._bootstrap>", line 1147, in _find_and_load_unlocked
  File "<frozen importlib._bootstrap>", line 690, in _load_unlocked
  File "<frozen importlib._bootstrap_external>", line 936, in exec_module
  File "<frozen importlib._bootstrap_external>", line 1074, in get_code
  File "<frozen importlib._bootstrap_external>", line 1004, in source_to_code
  File "<frozen importlib._bootstrap>", line 241, in _call_with_frames_removed
  File "/home/yqt/XuanyiLi/RL-for-charging/revision_gpu/experiment6.py", line 162
    'its initial SOC; preserves per-cell SOC '
IndentationError: unexpected indent
OUTPUT: /home/yqt/XuanyiLi/RL-for-charging/revision_results/experiment_6_gpu_parallel_2500_5seeds_90s/20260928_062825_675597
Traceback (most recent call last):
  File "/home/yqt/XuanyiLi/RL-for-charging/revision_gpu/run_study.py", line 77, in main
    module=importlib.import_module(f'experiment{args.experiment}')
           ^^^^^^^^^^^^^^^^^^^^^^^^^^^^^^^^^^^^^^^^^^^^^^^^^^^^^^^
  File "/home/yqt/.local/share/uv/python/cpython-3.11.15-linux-x86_64-gnu/lib/python3.11/importlib/__init__.py", line 126, in import_module
    return _bootstrap._gcd_import(name[level:], package, level)
           ^^^^^^^^^^^^^^^^^^^^^^^^^^^^^^^^^^^^^^^^^^^^^^^^^^^^
  File "<frozen importlib._bootstrap>", line 1204, in _gcd_import
  File "<frozen importlib._bootstrap>", line 1176, in _find_and_load
  File "<frozen importlib._bootstrap>", line 1147, in _find_and_load_unlocked
  File "<frozen importlib._bootstrap>", line 690, in _load_unlocked
  File "<frozen importlib._bootstrap_external>", line 936, in exec_module
  File "<frozen importlib._bootstrap_external>", line 1074, in get_code
  File "<frozen importlib._bootstrap_external>", line 1004, in source_to_code
  File "<frozen importlib._bootstrap>", line 241, in _call_with_frames_removed
  File "/home/yqt/XuanyiLi/RL-for-charging/revision_gpu/experiment6.py", line 162
    'its initial SOC; preserves per-cell SOC '
IndentationError: unexpected indent
OUTPUT: /home/yqt/XuanyiLi/RL-for-charging/revision_results/experiment_6_gpu_parallel_2500_5seeds_90s/20260928_062825_675597
Traceback (most recent call last):
  File "/home/yqt/XuanyiLi/RL-for-charging/revision_gpu/run_study.py", line 77, in main
    module=importlib.import_module(f'experiment{args.experiment}')
           ^^^^^^^^^^^^^^^^^^^^^^^^^^^^^^^^^^^^^^^^^^^^^^^^^^^^^^^
  File "/home/yqt/.local/share/uv/python/cpython-3.11.15-linux-x86_64-gnu/lib/python3.11/importlib/__init__.py", line 126, in import_module
    return _bootstrap._gcd_import(name[level:], package, level)
           ^^^^^^^^^^^^^^^^^^^^^^^^^^^^^^^^^^^^^^^^^^^^^^^^^^^^
  File "<frozen importlib._bootstrap>", line 1204, in _gcd_import
  File "<frozen importlib._bootstrap>", line 1176, in _find_and_load
  File "<frozen importlib._bootstrap>", line 1147, in _find_and_load_unlocked
  File "<frozen importlib._bootstrap>", line 690, in _load_unlocked
  File "<frozen importlib._bootstrap_external>", line 936, in exec_module
  File "<frozen importlib._bootstrap_external>", line 1074, in get_code
  File "<frozen importlib._bootstrap_external>", line 1004, in source_to_code
  File "<frozen importlib._bootstrap>", line 241, in _call_with_frames_removed
  File "/home/yqt/XuanyiLi/RL-for-charging/revision_gpu/experiment6.py", line 162
    'its initial SOC; preserves per-cell SOC '
IndentationError: unexpected indent
OUTPUT: /home/yqt/XuanyiLi/RL-for-charging/revision_results/experiment_6_gpu_parallel_2500_5seeds_90s/20260928_062825_675597
Traceback (most recent call last):
  File "/home/yqt/XuanyiLi/RL-for-charging/revision_gpu/run_study.py", line 77, in main
    module=importlib.import_module(f'experiment{args.experiment}')
           ^^^^^^^^^^^^^^^^^^^^^^^^^^^^^^^^^^^^^^^^^^^^^^^^^^^^^^^
  File "/home/yqt/.local/share/uv/python/cpython-3.11.15-linux-x86_64-gnu/lib/python3.11/importlib/__init__.py", line 126, in import_module
    return _bootstrap._gcd_import(name[level:], package, level)
           ^^^^^^^^^^^^^^^^^^^^^^^^^^^^^^^^^^^^^^^^^^^^^^^^^^^^
  File "<frozen importlib._bootstrap>", line 1204, in _gcd_import
  File "<frozen importlib._bootstrap>", line 1176, in _find_and_load
  File "<frozen importlib._bootstrap>", line 1147, in _find_and_load_unlocked
  File "<frozen importlib._bootstrap>", line 690, in _load_unlocked
  File "<frozen importlib._bootstrap_external>", line 936, in exec_module
  File "<frozen importlib._bootstrap_external>", line 1074, in get_code
  File "<frozen importlib._bootstrap_external>", line 1004, in source_to_code
  File "<frozen importlib._bootstrap>", line 241, in _call_with_frames_removed
  File "/home/yqt/XuanyiLi/RL-for-charging/revision_gpu/experiment6.py", line 162
    'its initial SOC; preserves per-cell SOC '
IndentationError: unexpected indent
OUTPUT: /home/yqt/XuanyiLi/RL-for-charging/revision_results/experiment_6_gpu_parallel_2500_5seeds_90s/20260928_062825_675597
Traceback (most recent call last):
  File "/home/yqt/XuanyiLi/RL-for-charging/revision_gpu/run_study.py", line 77, in main
    module=importlib.import_module(f'experiment{args.experiment}')
           ^^^^^^^^^^^^^^^^^^^^^^^^^^^^^^^^^^^^^^^^^^^^^^^^^^^^^^^
  File "/home/yqt/.local/share/uv/python/cpython-3.11.15-linux-x86_64-gnu/lib/python3.11/importlib/__init__.py", line 126, in import_module
    return _bootstrap._gcd_import(name[level:], package, level)
           ^^^^^^^^^^^^^^^^^^^^^^^^^^^^^^^^^^^^^^^^^^^^^^^^^^^^
  File "<frozen importlib._bootstrap>", line 1204, in _gcd_import
  File "<frozen importlib._bootstrap>", line 1176, in _find_and_load
  File "<frozen importlib._bootstrap>", line 1147, in _find_and_load_unlocked
  File "<frozen importlib._bootstrap>", line 690, in _load_unlocked
  File "<frozen importlib._bootstrap_external>", line 936, in exec_module
  File "<frozen importlib._bootstrap_external>", line 1074, in get_code
  File "<frozen importlib._bootstrap_external>", line 1004, in source_to_code
  File "<frozen importlib._bootstrap>", line 241, in _call_with_frames_removed
  File "/home/yqt/XuanyiLi/RL-for-charging/revision_gpu/experiment6.py", line 162
    'its initial SOC; preserves per-cell SOC '
IndentationError: unexpected indent
OUTPUT: /home/yqt/XuanyiLi/RL-for-charging/revision_results/experiment_6_gpu_parallel_2500_5seeds_90s/20260928_062825_675597
Traceback (most recent call last):
  File "/home/yqt/XuanyiLi/RL-for-charging/revision_gpu/run_study.py", line 77, in main
    module=importlib.import_module(f'experiment{args.experiment}')
           ^^^^^^^^^^^^^^^^^^^^^^^^^^^^^^^^^^^^^^^^^^^^^^^^^^^^^^^
  File "/home/yqt/.local/share/uv/python/cpython-3.11.15-linux-x86_64-gnu/lib/python3.11/importlib/__init__.py", line 126, in import_module
    return _bootstrap._gcd_import(name[level:], package, level)
           ^^^^^^^^^^^^^^^^^^^^^^^^^^^^^^^^^^^^^^^^^^^^^^^^^^^^
  File "<frozen importlib._bootstrap>", line 1204, in _gcd_import
  File "<frozen importlib._bootstrap>", line 1176, in _find_and_load
  File "<frozen importlib._bootstrap>", line 1147, in _find_and_load_unlocked
  File "<frozen importlib._bootstrap>", line 690, in _load_unlocked
  File "<frozen importlib._bootstrap_external>", line 936, in exec_module
  File "<frozen importlib._bootstrap_external>", line 1074, in get_code
  File "<frozen importlib._bootstrap_external>", line 1004, in source_to_code
  File "<frozen importlib._bootstrap>", line 241, in _call_with_frames_removed
  File "/home/yqt/XuanyiLi/RL-for-charging/revision_gpu/experiment6.py", line 162
    'its initial SOC; preserves per-cell SOC '
IndentationError: unexpected indent
OUTPUT: /home/yqt/XuanyiLi/RL-for-charging/revision_results/experiment_6_gpu_parallel_2500_5seeds_90s/20260928_062825_675597
Traceback (most recent call last):
  File "/home/yqt/XuanyiLi/RL-for-charging/revision_gpu/run_study.py", line 77, in main
    module=importlib.import_module(f'experiment{args.experiment}')
           ^^^^^^^^^^^^^^^^^^^^^^^^^^^^^^^^^^^^^^^^^^^^^^^^^^^^^^^
  File "/home/yqt/.local/share/uv/python/cpython-3.11.15-linux-x86_64-gnu/lib/python3.11/importlib/__init__.py", line 126, in import_module
    return _bootstrap._gcd_import(name[level:], package, level)
           ^^^^^^^^^^^^^^^^^^^^^^^^^^^^^^^^^^^^^^^^^^^^^^^^^^^^
  File "<frozen importlib._bootstrap>", line 1204, in _gcd_import
  File "<frozen importlib._bootstrap>", line 1176, in _find_and_load
  File "<frozen importlib._bootstrap>", line 1147, in _find_and_load_unlocked
  File "<frozen importlib._bootstrap>", line 690, in _load_unlocked
  File "<frozen importlib._bootstrap_external>", line 936, in exec_module
  File "<frozen importlib._bootstrap_external>", line 1074, in get_code
  File "<frozen importlib._bootstrap_external>", line 1004, in source_to_code
  File "<frozen importlib._bootstrap>", line 241, in _call_with_frames_removed
  File "/home/yqt/XuanyiLi/RL-for-charging/revision_gpu/experiment6.py", line 162
    'its initial SOC; preserves per-cell SOC '
IndentationError: unexpected indent
OUTPUT: /home/yqt/XuanyiLi/RL-for-charging/revision_results/experiment_6_gpu_parallel_2500_5seeds_90s/20260928_062825_675597
Traceback (most recent call last):
  File "/home/yqt/XuanyiLi/RL-for-charging/revision_gpu/run_study.py", line 77, in main
    module=importlib.import_module(f'experiment{args.experiment}')
           ^^^^^^^^^^^^^^^^^^^^^^^^^^^^^^^^^^^^^^^^^^^^^^^^^^^^^^^
  File "/home/yqt/.local/share/uv/python/cpython-3.11.15-linux-x86_64-gnu/lib/python3.11/importlib/__init__.py", line 126, in import_module
    return _bootstrap._gcd_import(name[level:], package, level)
           ^^^^^^^^^^^^^^^^^^^^^^^^^^^^^^^^^^^^^^^^^^^^^^^^^^^^
  File "<frozen importlib._bootstrap>", line 1204, in _gcd_import
  File "<frozen importlib._bootstrap>", line 1176, in _find_and_load
  File "<frozen importlib._bootstrap>", line 1147, in _find_and_load_unlocked
  File "<frozen importlib._bootstrap>", line 690, in _load_unlocked
  File "<frozen importlib._bootstrap_external>", line 936, in exec_module
  File "<frozen importlib._bootstrap_external>", line 1074, in get_code
  File "<frozen importlib._bootstrap_external>", line 1004, in source_to_code
  File "<frozen importlib._bootstrap>", line 241, in _call_with_frames_removed
  File "/home/yqt/XuanyiLi/RL-for-charging/revision_gpu/experiment6.py", line 162
    'its initial SOC; preserves per-cell SOC '
IndentationError: unexpected indent
OUTPUT: /home/yqt/XuanyiLi/RL-for-charging/revision_results/experiment_6_gpu_parallel_2500_5seeds_90s/20260928_062825_675597
Traceback (most recent call last):
  File "/home/yqt/XuanyiLi/RL-for-charging/revision_gpu/run_study.py", line 77, in main
    module=importlib.import_module(f'experiment{args.experiment}')
           ^^^^^^^^^^^^^^^^^^^^^^^^^^^^^^^^^^^^^^^^^^^^^^^^^^^^^^^
  File "/home/yqt/.local/share/uv/python/cpython-3.11.15-linux-x86_64-gnu/lib/python3.11/importlib/__init__.py", line 126, in import_module
    return _bootstrap._gcd_import(name[level:], package, level)
           ^^^^^^^^^^^^^^^^^^^^^^^^^^^^^^^^^^^^^^^^^^^^^^^^^^^^
  File "<frozen importlib._bootstrap>", line 1204, in _gcd_import
  File "<frozen importlib._bootstrap>", line 1176, in _find_and_load
  File "<frozen importlib._bootstrap>", line 1147, in _find_and_load_unlocked
  File "<frozen importlib._bootstrap>", line 690, in _load_unlocked
  File "<frozen importlib._bootstrap_external>", line 936, in exec_module
  File "<frozen importlib._bootstrap_external>", line 1074, in get_code
  File "<frozen importlib._bootstrap_external>", line 1004, in source_to_code
  File "<frozen importlib._bootstrap>", line 241, in _call_with_frames_removed
  File "/home/yqt/XuanyiLi/RL-for-charging/revision_gpu/experiment6.py", line 162
    'its initial SOC; preserves per-cell SOC '
IndentationError: unexpected indent
OUTPUT: /home/yqt/XuanyiLi/RL-for-charging/revision_results/experiment_6_gpu_parallel_2500_5seeds_90s/20260928_062825_675597
Traceback (most recent call last):
  File "/home/yqt/XuanyiLi/RL-for-charging/revision_gpu/run_study.py", line 77, in main
    module=importlib.import_module(f'experiment{args.experiment}')
           ^^^^^^^^^^^^^^^^^^^^^^^^^^^^^^^^^^^^^^^^^^^^^^^^^^^^^^^
  File "/home/yqt/.local/share/uv/python/cpython-3.11.15-linux-x86_64-gnu/lib/python3.11/importlib/__init__.py", line 126, in import_module
    return _bootstrap._gcd_import(name[level:], package, level)
           ^^^^^^^^^^^^^^^^^^^^^^^^^^^^^^^^^^^^^^^^^^^^^^^^^^^^
  File "<frozen importlib._bootstrap>", line 1204, in _gcd_import
  File "<frozen importlib._bootstrap>", line 1176, in _find_and_load
  File "<frozen importlib._bootstrap>", line 1147, in _find_and_load_unlocked
  File "<frozen importlib._bootstrap>", line 690, in _load_unlocked
  File "<frozen importlib._bootstrap_external>", line 936, in exec_module
  File "<frozen importlib._bootstrap_external>", line 1074, in get_code
  File "<frozen importlib._bootstrap_external>", line 1004, in source_to_code
  File "<frozen importlib._bootstrap>", line 241, in _call_with_frames_removed
  File "/home/yqt/XuanyiLi/RL-for-charging/revision_gpu/experiment6.py", line 162
    'its initial SOC; preserves per-cell SOC '
IndentationError: unexpected indent
OUTPUT: /home/yqt/XuanyiLi/RL-for-charging/revision_results/experiment_6_gpu_parallel_2500_5seeds_90s/20260928_062825_675597
Traceback (most recent call last):
  File "/home/yqt/XuanyiLi/RL-for-charging/revision_gpu/run_study.py", line 77, in main
    module=importlib.import_module(f'experiment{args.experiment}')
           ^^^^^^^^^^^^^^^^^^^^^^^^^^^^^^^^^^^^^^^^^^^^^^^^^^^^^^^
  File "/home/yqt/.local/share/uv/python/cpython-3.11.15-linux-x86_64-gnu/lib/python3.11/importlib/__init__.py", line 126, in import_module
    return _bootstrap._gcd_import(name[level:], package, level)
           ^^^^^^^^^^^^^^^^^^^^^^^^^^^^^^^^^^^^^^^^^^^^^^^^^^^^
  File "<frozen importlib._bootstrap>", line 1204, in _gcd_import
  File "<frozen importlib._bootstrap>", line 1176, in _find_and_load
  File "<frozen importlib._bootstrap>", line 1147, in _find_and_load_unlocked
  File "<frozen importlib._bootstrap>", line 690, in _load_unlocked
  File "<frozen importlib._bootstrap_external>", line 936, in exec_module
  File "<frozen importlib._bootstrap_external>", line 1074, in get_code
  File "<frozen importlib._bootstrap_external>", line 1004, in source_to_code
  File "<frozen importlib._bootstrap>", line 241, in _call_with_frames_removed
  File "/home/yqt/XuanyiLi/RL-for-charging/revision_gpu/experiment6.py", line 162
    'its initial SOC; preserves per-cell SOC '
IndentationError: unexpected indent
OUTPUT: /home/yqt/XuanyiLi/RL-for-charging/revision_results/experiment_6_gpu_parallel_2500_5seeds_90s/20260928_062825_675597
Traceback (most recent call last):
  File "/home/yqt/XuanyiLi/RL-for-charging/revision_gpu/run_study.py", line 77, in main
    module=importlib.import_module(f'experiment{args.experiment}')
           ^^^^^^^^^^^^^^^^^^^^^^^^^^^^^^^^^^^^^^^^^^^^^^^^^^^^^^^
  File "/home/yqt/.local/share/uv/python/cpython-3.11.15-linux-x86_64-gnu/lib/python3.11/importlib/__init__.py", line 126, in import_module
    return _bootstrap._gcd_import(name[level:], package, level)
           ^^^^^^^^^^^^^^^^^^^^^^^^^^^^^^^^^^^^^^^^^^^^^^^^^^^^
  File "<frozen importlib._bootstrap>", line 1204, in _gcd_import
  File "<frozen importlib._bootstrap>", line 1176, in _find_and_load
  File "<frozen importlib._bootstrap>", line 1147, in _find_and_load_unlocked
  File "<frozen importlib._bootstrap>", line 690, in _load_unlocked
  File "<frozen importlib._bootstrap_external>", line 936, in exec_module
  File "<frozen importlib._bootstrap_external>", line 1074, in get_code
  File "<frozen importlib._bootstrap_external>", line 1004, in source_to_code
  File "<frozen importlib._bootstrap>", line 241, in _call_with_frames_removed
  File "/home/yqt/XuanyiLi/RL-for-charging/revision_gpu/experiment6.py", line 162
    'its initial SOC; preserves per-cell SOC '
IndentationError: unexpected indent
OUTPUT: /home/yqt/XuanyiLi/RL-for-charging/revision_results/experiment_6_gpu_parallel_2500_5seeds_90s/20260928_062825_675597
Traceback (most recent call last):
  File "/home/yqt/XuanyiLi/RL-for-charging/revision_gpu/run_study.py", line 77, in main
    module=importlib.import_module(f'experiment{args.experiment}')
           ^^^^^^^^^^^^^^^^^^^^^^^^^^^^^^^^^^^^^^^^^^^^^^^^^^^^^^^
  File "/home/yqt/.local/share/uv/python/cpython-3.11.15-linux-x86_64-gnu/lib/python3.11/importlib/__init__.py", line 126, in import_module
    return _bootstrap._gcd_import(name[level:], package, level)
           ^^^^^^^^^^^^^^^^^^^^^^^^^^^^^^^^^^^^^^^^^^^^^^^^^^^^
  File "<frozen importlib._bootstrap>", line 1204, in _gcd_import
  File "<frozen importlib._bootstrap>", line 1176, in _find_and_load
  File "<frozen importlib._bootstrap>", line 1147, in _find_and_load_unlocked
  File "<frozen importlib._bootstrap>", line 690, in _load_unlocked
  File "<frozen importlib._bootstrap_external>", line 936, in exec_module
  File "<frozen importlib._bootstrap_external>", line 1074, in get_code
  File "<frozen importlib._bootstrap_external>", line 1004, in source_to_code
  File "<frozen importlib._bootstrap>", line 241, in _call_with_frames_removed
  File "/home/yqt/XuanyiLi/RL-for-charging/revision_gpu/experiment6.py", line 162
    'its initial SOC; preserves per-cell SOC '
IndentationError: unexpected indent
OUTPUT: /home/yqt/XuanyiLi/RL-for-charging/revision_results/experiment_6_gpu_parallel_2500_5seeds_90s/20260928_062825_675597
Traceback (most recent call last):
  File "/home/yqt/XuanyiLi/RL-for-charging/revision_gpu/run_study.py", line 77, in main
    module=importlib.import_module(f'experiment{args.experiment}')
           ^^^^^^^^^^^^^^^^^^^^^^^^^^^^^^^^^^^^^^^^^^^^^^^^^^^^^^^
  File "/home/yqt/.local/share/uv/python/cpython-3.11.15-linux-x86_64-gnu/lib/python3.11/importlib/__init__.py", line 126, in import_module
    return _bootstrap._gcd_import(name[level:], package, level)
           ^^^^^^^^^^^^^^^^^^^^^^^^^^^^^^^^^^^^^^^^^^^^^^^^^^^^
  File "<frozen importlib._bootstrap>", line 1204, in _gcd_import
  File "<frozen importlib._bootstrap>", line 1176, in _find_and_load
  File "<frozen importlib._bootstrap>", line 1147, in _find_and_load_unlocked
  File "<frozen importlib._bootstrap>", line 690, in _load_unlocked
  File "<frozen importlib._bootstrap_external>", line 936, in exec_module
  File "<frozen importlib._bootstrap_external>", line 1074, in get_code
  File "<frozen importlib._bootstrap_external>", line 1004, in source_to_code
  File "<frozen importlib._bootstrap>", line 241, in _call_with_frames_removed
  File "/home/yqt/XuanyiLi/RL-for-charging/revision_gpu/experiment6.py", line 162
    'its initial SOC; preserves per-cell SOC '
IndentationError: unexpected indent
OUTPUT: /home/yqt/XuanyiLi/RL-for-charging/revision_results/experiment_6_gpu_parallel_2500_5seeds_90s/20260928_062825_675597
Traceback (most recent call last):
  File "/home/yqt/XuanyiLi/RL-for-charging/revision_gpu/run_study.py", line 77, in main
    module=importlib.import_module(f'experiment{args.experiment}')
           ^^^^^^^^^^^^^^^^^^^^^^^^^^^^^^^^^^^^^^^^^^^^^^^^^^^^^^^
  File "/home/yqt/.local/share/uv/python/cpython-3.11.15-linux-x86_64-gnu/lib/python3.11/importlib/__init__.py", line 126, in import_module
    return _bootstrap._gcd_import(name[level:], package, level)
           ^^^^^^^^^^^^^^^^^^^^^^^^^^^^^^^^^^^^^^^^^^^^^^^^^^^^
  File "<frozen importlib._bootstrap>", line 1204, in _gcd_import
  File "<frozen importlib._bootstrap>", line 1176, in _find_and_load
  File "<frozen importlib._bootstrap>", line 1147, in _find_and_load_unlocked
  File "<frozen importlib._bootstrap>", line 690, in _load_unlocked
  File "<frozen importlib._bootstrap_external>", line 936, in exec_module
  File "<frozen importlib._bootstrap_external>", line 1074, in get_code
  File "<frozen importlib._bootstrap_external>", line 1004, in source_to_code
  File "<frozen importlib._bootstrap>", line 241, in _call_with_frames_removed
  File "/home/yqt/XuanyiLi/RL-for-charging/revision_gpu/experiment6.py", line 162
    'its initial SOC; preserves per-cell SOC '
IndentationError: unexpected indent
OUTPUT: /home/yqt/XuanyiLi/RL-for-charging/revision_results/experiment_6_gpu_parallel_2500_5seeds_90s/20260928_062825_675597
Traceback (most recent call last):
  File "/home/yqt/XuanyiLi/RL-for-charging/revision_gpu/run_study.py", line 77, in main
    module=importlib.import_module(f'experiment{args.experiment}')
           ^^^^^^^^^^^^^^^^^^^^^^^^^^^^^^^^^^^^^^^^^^^^^^^^^^^^^^^
  File "/home/yqt/.local/share/uv/python/cpython-3.11.15-linux-x86_64-gnu/lib/python3.11/importlib/__init__.py", line 126, in import_module
    return _bootstrap._gcd_import(name[level:], package, level)
           ^^^^^^^^^^^^^^^^^^^^^^^^^^^^^^^^^^^^^^^^^^^^^^^^^^^^
  File "<frozen importlib._bootstrap>", line 1204, in _gcd_import
  File "<frozen importlib._bootstrap>", line 1176, in _find_and_load
  File "<frozen importlib._bootstrap>", line 1147, in _find_and_load_unlocked
  File "<frozen importlib._bootstrap>", line 690, in _load_unlocked
  File "<frozen importlib._bootstrap_external>", line 936, in exec_module
  File "<frozen importlib._bootstrap_external>", line 1074, in get_code
  File "<frozen importlib._bootstrap_external>", line 1004, in source_to_code
  File "<frozen importlib._bootstrap>", line 241, in _call_with_frames_removed
  File "/home/yqt/XuanyiLi/RL-for-charging/revision_gpu/experiment6.py", line 162
    'its initial SOC; preserves per-cell SOC '
IndentationError: unexpected indent
OUTPUT: /home/yqt/XuanyiLi/RL-for-charging/revision_results/experiment_6_gpu_parallel_2500_5seeds_90s/20260928_062825_675597
Traceback (most recent call last):
  File "/home/yqt/XuanyiLi/RL-for-charging/revision_gpu/run_study.py", line 77, in main
    module=importlib.import_module(f'experiment{args.experiment}')
           ^^^^^^^^^^^^^^^^^^^^^^^^^^^^^^^^^^^^^^^^^^^^^^^^^^^^^^^
  File "/home/yqt/.local/share/uv/python/cpython-3.11.15-linux-x86_64-gnu/lib/python3.11/importlib/__init__.py", line 126, in import_module
    return _bootstrap._gcd_import(name[level:], package, level)
           ^^^^^^^^^^^^^^^^^^^^^^^^^^^^^^^^^^^^^^^^^^^^^^^^^^^^
  File "<frozen importlib._bootstrap>", line 1204, in _gcd_import
  File "<frozen importlib._bootstrap>", line 1176, in _find_and_load
  File "<frozen importlib._bootstrap>", line 1147, in _find_and_load_unlocked
  File "<frozen importlib._bootstrap>", line 690, in _load_unlocked
  File "<frozen importlib._bootstrap_external>", line 936, in exec_module
  File "<frozen importlib._bootstrap_external>", line 1074, in get_code
  File "<frozen importlib._bootstrap_external>", line 1004, in source_to_code
  File "<frozen importlib._bootstrap>", line 241, in _call_with_frames_removed
  File "/home/yqt/XuanyiLi/RL-for-charging/revision_gpu/experiment6.py", line 162
    'its initial SOC; preserves per-cell SOC '
IndentationError: unexpected indent
OUTPUT: /home/yqt/XuanyiLi/RL-for-charging/revision_results/experiment_6_gpu_parallel_2500_5seeds_90s/20260928_062825_675597
Traceback (most recent call last):
  File "/home/yqt/XuanyiLi/RL-for-charging/revision_gpu/run_study.py", line 77, in main
    module=importlib.import_module(f'experiment{args.experiment}')
           ^^^^^^^^^^^^^^^^^^^^^^^^^^^^^^^^^^^^^^^^^^^^^^^^^^^^^^^
  File "/home/yqt/.local/share/uv/python/cpython-3.11.15-linux-x86_64-gnu/lib/python3.11/importlib/__init__.py", line 126, in import_module
    return _bootstrap._gcd_import(name[level:], package, level)
           ^^^^^^^^^^^^^^^^^^^^^^^^^^^^^^^^^^^^^^^^^^^^^^^^^^^^
  File "<frozen importlib._bootstrap>", line 1204, in _gcd_import
  File "<frozen importlib._bootstrap>", line 1176, in _find_and_load
  File "<frozen importlib._bootstrap>", line 1147, in _find_and_load_unlocked
  File "<frozen importlib._bootstrap>", line 690, in _load_unlocked
  File "<frozen importlib._bootstrap_external>", line 936, in exec_module
  File "<frozen importlib._bootstrap_external>", line 1074, in get_code
  File "<frozen importlib._bootstrap_external>", line 1004, in source_to_code
  File "<frozen importlib._bootstrap>", line 241, in _call_with_frames_removed
  File "/home/yqt/XuanyiLi/RL-for-charging/revision_gpu/experiment6.py", line 162
    'its initial SOC; preserves per-cell SOC '
IndentationError: unexpected indent
OUTPUT: /home/yqt/XuanyiLi/RL-for-charging/revision_results/experiment_6_gpu_parallel_2500_5seeds_90s/20260928_062825_675597
Traceback (most recent call last):
  File "/home/yqt/XuanyiLi/RL-for-charging/revision_gpu/run_study.py", line 77, in main
    module=importlib.import_module(f'experiment{args.experiment}')
           ^^^^^^^^^^^^^^^^^^^^^^^^^^^^^^^^^^^^^^^^^^^^^^^^^^^^^^^
  File "/home/yqt/.local/share/uv/python/cpython-3.11.15-linux-x86_64-gnu/lib/python3.11/importlib/__init__.py", line 126, in import_module
    return _bootstrap._gcd_import(name[level:], package, level)
           ^^^^^^^^^^^^^^^^^^^^^^^^^^^^^^^^^^^^^^^^^^^^^^^^^^^^
  File "<frozen importlib._bootstrap>", line 1204, in _gcd_import
  File "<frozen importlib._bootstrap>", line 1176, in _find_and_load
  File "<frozen importlib._bootstrap>", line 1147, in _find_and_load_unlocked
  File "<frozen importlib._bootstrap>", line 690, in _load_unlocked
  File "<frozen importlib._bootstrap_external>", line 936, in exec_module
  File "<frozen importlib._bootstrap_external>", line 1074, in get_code
  File "<frozen importlib._bootstrap_external>", line 1004, in source_to_code
  File "<frozen importlib._bootstrap>", line 241, in _call_with_frames_removed
  File "/home/yqt/XuanyiLi/RL-for-charging/revision_gpu/experiment6.py", line 162
    'its initial SOC; preserves per-cell SOC '
IndentationError: unexpected indent
OUTPUT: /home/yqt/XuanyiLi/RL-for-charging/revision_results/experiment_6_gpu_parallel_2500_5seeds_90s/20260928_062825_675597
Traceback (most recent call last):
  File "/home/yqt/XuanyiLi/RL-for-charging/revision_gpu/run_study.py", line 77, in main
    module=importlib.import_module(f'experiment{args.experiment}')
           ^^^^^^^^^^^^^^^^^^^^^^^^^^^^^^^^^^^^^^^^^^^^^^^^^^^^^^^
  File "/home/yqt/.local/share/uv/python/cpython-3.11.15-linux-x86_64-gnu/lib/python3.11/importlib/__init__.py", line 126, in import_module
    return _bootstrap._gcd_import(name[level:], package, level)
           ^^^^^^^^^^^^^^^^^^^^^^^^^^^^^^^^^^^^^^^^^^^^^^^^^^^^
  File "<frozen importlib._bootstrap>", line 1204, in _gcd_import
  File "<frozen importlib._bootstrap>", line 1176, in _find_and_load
  File "<frozen importlib._bootstrap>", line 1147, in _find_and_load_unlocked
  File "<frozen importlib._bootstrap>", line 690, in _load_unlocked
  File "<frozen importlib._bootstrap_external>", line 936, in exec_module
  File "<frozen importlib._bootstrap_external>", line 1074, in get_code
  File "<frozen importlib._bootstrap_external>", line 1004, in source_to_code
  File "<frozen importlib._bootstrap>", line 241, in _call_with_frames_removed
  File "/home/yqt/XuanyiLi/RL-for-charging/revision_gpu/experiment6.py", line 162
    'its initial SOC; preserves per-cell SOC '
IndentationError: unexpected indent
OUTPUT: /home/yqt/XuanyiLi/RL-for-charging/revision_results/experiment_6_gpu_parallel_2500_5seeds_90s/20260928_062825_675597
Traceback (most recent call last):
  File "/home/yqt/XuanyiLi/RL-for-charging/revision_gpu/run_study.py", line 77, in main
    module=importlib.import_module(f'experiment{args.experiment}')
           ^^^^^^^^^^^^^^^^^^^^^^^^^^^^^^^^^^^^^^^^^^^^^^^^^^^^^^^
  File "/home/yqt/.local/share/uv/python/cpython-3.11.15-linux-x86_64-gnu/lib/python3.11/importlib/__init__.py", line 126, in import_module
    return _bootstrap._gcd_import(name[level:], package, level)
           ^^^^^^^^^^^^^^^^^^^^^^^^^^^^^^^^^^^^^^^^^^^^^^^^^^^^
  File "<frozen importlib._bootstrap>", line 1204, in _gcd_import
  File "<frozen importlib._bootstrap>", line 1176, in _find_and_load
  File "<frozen importlib._bootstrap>", line 1147, in _find_and_load_unlocked
  File "<frozen importlib._bootstrap>", line 690, in _load_unlocked
  File "<frozen importlib._bootstrap_external>", line 936, in exec_module
  File "<frozen importlib._bootstrap_external>", line 1074, in get_code
  File "<frozen importlib._bootstrap_external>", line 1004, in source_to_code
  File "<frozen importlib._bootstrap>", line 241, in _call_with_frames_removed
  File "/home/yqt/XuanyiLi/RL-for-charging/revision_gpu/experiment6.py", line 162
    'its initial SOC; preserves per-cell SOC '
IndentationError: unexpected indent
OUTPUT: /home/yqt/XuanyiLi/RL-for-charging/revision_results/experiment_6_gpu_parallel_2500_5seeds_90s/20260928_062825_675597
Traceback (most recent call last):
  File "/home/yqt/XuanyiLi/RL-for-charging/revision_gpu/run_study.py", line 77, in main
    module=importlib.import_module(f'experiment{args.experiment}')
           ^^^^^^^^^^^^^^^^^^^^^^^^^^^^^^^^^^^^^^^^^^^^^^^^^^^^^^^
  File "/home/yqt/.local/share/uv/python/cpython-3.11.15-linux-x86_64-gnu/lib/python3.11/importlib/__init__.py", line 126, in import_module
    return _bootstrap._gcd_import(name[level:], package, level)
           ^^^^^^^^^^^^^^^^^^^^^^^^^^^^^^^^^^^^^^^^^^^^^^^^^^^^
  File "<frozen importlib._bootstrap>", line 1204, in _gcd_import
  File "<frozen importlib._bootstrap>", line 1176, in _find_and_load
  File "<frozen importlib._bootstrap>", line 1147, in _find_and_load_unlocked
  File "<frozen importlib._bootstrap>", line 690, in _load_unlocked
  File "<frozen importlib._bootstrap_external>", line 936, in exec_module
  File "<frozen importlib._bootstrap_external>", line 1074, in get_code
  File "<frozen importlib._bootstrap_external>", line 1004, in source_to_code
  File "<frozen importlib._bootstrap>", line 241, in _call_with_frames_removed
  File "/home/yqt/XuanyiLi/RL-for-charging/revision_gpu/experiment6.py", line 162
    'its initial SOC; preserves per-cell SOC '
IndentationError: unexpected indent
OUTPUT: /home/yqt/XuanyiLi/RL-for-charging/revision_results/experiment_6_gpu_parallel_2500_5seeds_90s/20260928_062825_675597
Traceback (most recent call last):
  File "/home/yqt/XuanyiLi/RL-for-charging/revision_gpu/run_study.py", line 77, in main
    module=importlib.import_module(f'experiment{args.experiment}')
           ^^^^^^^^^^^^^^^^^^^^^^^^^^^^^^^^^^^^^^^^^^^^^^^^^^^^^^^
  File "/home/yqt/.local/share/uv/python/cpython-3.11.15-linux-x86_64-gnu/lib/python3.11/importlib/__init__.py", line 126, in import_module
    return _bootstrap._gcd_import(name[level:], package, level)
           ^^^^^^^^^^^^^^^^^^^^^^^^^^^^^^^^^^^^^^^^^^^^^^^^^^^^
  File "<frozen importlib._bootstrap>", line 1204, in _gcd_import
  File "<frozen importlib._bootstrap>", line 1176, in _find_and_load
  File "<frozen importlib._bootstrap>", line 1147, in _find_and_load_unlocked
  File "<frozen importlib._bootstrap>", line 690, in _load_unlocked
  File "<frozen importlib._bootstrap_external>", line 936, in exec_module
  File "<frozen importlib._bootstrap_external>", line 1074, in get_code
  File "<frozen importlib._bootstrap_external>", line 1004, in source_to_code
  File "<frozen importlib._bootstrap>", line 241, in _call_with_frames_removed
  File "/home/yqt/XuanyiLi/RL-for-charging/revision_gpu/experiment6.py", line 162
    'its initial SOC; preserves per-cell SOC '
IndentationError: unexpected indent
OUTPUT: /home/yqt/XuanyiLi/RL-for-charging/revision_results/experiment_6_gpu_parallel_2500_5seeds_90s/20260928_062825_675597
Traceback (most recent call last):
  File "/home/yqt/XuanyiLi/RL-for-charging/revision_gpu/run_study.py", line 77, in main
    module=importlib.import_module(f'experiment{args.experiment}')
           ^^^^^^^^^^^^^^^^^^^^^^^^^^^^^^^^^^^^^^^^^^^^^^^^^^^^^^^
  File "/home/yqt/.local/share/uv/python/cpython-3.11.15-linux-x86_64-gnu/lib/python3.11/importlib/__init__.py", line 126, in import_module
    return _bootstrap._gcd_import(name[level:], package, level)
           ^^^^^^^^^^^^^^^^^^^^^^^^^^^^^^^^^^^^^^^^^^^^^^^^^^^^
  File "<frozen importlib._bootstrap>", line 1204, in _gcd_import
  File "<frozen importlib._bootstrap>", line 1176, in _find_and_load
  File "<frozen importlib._bootstrap>", line 1147, in _find_and_load_unlocked
  File "<frozen importlib._bootstrap>", line 690, in _load_unlocked
  File "<frozen importlib._bootstrap_external>", line 936, in exec_module
  File "<frozen importlib._bootstrap_external>", line 1074, in get_code
  File "<frozen importlib._bootstrap_external>", line 1004, in source_to_code
  File "<frozen importlib._bootstrap>", line 241, in _call_with_frames_removed
  File "/home/yqt/XuanyiLi/RL-for-charging/revision_gpu/experiment6.py", line 162
    'its initial SOC; preserves per-cell SOC '
IndentationError: unexpected indent
OUTPUT: /home/yqt/XuanyiLi/RL-for-charging/revision_results/experiment_6_gpu_parallel_2500_5seeds_90s/20260928_062825_675597
Traceback (most recent call last):
  File "/home/yqt/XuanyiLi/RL-for-charging/revision_gpu/run_study.py", line 77, in main
    module=importlib.import_module(f'experiment{args.experiment}')
           ^^^^^^^^^^^^^^^^^^^^^^^^^^^^^^^^^^^^^^^^^^^^^^^^^^^^^^^
  File "/home/yqt/.local/share/uv/python/cpython-3.11.15-linux-x86_64-gnu/lib/python3.11/importlib/__init__.py", line 126, in import_module
    return _bootstrap._gcd_import(name[level:], package, level)
           ^^^^^^^^^^^^^^^^^^^^^^^^^^^^^^^^^^^^^^^^^^^^^^^^^^^^
  File "<frozen importlib._bootstrap>", line 1204, in _gcd_import
  File "<frozen importlib._bootstrap>", line 1176, in _find_and_load
  File "<frozen importlib._bootstrap>", line 1147, in _find_and_load_unlocked
  File "<frozen importlib._bootstrap>", line 690, in _load_unlocked
  File "<frozen importlib._bootstrap_external>", line 936, in exec_module
  File "<frozen importlib._bootstrap_external>", line 1074, in get_code
  File "<frozen importlib._bootstrap_external>", line 1004, in source_to_code
  File "<frozen importlib._bootstrap>", line 241, in _call_with_frames_removed
  File "/home/yqt/XuanyiLi/RL-for-charging/revision_gpu/experiment6.py", line 162
    'its initial SOC; preserves per-cell SOC '
IndentationError: unexpected indent
OUTPUT: /home/yqt/XuanyiLi/RL-for-charging/revision_results/experiment_6_gpu_parallel_2500_5seeds_90s/20260928_062825_675597
Traceback (most recent call last):
  File "/home/yqt/XuanyiLi/RL-for-charging/revision_gpu/run_study.py", line 77, in main
    module=importlib.import_module(f'experiment{args.experiment}')
           ^^^^^^^^^^^^^^^^^^^^^^^^^^^^^^^^^^^^^^^^^^^^^^^^^^^^^^^
  File "/home/yqt/.local/share/uv/python/cpython-3.11.15-linux-x86_64-gnu/lib/python3.11/importlib/__init__.py", line 126, in import_module
    return _bootstrap._gcd_import(name[level:], package, level)
           ^^^^^^^^^^^^^^^^^^^^^^^^^^^^^^^^^^^^^^^^^^^^^^^^^^^^
  File "<frozen importlib._bootstrap>", line 1204, in _gcd_import
  File "<frozen importlib._bootstrap>", line 1176, in _find_and_load
  File "<frozen importlib._bootstrap>", line 1147, in _find_and_load_unlocked
  File "<frozen importlib._bootstrap>", line 690, in _load_unlocked
  File "<frozen importlib._bootstrap_external>", line 936, in exec_module
  File "<frozen importlib._bootstrap_external>", line 1074, in get_code
  File "<frozen importlib._bootstrap_external>", line 1004, in source_to_code
  File "<frozen importlib._bootstrap>", line 241, in _call_with_frames_removed
  File "/home/yqt/XuanyiLi/RL-for-charging/revision_gpu/experiment6.py", line 162
    'its initial SOC; preserves per-cell SOC '
IndentationError: unexpected indent
OUTPUT: /home/yqt/XuanyiLi/RL-for-charging/revision_results/experiment_6_gpu_parallel_2500_5seeds_90s/20260928_062825_675597
Traceback (most recent call last):
  File "/home/yqt/XuanyiLi/RL-for-charging/revision_gpu/run_study.py", line 77, in main
    module=importlib.import_module(f'experiment{args.experiment}')
           ^^^^^^^^^^^^^^^^^^^^^^^^^^^^^^^^^^^^^^^^^^^^^^^^^^^^^^^
  File "/home/yqt/.local/share/uv/python/cpython-3.11.15-linux-x86_64-gnu/lib/python3.11/importlib/__init__.py", line 126, in import_module
    return _bootstrap._gcd_import(name[level:], package, level)
           ^^^^^^^^^^^^^^^^^^^^^^^^^^^^^^^^^^^^^^^^^^^^^^^^^^^^
  File "<frozen importlib._bootstrap>", line 1204, in _gcd_import
  File "<frozen importlib._bootstrap>", line 1176, in _find_and_load
  File "<frozen importlib._bootstrap>", line 1147, in _find_and_load_unlocked
  File "<frozen importlib._bootstrap>", line 690, in _load_unlocked
  File "<frozen importlib._bootstrap_external>", line 936, in exec_module
  File "<frozen importlib._bootstrap_external>", line 1074, in get_code
  File "<frozen importlib._bootstrap_external>", line 1004, in source_to_code
  File "<frozen importlib._bootstrap>", line 241, in _call_with_frames_removed
  File "/home/yqt/XuanyiLi/RL-for-charging/revision_gpu/experiment6.py", line 162
    'its initial SOC; preserves per-cell SOC '
IndentationError: unexpected indent
OUTPUT: /home/yqt/XuanyiLi/RL-for-charging/revision_results/experiment_6_gpu_parallel_2500_5seeds_90s/20260928_062825_675597
Traceback (most recent call last):
  File "/home/yqt/XuanyiLi/RL-for-charging/revision_gpu/run_study.py", line 77, in main
    module=importlib.import_module(f'experiment{args.experiment}')
           ^^^^^^^^^^^^^^^^^^^^^^^^^^^^^^^^^^^^^^^^^^^^^^^^^^^^^^^
  File "/home/yqt/.local/share/uv/python/cpython-3.11.15-linux-x86_64-gnu/lib/python3.11/importlib/__init__.py", line 126, in import_module
    return _bootstrap._gcd_import(name[level:], package, level)
           ^^^^^^^^^^^^^^^^^^^^^^^^^^^^^^^^^^^^^^^^^^^^^^^^^^^^
  File "<frozen importlib._bootstrap>", line 1204, in _gcd_import
  File "<frozen importlib._bootstrap>", line 1176, in _find_and_load
  File "<frozen importlib._bootstrap>", line 1147, in _find_and_load_unlocked
  File "<frozen importlib._bootstrap>", line 690, in _load_unlocked
  File "<frozen importlib._bootstrap_external>", line 936, in exec_module
  File "<frozen importlib._bootstrap_external>", line 1074, in get_code
  File "<frozen importlib._bootstrap_external>", line 1004, in source_to_code
  File "<frozen importlib._bootstrap>", line 241, in _call_with_frames_removed
  File "/home/yqt/XuanyiLi/RL-for-charging/revision_gpu/experiment6.py", line 162
    'its initial SOC; preserves per-cell SOC '
IndentationError: unexpected indent
OUTPUT: /home/yqt/XuanyiLi/RL-for-charging/revision_results/experiment_6_gpu_parallel_2500_5seeds_90s/20260928_062825_675597
Traceback (most recent call last):
  File "/home/yqt/XuanyiLi/RL-for-charging/revision_gpu/run_study.py", line 77, in main
    module=importlib.import_module(f'experiment{args.experiment}')
           ^^^^^^^^^^^^^^^^^^^^^^^^^^^^^^^^^^^^^^^^^^^^^^^^^^^^^^^
  File "/home/yqt/.local/share/uv/python/cpython-3.11.15-linux-x86_64-gnu/lib/python3.11/importlib/__init__.py", line 126, in import_module
    return _bootstrap._gcd_import(name[level:], package, level)
           ^^^^^^^^^^^^^^^^^^^^^^^^^^^^^^^^^^^^^^^^^^^^^^^^^^^^
  File "<frozen importlib._bootstrap>", line 1204, in _gcd_import
  File "<frozen importlib._bootstrap>", line 1176, in _find_and_load
  File "<frozen importlib._bootstrap>", line 1147, in _find_and_load_unlocked
  File "<frozen importlib._bootstrap>", line 690, in _load_unlocked
  File "<frozen importlib._bootstrap_external>", line 936, in exec_module
  File "<frozen importlib._bootstrap_external>", line 1074, in get_code
  File "<frozen importlib._bootstrap_external>", line 1004, in source_to_code
  File "<frozen importlib._bootstrap>", line 241, in _call_with_frames_removed
  File "/home/yqt/XuanyiLi/RL-for-charging/revision_gpu/experiment6.py", line 162
    'its initial SOC; preserves per-cell SOC '
IndentationError: unexpected indent
OUTPUT: /home/yqt/XuanyiLi/RL-for-charging/revision_results/experiment_6_gpu_parallel_2500_5seeds_90s/20260928_062825_675597
Traceback (most recent call last):
  File "/home/yqt/XuanyiLi/RL-for-charging/revision_gpu/run_study.py", line 77, in main
    module=importlib.import_module(f'experiment{args.experiment}')
           ^^^^^^^^^^^^^^^^^^^^^^^^^^^^^^^^^^^^^^^^^^^^^^^^^^^^^^^
  File "/home/yqt/.local/share/uv/python/cpython-3.11.15-linux-x86_64-gnu/lib/python3.11/importlib/__init__.py", line 126, in import_module
    return _bootstrap._gcd_import(name[level:], package, level)
           ^^^^^^^^^^^^^^^^^^^^^^^^^^^^^^^^^^^^^^^^^^^^^^^^^^^^
  File "<frozen importlib._bootstrap>", line 1204, in _gcd_import
  File "<frozen importlib._bootstrap>", line 1176, in _find_and_load
  File "<frozen importlib._bootstrap>", line 1147, in _find_and_load_unlocked
  File "<frozen importlib._bootstrap>", line 690, in _load_unlocked
  File "<frozen importlib._bootstrap_external>", line 936, in exec_module
  File "<frozen importlib._bootstrap_external>", line 1074, in get_code
  File "<frozen importlib._bootstrap_external>", line 1004, in source_to_code
  File "<frozen importlib._bootstrap>", line 241, in _call_with_frames_removed
  File "/home/yqt/XuanyiLi/RL-for-charging/revision_gpu/experiment6.py", line 162
    'its initial SOC; preserves per-cell SOC '
IndentationError: unexpected indent
OUTPUT: /home/yqt/XuanyiLi/RL-for-charging/revision_results/experiment_6_gpu_parallel_2500_5seeds_90s/20260928_062825_675597
Traceback (most recent call last):
  File "/home/yqt/XuanyiLi/RL-for-charging/revision_gpu/run_study.py", line 77, in main
    module=importlib.import_module(f'experiment{args.experiment}')
           ^^^^^^^^^^^^^^^^^^^^^^^^^^^^^^^^^^^^^^^^^^^^^^^^^^^^^^^
  File "/home/yqt/.local/share/uv/python/cpython-3.11.15-linux-x86_64-gnu/lib/python3.11/importlib/__init__.py", line 126, in import_module
    return _bootstrap._gcd_import(name[level:], package, level)
           ^^^^^^^^^^^^^^^^^^^^^^^^^^^^^^^^^^^^^^^^^^^^^^^^^^^^
  File "<frozen importlib._bootstrap>", line 1204, in _gcd_import
  File "<frozen importlib._bootstrap>", line 1176, in _find_and_load
  File "<frozen importlib._bootstrap>", line 1147, in _find_and_load_unlocked
  File "<frozen importlib._bootstrap>", line 690, in _load_unlocked
  File "<frozen importlib._bootstrap_external>", line 936, in exec_module
  File "<frozen importlib._bootstrap_external>", line 1074, in get_code
  File "<frozen importlib._bootstrap_external>", line 1004, in source_to_code
  File "<frozen importlib._bootstrap>", line 241, in _call_with_frames_removed
  File "/home/yqt/XuanyiLi/RL-for-charging/revision_gpu/experiment6.py", line 162
    'its initial SOC; preserves per-cell SOC '
IndentationError: unexpected indent
OUTPUT: /home/yqt/XuanyiLi/RL-for-charging/revision_results/experiment_6_gpu_parallel_2500_5seeds_90s/20260928_062825_675597
Traceback (most recent call last):
  File "/home/yqt/XuanyiLi/RL-for-charging/revision_gpu/run_study.py", line 77, in main
    module=importlib.import_module(f'experiment{args.experiment}')
           ^^^^^^^^^^^^^^^^^^^^^^^^^^^^^^^^^^^^^^^^^^^^^^^^^^^^^^^
  File "/home/yqt/.local/share/uv/python/cpython-3.11.15-linux-x86_64-gnu/lib/python3.11/importlib/__init__.py", line 126, in import_module
    return _bootstrap._gcd_import(name[level:], package, level)
           ^^^^^^^^^^^^^^^^^^^^^^^^^^^^^^^^^^^^^^^^^^^^^^^^^^^^
  File "<frozen importlib._bootstrap>", line 1204, in _gcd_import
  File "<frozen importlib._bootstrap>", line 1176, in _find_and_load
  File "<frozen importlib._bootstrap>", line 1147, in _find_and_load_unlocked
  File "<frozen importlib._bootstrap>", line 690, in _load_unlocked
  File "<frozen importlib._bootstrap_external>", line 936, in exec_module
  File "<frozen importlib._bootstrap_external>", line 1074, in get_code
  File "<frozen importlib._bootstrap_external>", line 1004, in source_to_code
  File "<frozen importlib._bootstrap>", line 241, in _call_with_frames_removed
  File "/home/yqt/XuanyiLi/RL-for-charging/revision_gpu/experiment6.py", line 162
    'its initial SOC; preserves per-cell SOC '
IndentationError: unexpected indent
