OUTPUT: /home/yqt/XuanyiLi/RL-for-charging/revision_results/experiment_4_gpu_parallel_2500_5seeds_90s/20260924_175214_871584
LEARNING DEVICE: cuda:0 NVIDIA RTX PRO 6000 Blackwell Server Edition
START JOB 1/40 GPU=GPU-b8a9b253-8713-5d3b-1d65-e007fbdb7588 LOG=/home/yqt/XuanyiLi/RL-for-charging/revision_results/experiment_4_gpu_parallel_2500_5seeds_90s/20260924_175214_871584/parallel_jobs/job_0000/worker.log
START JOB 2/40 GPU=GPU-852c53c7-8b53-1abc-0811-713083167dbe LOG=/home/yqt/XuanyiLi/RL-for-charging/revision_results/experiment_4_gpu_parallel_2500_5seeds_90s/20260924_175214_871584/parallel_jobs/job_0001/worker.log
START JOB 3/40 GPU=GPU-b8a9b253-8713-5d3b-1d65-e007fbdb7588 LOG=/home/yqt/XuanyiLi/RL-for-charging/revision_results/experiment_4_gpu_parallel_2500_5seeds_90s/20260924_175214_871584/parallel_jobs/job_0002/worker.log
START JOB 4/40 GPU=GPU-852c53c7-8b53-1abc-0811-713083167dbe LOG=/home/yqt/XuanyiLi/RL-for-charging/revision_results/experiment_4_gpu_parallel_2500_5seeds_90s/20260924_175214_871584/parallel_jobs/job_0003/worker.log
START JOB 5/40 GPU=GPU-b8a9b253-8713-5d3b-1d65-e007fbdb7588 LOG=/home/yqt/XuanyiLi/RL-for-charging/revision_results/experiment_4_gpu_parallel_2500_5seeds_90s/20260924_175214_871584/parallel_jobs/job_0004/worker.log
START JOB 6/40 GPU=GPU-852c53c7-8b53-1abc-0811-713083167dbe LOG=/home/yqt/XuanyiLi/RL-for-charging/revision_results/experiment_4_gpu_parallel_2500_5seeds_90s/20260924_175214_871584/parallel_jobs/job_0005/worker.log
PARALLEL PROGRESS: 0/40 complete; 6 active
PARALLEL PROGRESS: 0/40 complete; 6 active
PARALLEL PROGRESS: 0/40 complete; 6 active
PARALLEL PROGRESS: 0/40 complete; 6 active
PARALLEL PROGRESS: 0/40 complete; 6 active
PARALLEL PROGRESS: 0/40 complete; 6 active
PARALLEL PROGRESS: 0/40 complete; 6 active
PARALLEL PROGRESS: 0/40 complete; 6 active
PARALLEL PROGRESS: 0/40 complete; 6 active
PARALLEL PROGRESS: 0/40 complete; 6 active
PARALLEL PROGRESS: 0/40 complete; 6 active
PARALLEL PROGRESS: 0/40 complete; 6 active
PARALLEL PROGRESS: 0/40 complete; 6 active
PARALLEL PROGRESS: 0/40 complete; 6 active
PARALLEL PROGRESS: 0/40 complete; 6 active
PARALLEL PROGRESS: 0/40 complete; 6 active
PARALLEL PROGRESS: 0/40 complete; 6 active
PARALLEL PROGRESS: 0/40 complete; 6 active
PARALLEL PROGRESS: 0/40 complete; 6 active
PARALLEL PROGRESS: 0/40 complete; 6 active
PARALLEL PROGRESS: 0/40 complete; 6 active
PARALLEL PROGRESS: 0/40 complete; 6 active
PARALLEL PROGRESS: 0/40 complete; 6 active
PARALLEL PROGRESS: 0/40 complete; 6 active
PARALLEL PROGRESS: 0/40 complete; 6 active
PARALLEL PROGRESS: 0/40 complete; 6 active
PARALLEL PROGRESS: 0/40 complete; 6 active
PARALLEL PROGRESS: 0/40 complete; 6 active
PARALLEL PROGRESS: 0/40 complete; 6 active
PARALLEL PROGRESS: 0/40 complete; 6 active
PARALLEL PROGRESS: 0/40 complete; 6 active
PARALLEL PROGRESS: 0/40 complete; 6 active
PARALLEL PROGRESS: 0/40 complete; 6 active
PARALLEL PROGRESS: 0/40 complete; 6 active
PARALLEL PROGRESS: 0/40 complete; 6 active
PARALLEL PROGRESS: 0/40 complete; 6 active
PARALLEL PROGRESS: 0/40 complete; 6 active
PARALLEL PROGRESS: 0/40 complete; 6 active
PARALLEL PROGRESS: 0/40 complete; 6 active
PARALLEL PROGRESS: 0/40 complete; 6 active
PARALLEL PROGRESS: 0/40 complete; 6 active
PARALLEL PROGRESS: 0/40 complete; 6 active
PARALLEL PROGRESS: 0/40 complete; 6 active
PARALLEL PROGRESS: 0/40 complete; 6 active
PARALLEL PROGRESS: 0/40 complete; 6 active
PARALLEL PROGRESS: 0/40 complete; 6 active
PARALLEL PROGRESS: 0/40 complete; 6 active
PARALLEL PROGRESS: 0/40 complete; 6 active
PARALLEL PROGRESS: 0/40 complete; 6 active
PARALLEL PROGRESS: 0/40 complete; 6 active
PARALLEL PROGRESS: 0/40 complete; 6 active
PARALLEL PROGRESS: 0/40 complete; 6 active
PARALLEL PROGRESS: 0/40 complete; 6 active
PARALLEL PROGRESS: 0/40 complete; 6 active
PARALLEL PROGRESS: 0/40 complete; 6 active
PARALLEL PROGRESS: 0/40 complete; 6 active
PARALLEL PROGRESS: 0/40 complete; 6 active
PARALLEL PROGRESS: 0/40 complete; 6 active
PARALLEL PROGRESS: 0/40 complete; 6 active
PARALLEL PROGRESS: 0/40 complete; 6 active
PARALLEL PROGRESS: 0/40 complete; 6 active
PARALLEL PROGRESS: 0/40 complete; 6 active
PARALLEL PROGRESS: 0/40 complete; 6 active
PARALLEL PROGRESS: 0/40 complete; 6 active
PARALLEL PROGRESS: 0/40 complete; 6 active
PARALLEL PROGRESS: 0/40 complete; 6 active
PARALLEL PROGRESS: 0/40 complete; 6 active
PARALLEL PROGRESS: 0/40 complete; 6 active
PARALLEL PROGRESS: 0/40 complete; 6 active
PARALLEL PROGRESS: 0/40 complete; 6 active
PARALLEL PROGRESS: 0/40 complete; 6 active
PARALLEL PROGRESS: 0/40 complete; 6 active
PARALLEL PROGRESS: 0/40 complete; 6 active
PARALLEL PROGRESS: 0/40 complete; 6 active
PARALLEL PROGRESS: 0/40 complete; 6 active
PARALLEL PROGRESS: 0/40 complete; 6 active
PARALLEL PROGRESS: 0/40 complete; 6 active
PARALLEL PROGRESS: 0/40 complete; 6 active
PARALLEL PROGRESS: 0/40 complete; 6 active
PARALLEL PROGRESS: 0/40 complete; 6 active
PARALLEL PROGRESS: 0/40 complete; 6 active
PARALLEL PROGRESS: 0/40 complete; 6 active
PARALLEL PROGRESS: 0/40 complete; 6 active
PARALLEL PROGRESS: 0/40 complete; 6 active
PARALLEL PROGRESS: 0/40 complete; 6 active
PARALLEL PROGRESS: 0/40 complete; 6 active
PARALLEL PROGRESS: 0/40 complete; 6 active
PARALLEL PROGRESS: 0/40 complete; 6 active
PARALLEL PROGRESS: 0/40 complete; 6 active
PARALLEL PROGRESS: 0/40 complete; 6 active
PARALLEL PROGRESS: 0/40 complete; 6 active
PARALLEL PROGRESS: 0/40 complete; 6 active
PARALLEL PROGRESS: 0/40 complete; 6 active
PARALLEL PROGRESS: 0/40 complete; 6 active
PARALLEL PROGRESS: 0/40 complete; 6 active
PARALLEL PROGRESS: 0/40 complete; 6 active
PARALLEL PROGRESS: 0/40 complete; 6 active
PARALLEL PROGRESS: 0/40 complete; 6 active
PARALLEL PROGRESS: 0/40 complete; 6 active
PARALLEL PROGRESS: 0/40 complete; 6 active
PARALLEL PROGRESS: 0/40 complete; 6 active
PARALLEL PROGRESS: 0/40 complete; 6 active
PARALLEL PROGRESS: 0/40 complete; 6 active
PARALLEL PROGRESS: 0/40 complete; 6 active
PARALLEL PROGRESS: 0/40 complete; 6 active
PARALLEL PROGRESS: 0/40 complete; 6 active
PARALLEL PROGRESS: 0/40 complete; 6 active
PARALLEL PROGRESS: 0/40 complete; 6 active
PARALLEL PROGRESS: 0/40 complete; 6 active
PARALLEL PROGRESS: 0/40 complete; 6 active
PARALLEL PROGRESS: 0/40 complete; 6 active
PARALLEL PROGRESS: 0/40 complete; 6 active
PARALLEL PROGRESS: 0/40 complete; 6 active
PARALLEL PROGRESS: 0/40 complete; 6 active
PARALLEL PROGRESS: 0/40 complete; 6 active
PARALLEL PROGRESS: 0/40 complete; 6 active
PARALLEL PROGRESS: 0/40 complete; 6 active
PARALLEL PROGRESS: 0/40 complete; 6 active
PARALLEL PROGRESS: 0/40 complete; 6 active
PARALLEL PROGRESS: 0/40 complete; 6 active
PARALLEL PROGRESS: 0/40 complete; 6 active
PARALLEL PROGRESS: 0/40 complete; 6 active
PARALLEL PROGRESS: 0/40 complete; 6 active
PARALLEL PROGRESS: 0/40 complete; 6 active
PARALLEL PROGRESS: 0/40 complete; 6 active
PARALLEL PROGRESS: 0/40 complete; 6 active
PARALLEL PROGRESS: 0/40 complete; 6 active
PARALLEL PROGRESS: 0/40 complete; 6 active
PARALLEL PROGRESS: 0/40 complete; 6 active
PARALLEL PROGRESS: 0/40 complete; 6 active
PARALLEL PROGRESS: 0/40 complete; 6 active
PARALLEL PROGRESS: 0/40 complete; 6 active
PARALLEL PROGRESS: 0/40 complete; 6 active
PARALLEL PROGRESS: 0/40 complete; 6 active
PARALLEL PROGRESS: 0/40 complete; 6 active
PARALLEL PROGRESS: 0/40 complete; 6 active
PARALLEL PROGRESS: 0/40 complete; 6 active
PARALLEL PROGRESS: 0/40 complete; 6 active
PARALLEL PROGRESS: 0/40 complete; 6 active
PARALLEL PROGRESS: 0/40 complete; 6 active
PARALLEL PROGRESS: 0/40 complete; 6 active
PARALLEL PROGRESS: 0/40 complete; 6 active
PARALLEL PROGRESS: 0/40 complete; 6 active
PARALLEL PROGRESS: 0/40 complete; 6 active
PARALLEL PROGRESS: 0/40 complete; 6 active
PARALLEL PROGRESS: 0/40 complete; 6 active
PARALLEL PROGRESS: 0/40 complete; 6 active
PARALLEL PROGRESS: 0/40 complete; 6 active
PARALLEL PROGRESS: 0/40 complete; 6 active
PARALLEL PROGRESS: 0/40 complete; 6 active
PARALLEL PROGRESS: 0/40 complete; 6 active
PARALLEL PROGRESS: 0/40 complete; 6 active
PARALLEL PROGRESS: 0/40 complete; 6 active
PARALLEL PROGRESS: 0/40 complete; 6 active
PARALLEL PROGRESS: 0/40 complete; 6 active
PARALLEL PROGRESS: 0/40 complete; 6 active
PARALLEL PROGRESS: 0/40 complete; 6 active
PARALLEL PROGRESS: 0/40 complete; 6 active
PARALLEL PROGRESS: 0/40 complete; 6 active
PARALLEL PROGRESS: 0/40 complete; 6 active
PARALLEL PROGRESS: 0/40 complete; 6 active
PARALLEL PROGRESS: 0/40 complete; 6 active
PARALLEL PROGRESS: 0/40 complete; 6 active
PARALLEL PROGRESS: 0/40 complete; 6 active
PARALLEL PROGRESS: 0/40 complete; 6 active
PARALLEL PROGRESS: 0/40 complete; 6 active
PARALLEL PROGRESS: 0/40 complete; 6 active
PARALLEL PROGRESS: 0/40 complete; 6 active
PARALLEL PROGRESS: 0/40 complete; 6 active
PARALLEL PROGRESS: 0/40 complete; 6 active
PARALLEL PROGRESS: 0/40 complete; 6 active
PARALLEL PROGRESS: 0/40 complete; 6 active
PARALLEL PROGRESS: 0/40 complete; 6 active
PARALLEL PROGRESS: 0/40 complete; 6 active
PARALLEL PROGRESS: 0/40 complete; 6 active
PARALLEL PROGRESS: 0/40 complete; 6 active
PARALLEL PROGRESS: 0/40 complete; 6 active
PARALLEL PROGRESS: 0/40 complete; 6 active
PARALLEL PROGRESS: 0/40 complete; 6 active
PARALLEL PROGRESS: 0/40 complete; 6 active
PARALLEL PROGRESS: 0/40 complete; 6 active
PARALLEL PROGRESS: 0/40 complete; 6 active
PARALLEL PROGRESS: 0/40 complete; 6 active
PARALLEL PROGRESS: 0/40 complete; 6 active
PARALLEL PROGRESS: 0/40 complete; 6 active
PARALLEL PROGRESS: 0/40 complete; 6 active
PARALLEL PROGRESS: 0/40 complete; 6 active
PARALLEL PROGRESS: 0/40 complete; 6 active
PARALLEL PROGRESS: 0/40 complete; 6 active
PARALLEL PROGRESS: 0/40 complete; 6 active
PARALLEL PROGRESS: 0/40 complete; 6 active
PARALLEL PROGRESS: 0/40 complete; 6 active
PARALLEL PROGRESS: 0/40 complete; 6 active
PARALLEL PROGRESS: 0/40 complete; 6 active
PARALLEL PROGRESS: 0/40 complete; 6 active
PARALLEL PROGRESS: 0/40 complete; 6 active
PARALLEL PROGRESS: 0/40 complete; 6 active
PARALLEL PROGRESS: 0/40 complete; 6 active
PARALLEL PROGRESS: 0/40 complete; 6 active
PARALLEL PROGRESS: 0/40 complete; 6 active
PARALLEL PROGRESS: 0/40 complete; 6 active
PARALLEL PROGRESS: 0/40 complete; 6 active
PARALLEL PROGRESS: 0/40 complete; 6 active
PARALLEL PROGRESS: 0/40 complete; 6 active
PARALLEL PROGRESS: 0/40 complete; 6 active
PARALLEL PROGRESS: 0/40 complete; 6 active
PARALLEL PROGRESS: 0/40 complete; 6 active
PARALLEL PROGRESS: 0/40 complete; 6 active
PARALLEL PROGRESS: 0/40 complete; 6 active
PARALLEL PROGRESS: 0/40 complete; 6 active
PARALLEL PROGRESS: 0/40 complete; 6 active
PARALLEL PROGRESS: 0/40 complete; 6 active
PARALLEL PROGRESS: 0/40 complete; 6 active
PARALLEL PROGRESS: 0/40 complete; 6 active
PARALLEL PROGRESS: 0/40 complete; 6 active
FINISH JOB 5/40 (1 complete)
START JOB 7/40 GPU=GPU-b8a9b253-8713-5d3b-1d65-e007fbdb7588 LOG=/home/yqt/XuanyiLi/RL-for-charging/revision_results/experiment_4_gpu_parallel_2500_5seeds_90s/20260924_175214_871584/parallel_jobs/job_0006/worker.log
PARALLEL PROGRESS: 1/40 complete; 6 active
PARALLEL PROGRESS: 1/40 complete; 6 active
PARALLEL PROGRESS: 1/40 complete; 6 active
PARALLEL PROGRESS: 1/40 complete; 6 active
PARALLEL PROGRESS: 1/40 complete; 6 active
PARALLEL PROGRESS: 1/40 complete; 6 active
PARALLEL PROGRESS: 1/40 complete; 6 active
PARALLEL PROGRESS: 1/40 complete; 6 active
PARALLEL PROGRESS: 1/40 complete; 6 active
PARALLEL PROGRESS: 1/40 complete; 6 active
PARALLEL PROGRESS: 1/40 complete; 6 active
PARALLEL PROGRESS: 1/40 complete; 6 active
FINISH JOB 4/40 (2 complete)
START JOB 8/40 GPU=GPU-852c53c7-8b53-1abc-0811-713083167dbe LOG=/home/yqt/XuanyiLi/RL-for-charging/revision_results/experiment_4_gpu_parallel_2500_5seeds_90s/20260924_175214_871584/parallel_jobs/job_0007/worker.log
PARALLEL PROGRESS: 2/40 complete; 6 active
PARALLEL PROGRESS: 2/40 complete; 6 active
PARALLEL PROGRESS: 2/40 complete; 6 active
FINISH JOB 1/40 (3 complete)
START JOB 9/40 GPU=GPU-b8a9b253-8713-5d3b-1d65-e007fbdb7588 LOG=/home/yqt/XuanyiLi/RL-for-charging/revision_results/experiment_4_gpu_parallel_2500_5seeds_90s/20260924_175214_871584/parallel_jobs/job_0008/worker.log
PARALLEL PROGRESS: 3/40 complete; 6 active
PARALLEL PROGRESS: 3/40 complete; 6 active
PARALLEL PROGRESS: 3/40 complete; 6 active
PARALLEL PROGRESS: 3/40 complete; 6 active
PARALLEL PROGRESS: 3/40 complete; 6 active
PARALLEL PROGRESS: 3/40 complete; 6 active
PARALLEL PROGRESS: 3/40 complete; 6 active
PARALLEL PROGRESS: 3/40 complete; 6 active
PARALLEL PROGRESS: 3/40 complete; 6 active
PARALLEL PROGRESS: 3/40 complete; 6 active
PARALLEL PROGRESS: 3/40 complete; 6 active
PARALLEL PROGRESS: 3/40 complete; 6 active
FINISH JOB 2/40 (4 complete)
START JOB 10/40 GPU=GPU-852c53c7-8b53-1abc-0811-713083167dbe LOG=/home/yqt/XuanyiLi/RL-for-charging/revision_results/experiment_4_gpu_parallel_2500_5seeds_90s/20260924_175214_871584/parallel_jobs/job_0009/worker.log
PARALLEL PROGRESS: 4/40 complete; 6 active
PARALLEL PROGRESS: 4/40 complete; 6 active
PARALLEL PROGRESS: 4/40 complete; 6 active
PARALLEL PROGRESS: 4/40 complete; 6 active
PARALLEL PROGRESS: 4/40 complete; 6 active
PARALLEL PROGRESS: 4/40 complete; 6 active
PARALLEL PROGRESS: 4/40 complete; 6 active
PARALLEL PROGRESS: 4/40 complete; 6 active
PARALLEL PROGRESS: 4/40 complete; 6 active
PARALLEL PROGRESS: 4/40 complete; 6 active
PARALLEL PROGRESS: 4/40 complete; 6 active
PARALLEL PROGRESS: 4/40 complete; 6 active
PARALLEL PROGRESS: 4/40 complete; 6 active
PARALLEL PROGRESS: 4/40 complete; 6 active
PARALLEL PROGRESS: 4/40 complete; 6 active
FINISH JOB 3/40 (5 complete)
START JOB 11/40 GPU=GPU-b8a9b253-8713-5d3b-1d65-e007fbdb7588 LOG=/home/yqt/XuanyiLi/RL-for-charging/revision_results/experiment_4_gpu_parallel_2500_5seeds_90s/20260924_175214_871584/parallel_jobs/job_0010/worker.log
PARALLEL PROGRESS: 5/40 complete; 6 active
PARALLEL PROGRESS: 5/40 complete; 6 active
PARALLEL PROGRESS: 5/40 complete; 6 active
FINISH JOB 6/40 (6 complete)
START JOB 12/40 GPU=GPU-852c53c7-8b53-1abc-0811-713083167dbe LOG=/home/yqt/XuanyiLi/RL-for-charging/revision_results/experiment_4_gpu_parallel_2500_5seeds_90s/20260924_175214_871584/parallel_jobs/job_0011/worker.log
PARALLEL PROGRESS: 6/40 complete; 6 active
PARALLEL PROGRESS: 6/40 complete; 6 active
PARALLEL PROGRESS: 6/40 complete; 6 active
PARALLEL PROGRESS: 6/40 complete; 6 active
PARALLEL PROGRESS: 6/40 complete; 6 active
PARALLEL PROGRESS: 6/40 complete; 6 active
PARALLEL PROGRESS: 6/40 complete; 6 active
PARALLEL PROGRESS: 6/40 complete; 6 active
PARALLEL PROGRESS: 6/40 complete; 6 active
PARALLEL PROGRESS: 6/40 complete; 6 active
PARALLEL PROGRESS: 6/40 complete; 6 active
PARALLEL PROGRESS: 6/40 complete; 6 active
PARALLEL PROGRESS: 6/40 complete; 6 active
PARALLEL PROGRESS: 6/40 complete; 6 active
PARALLEL PROGRESS: 6/40 complete; 6 active
PARALLEL PROGRESS: 6/40 complete; 6 active
PARALLEL PROGRESS: 6/40 complete; 6 active
PARALLEL PROGRESS: 6/40 complete; 6 active
PARALLEL PROGRESS: 6/40 complete; 6 active
PARALLEL PROGRESS: 6/40 complete; 6 active
PARALLEL PROGRESS: 6/40 complete; 6 active
PARALLEL PROGRESS: 6/40 complete; 6 active
PARALLEL PROGRESS: 6/40 complete; 6 active
PARALLEL PROGRESS: 6/40 complete; 6 active
PARALLEL PROGRESS: 6/40 complete; 6 active
PARALLEL PROGRESS: 6/40 complete; 6 active
PARALLEL PROGRESS: 6/40 complete; 6 active
PARALLEL PROGRESS: 6/40 complete; 6 active
PARALLEL PROGRESS: 6/40 complete; 6 active
PARALLEL PROGRESS: 6/40 complete; 6 active
PARALLEL PROGRESS: 6/40 complete; 6 active
PARALLEL PROGRESS: 6/40 complete; 6 active
PARALLEL PROGRESS: 6/40 complete; 6 active
PARALLEL PROGRESS: 6/40 complete; 6 active
PARALLEL PROGRESS: 6/40 complete; 6 active
PARALLEL PROGRESS: 6/40 complete; 6 active
PARALLEL PROGRESS: 6/40 complete; 6 active
PARALLEL PROGRESS: 6/40 complete; 6 active
PARALLEL PROGRESS: 6/40 complete; 6 active
PARALLEL PROGRESS: 6/40 complete; 6 active
PARALLEL PROGRESS: 6/40 complete; 6 active
PARALLEL PROGRESS: 6/40 complete; 6 active
PARALLEL PROGRESS: 6/40 complete; 6 active
PARALLEL PROGRESS: 6/40 complete; 6 active
PARALLEL PROGRESS: 6/40 complete; 6 active
PARALLEL PROGRESS: 6/40 complete; 6 active
PARALLEL PROGRESS: 6/40 complete; 6 active
PARALLEL PROGRESS: 6/40 complete; 6 active
PARALLEL PROGRESS: 6/40 complete; 6 active
PARALLEL PROGRESS: 6/40 complete; 6 active
PARALLEL PROGRESS: 6/40 complete; 6 active
PARALLEL PROGRESS: 6/40 complete; 6 active
PARALLEL PROGRESS: 6/40 complete; 6 active
PARALLEL PROGRESS: 6/40 complete; 6 active
PARALLEL PROGRESS: 6/40 complete; 6 active
PARALLEL PROGRESS: 6/40 complete; 6 active
PARALLEL PROGRESS: 6/40 complete; 6 active
PARALLEL PROGRESS: 6/40 complete; 6 active
PARALLEL PROGRESS: 6/40 complete; 6 active
PARALLEL PROGRESS: 6/40 complete; 6 active
PARALLEL PROGRESS: 6/40 complete; 6 active
PARALLEL PROGRESS: 6/40 complete; 6 active
PARALLEL PROGRESS: 6/40 complete; 6 active
PARALLEL PROGRESS: 6/40 complete; 6 active
PARALLEL PROGRESS: 6/40 complete; 6 active
PARALLEL PROGRESS: 6/40 complete; 6 active
PARALLEL PROGRESS: 6/40 complete; 6 active
PARALLEL PROGRESS: 6/40 complete; 6 active
PARALLEL PROGRESS: 6/40 complete; 6 active
PARALLEL PROGRESS: 6/40 complete; 6 active
PARALLEL PROGRESS: 6/40 complete; 6 active
PARALLEL PROGRESS: 6/40 complete; 6 active
PARALLEL PROGRESS: 6/40 complete; 6 active
PARALLEL PROGRESS: 6/40 complete; 6 active
PARALLEL PROGRESS: 6/40 complete; 6 active
PARALLEL PROGRESS: 6/40 complete; 6 active
PARALLEL PROGRESS: 6/40 complete; 6 active
PARALLEL PROGRESS: 6/40 complete; 6 active
PARALLEL PROGRESS: 6/40 complete; 6 active
PARALLEL PROGRESS: 6/40 complete; 6 active
PARALLEL PROGRESS: 6/40 complete; 6 active
PARALLEL PROGRESS: 6/40 complete; 6 active
PARALLEL PROGRESS: 6/40 complete; 6 active
PARALLEL PROGRESS: 6/40 complete; 6 active
PARALLEL PROGRESS: 6/40 complete; 6 active
PARALLEL PROGRESS: 6/40 complete; 6 active
PARALLEL PROGRESS: 6/40 complete; 6 active
PARALLEL PROGRESS: 6/40 complete; 6 active
PARALLEL PROGRESS: 6/40 complete; 6 active
PARALLEL PROGRESS: 6/40 complete; 6 active
PARALLEL PROGRESS: 6/40 complete; 6 active
PARALLEL PROGRESS: 6/40 complete; 6 active
PARALLEL PROGRESS: 6/40 complete; 6 active
PARALLEL PROGRESS: 6/40 complete; 6 active
PARALLEL PROGRESS: 6/40 complete; 6 active
PARALLEL PROGRESS: 6/40 complete; 6 active
PARALLEL PROGRESS: 6/40 complete; 6 active
PARALLEL PROGRESS: 6/40 complete; 6 active
PARALLEL PROGRESS: 6/40 complete; 6 active
PARALLEL PROGRESS: 6/40 complete; 6 active
PARALLEL PROGRESS: 6/40 complete; 6 active
PARALLEL PROGRESS: 6/40 complete; 6 active
PARALLEL PROGRESS: 6/40 complete; 6 active
PARALLEL PROGRESS: 6/40 complete; 6 active
PARALLEL PROGRESS: 6/40 complete; 6 active
PARALLEL PROGRESS: 6/40 complete; 6 active
PARALLEL PROGRESS: 6/40 complete; 6 active
PARALLEL PROGRESS: 6/40 complete; 6 active
PARALLEL PROGRESS: 6/40 complete; 6 active
PARALLEL PROGRESS: 6/40 complete; 6 active
PARALLEL PROGRESS: 6/40 complete; 6 active
PARALLEL PROGRESS: 6/40 complete; 6 active
PARALLEL PROGRESS: 6/40 complete; 6 active
PARALLEL PROGRESS: 6/40 complete; 6 active
PARALLEL PROGRESS: 6/40 complete; 6 active
PARALLEL PROGRESS: 6/40 complete; 6 active
PARALLEL PROGRESS: 6/40 complete; 6 active
PARALLEL PROGRESS: 6/40 complete; 6 active
PARALLEL PROGRESS: 6/40 complete; 6 active
PARALLEL PROGRESS: 6/40 complete; 6 active
PARALLEL PROGRESS: 6/40 complete; 6 active
PARALLEL PROGRESS: 6/40 complete; 6 active
PARALLEL PROGRESS: 6/40 complete; 6 active
PARALLEL PROGRESS: 6/40 complete; 6 active
PARALLEL PROGRESS: 6/40 complete; 6 active
PARALLEL PROGRESS: 6/40 complete; 6 active
PARALLEL PROGRESS: 6/40 complete; 6 active
PARALLEL PROGRESS: 6/40 complete; 6 active
PARALLEL PROGRESS: 6/40 complete; 6 active
PARALLEL PROGRESS: 6/40 complete; 6 active
PARALLEL PROGRESS: 6/40 complete; 6 active
PARALLEL PROGRESS: 6/40 complete; 6 active
PARALLEL PROGRESS: 6/40 complete; 6 active
PARALLEL PROGRESS: 6/40 complete; 6 active
PARALLEL PROGRESS: 6/40 complete; 6 active
PARALLEL PROGRESS: 6/40 complete; 6 active
PARALLEL PROGRESS: 6/40 complete; 6 active
PARALLEL PROGRESS: 6/40 complete; 6 active
PARALLEL PROGRESS: 6/40 complete; 6 active
PARALLEL PROGRESS: 6/40 complete; 6 active
PARALLEL PROGRESS: 6/40 complete; 6 active
PARALLEL PROGRESS: 6/40 complete; 6 active
PARALLEL PROGRESS: 6/40 complete; 6 active
PARALLEL PROGRESS: 6/40 complete; 6 active
PARALLEL PROGRESS: 6/40 complete; 6 active
PARALLEL PROGRESS: 6/40 complete; 6 active
PARALLEL PROGRESS: 6/40 complete; 6 active
PARALLEL PROGRESS: 6/40 complete; 6 active
PARALLEL PROGRESS: 6/40 complete; 6 active
PARALLEL PROGRESS: 6/40 complete; 6 active
PARALLEL PROGRESS: 6/40 complete; 6 active
PARALLEL PROGRESS: 6/40 complete; 6 active
PARALLEL PROGRESS: 6/40 complete; 6 active
PARALLEL PROGRESS: 6/40 complete; 6 active
PARALLEL PROGRESS: 6/40 complete; 6 active
PARALLEL PROGRESS: 6/40 complete; 6 active
PARALLEL PROGRESS: 6/40 complete; 6 active
PARALLEL PROGRESS: 6/40 complete; 6 active
PARALLEL PROGRESS: 6/40 complete; 6 active
PARALLEL PROGRESS: 6/40 complete; 6 active
PARALLEL PROGRESS: 6/40 complete; 6 active
PARALLEL PROGRESS: 6/40 complete; 6 active
PARALLEL PROGRESS: 6/40 complete; 6 active
PARALLEL PROGRESS: 6/40 complete; 6 active
PARALLEL PROGRESS: 6/40 complete; 6 active
PARALLEL PROGRESS: 6/40 complete; 6 active
PARALLEL PROGRESS: 6/40 complete; 6 active
PARALLEL PROGRESS: 6/40 complete; 6 active
PARALLEL PROGRESS: 6/40 complete; 6 active
PARALLEL PROGRESS: 6/40 complete; 6 active
PARALLEL PROGRESS: 6/40 complete; 6 active
PARALLEL PROGRESS: 6/40 complete; 6 active
PARALLEL PROGRESS: 6/40 complete; 6 active
PARALLEL PROGRESS: 6/40 complete; 6 active
PARALLEL PROGRESS: 6/40 complete; 6 active
PARALLEL PROGRESS: 6/40 complete; 6 active
PARALLEL PROGRESS: 6/40 complete; 6 active
PARALLEL PROGRESS: 6/40 complete; 6 active
PARALLEL PROGRESS: 6/40 complete; 6 active
PARALLEL PROGRESS: 6/40 complete; 6 active
PARALLEL PROGRESS: 6/40 complete; 6 active
PARALLEL PROGRESS: 6/40 complete; 6 active
FINISH JOB 8/40 (7 complete)
START JOB 13/40 GPU=GPU-852c53c7-8b53-1abc-0811-713083167dbe LOG=/home/yqt/XuanyiLi/RL-for-charging/revision_results/experiment_4_gpu_parallel_2500_5seeds_90s/20260924_175214_871584/parallel_jobs/job_0012/worker.log
PARALLEL PROGRESS: 7/40 complete; 6 active
PARALLEL PROGRESS: 7/40 complete; 6 active
PARALLEL PROGRESS: 7/40 complete; 6 active
PARALLEL PROGRESS: 7/40 complete; 6 active
